# config=q2-4-8 mode=realtime makevars={'QUANTA': '2 4 8'}
mlfqexp single 5
CONFIG policy=MLFQ quanta=2,4,8 aging=50 tick_us=10000 ncpu=1
BEGIN exp=single rep=1 driver=4
JOB exp=single rep=1 name=cpu pid=5 arrive=0 first=142 end=501327 cpu=500675 wait=651 sleep=0 response=142 turnaround=501327 maxwait=142 dispatch=8 expire=7 preempt=0 nsleep=0 demote=2 promote=0 prio=2 q0=20211 q1=40842 q2=439621
EV rep=1 t=2 pid=5 type=S from=1 to=3 prio=0
EV rep=1 t=104 pid=4 type=S from=4 to=2 prio=0
EV rep=1 t=143 pid=5 type=S from=3 to=4 prio=0
EV rep=1 t=20357 pid=5 type=L from=0 to=1 prio=0
EV rep=1 t=20363 pid=5 type=S from=4 to=3 prio=1
EV rep=1 t=20432 pid=5 type=S from=3 to=4 prio=1
EV rep=1 t=61296 pid=5 type=L from=1 to=2 prio=1
EV rep=1 t=61306 pid=5 type=S from=4 to=3 prio=2
EV rep=1 t=61415 pid=5 type=S from=3 to=4 prio=2
EV rep=1 t=142821 pid=5 type=S from=4 to=3 prio=2
EV rep=1 t=142889 pid=5 type=S from=3 to=4 prio=2
EV rep=1 t=224404 pid=5 type=S from=4 to=3 prio=2
EV rep=1 t=224450 pid=5 type=S from=3 to=4 prio=2
EV rep=1 t=306263 pid=5 type=S from=4 to=3 prio=2
EV rep=1 t=306334 pid=5 type=S from=3 to=4 prio=2
EV rep=1 t=388010 pid=5 type=S from=4 to=3 prio=2
EV rep=1 t=388081 pid=5 type=S from=3 to=4 prio=2
EV rep=1 t=470351 pid=5 type=S from=4 to=3 prio=2
EV rep=1 t=470421 pid=5 type=S from=3 to=4 prio=2
EV rep=1 t=501245 pid=4 type=S from=2 to=3 prio=0
EV rep=1 t=501345 pid=5 type=S from=4 to=5 prio=2
EV rep=1 t=501453 pid=4 type=S from=3 to=4 prio=0
EV rep=1 t=504312 pid=3 type=S from=2 to=3 prio=0
EV rep=1 t=504864 pid=4 type=S from=4 to=5 prio=0
EV rep=1 t=504943 pid=3 type=S from=3 to=4 prio=0
END exp=single rep=1
BEGIN exp=single rep=2 driver=6
JOB exp=single rep=2 name=cpu pid=7 arrive=0 first=269 end=501101 cpu=500248 wait=851 sleep=0 response=269 turnaround=501101 maxwait=269 dispatch=8 expire=7 preempt=0 nsleep=0 demote=2 promote=0 prio=2 q0=18891 q1=40814 q2=440542
END exp=single rep=2
BEGIN exp=single rep=3 driver=8
JOB exp=single rep=3 name=cpu pid=9 arrive=0 first=255 end=501051 cpu=500310 wait=741 sleep=0 response=255 turnaround=501051 maxwait=255 dispatch=8 expire=7 preempt=0 nsleep=0 demote=2 promote=0 prio=2 q0=18212 q1=40845 q2=441252
END exp=single rep=3
BEGIN exp=single rep=4 driver=10
JOB exp=single rep=4 name=cpu pid=11 arrive=0 first=171 end=501098 cpu=500319 wait=779 sleep=0 response=171 turnaround=501098 maxwait=171 dispatch=8 expire=7 preempt=0 nsleep=0 demote=2 promote=0 prio=2 q0=19104 q1=40699 q2=440515
END exp=single rep=4
BEGIN exp=single rep=5 driver=12
JOB exp=single rep=5 name=cpu pid=13 arrive=0 first=137 end=500851 cpu=500225 wait=625 sleep=0 response=137 turnaround=500851 maxwait=137 dispatch=8 expire=7 preempt=0 nsleep=0 demote=2 promote=0 prio=2 q0=19156 q1=41122 q2=439946
END exp=single rep=5
mlfqexp multi 5
CONFIG policy=MLFQ quanta=2,4,8 aging=50 tick_us=10000 ncpu=1
BEGIN exp=multi rep=1 driver=15
JOB exp=multi rep=1 name=A pid=16 arrive=0 first=700 end=1177631 cpu=400268 wait=777362 sleep=0 response=700 turnaround=1177631 maxwait=163846 dispatch=7 expire=6 preempt=0 nsleep=0 demote=2 promote=0 prio=2 q0=18521 q1=40652 q2=341094
JOB exp=multi rep=1 name=B pid=17 arrive=311 first=19303 end=1191226 cpu=400272 wait=790642 sleep=0 response=18992 turnaround=1190915 maxwait=163541 dispatch=7 expire=6 preempt=0 nsleep=0 demote=2 promote=0 prio=2 q0=20298 q1=40884 q2=339089
JOB exp=multi rep=1 name=C pid=18 arrive=586 first=39681 end=1204859 cpu=400308 wait=803963 sleep=0 response=39095 turnaround=1204273 maxwait=163695 dispatch=7 expire=6 preempt=0 nsleep=0 demote=2 promote=0 prio=2 q0=20362 q1=40787 q2=339158
EV rep=1 t=2 pid=16 type=S from=1 to=3 prio=0
EV rep=1 t=312 pid=17 type=S from=1 to=3 prio=0
EV rep=1 t=587 pid=18 type=S from=1 to=3 prio=0
EV rep=1 t=646 pid=15 type=S from=4 to=2 prio=0
EV rep=1 t=700 pid=16 type=S from=3 to=4 prio=0
EV rep=1 t=19224 pid=16 type=L from=0 to=1 prio=0
EV rep=1 t=19258 pid=16 type=S from=4 to=3 prio=1
EV rep=1 t=19304 pid=17 type=S from=3 to=4 prio=0
EV rep=1 t=39605 pid=17 type=L from=0 to=1 prio=0
EV rep=1 t=39612 pid=17 type=S from=4 to=3 prio=1
EV rep=1 t=39682 pid=18 type=S from=3 to=4 prio=0
EV rep=1 t=60046 pid=18 type=L from=0 to=1 prio=0
EV rep=1 t=60053 pid=18 type=S from=4 to=3 prio=1
EV rep=1 t=60122 pid=16 type=S from=3 to=4 prio=1
EV rep=1 t=100765 pid=16 type=L from=1 to=2 prio=1
EV rep=1 t=100773 pid=16 type=S from=4 to=3 prio=2
EV rep=1 t=100844 pid=17 type=S from=3 to=4 prio=1
EV rep=1 t=141720 pid=17 type=L from=1 to=2 prio=1
EV rep=1 t=141728 pid=17 type=S from=4 to=3 prio=2
EV rep=1 t=141826 pid=18 type=S from=3 to=4 prio=1
EV rep=1 t=182608 pid=18 type=L from=1 to=2 prio=1
EV rep=1 t=182616 pid=18 type=S from=4 to=3 prio=2
EV rep=1 t=182686 pid=16 type=S from=3 to=4 prio=2
EV rep=1 t=264150 pid=16 type=S from=4 to=3 prio=2
EV rep=1 t=264258 pid=17 type=S from=3 to=4 prio=2
EV rep=1 t=345717 pid=17 type=S from=4 to=3 prio=2
EV rep=1 t=345822 pid=18 type=S from=3 to=4 prio=2
EV rep=1 t=427477 pid=18 type=S from=4 to=3 prio=2
EV rep=1 t=427554 pid=16 type=S from=3 to=4 prio=2
EV rep=1 t=509172 pid=16 type=S from=4 to=3 prio=2
EV rep=1 t=509249 pid=17 type=S from=3 to=4 prio=2
EV rep=1 t=590966 pid=17 type=S from=4 to=3 prio=2
EV rep=1 t=591038 pid=18 type=S from=3 to=4 prio=2
EV rep=1 t=672556 pid=18 type=S from=4 to=3 prio=2
EV rep=1 t=672628 pid=16 type=S from=3 to=4 prio=2
EV rep=1 t=754330 pid=16 type=S from=4 to=3 prio=2
EV rep=1 t=754409 pid=17 type=S from=3 to=4 prio=2
EV rep=1 t=836172 pid=17 type=S from=4 to=3 prio=2
EV rep=1 t=836250 pid=18 type=S from=3 to=4 prio=2
EV rep=1 t=918102 pid=18 type=S from=4 to=3 prio=2
EV rep=1 t=918176 pid=16 type=S from=3 to=4 prio=2
EV rep=1 t=999643 pid=16 type=S from=4 to=3 prio=2
EV rep=1 t=999713 pid=17 type=S from=3 to=4 prio=2
EV rep=1 t=1081208 pid=17 type=S from=4 to=3 prio=2
EV rep=1 t=1081278 pid=18 type=S from=3 to=4 prio=2
EV rep=1 t=1162716 pid=18 type=S from=4 to=3 prio=2
EV rep=1 t=1162795 pid=16 type=S from=3 to=4 prio=2
EV rep=1 t=1177600 pid=15 type=S from=2 to=3 prio=0
EV rep=1 t=1177632 pid=16 type=S from=4 to=5 prio=2
EV rep=1 t=1177674 pid=15 type=S from=3 to=4 prio=0
EV rep=1 t=1178540 pid=15 type=S from=4 to=2 prio=0
EV rep=1 t=1178579 pid=17 type=S from=3 to=4 prio=2
EV rep=1 t=1191194 pid=15 type=S from=2 to=3 prio=0
EV rep=1 t=1191227 pid=17 type=S from=4 to=5 prio=2
EV rep=1 t=1191271 pid=15 type=S from=3 to=4 prio=0
EV rep=1 t=1192127 pid=15 type=S from=4 to=2 prio=0
EV rep=1 t=1192171 pid=18 type=S from=3 to=4 prio=2
EV rep=1 t=1204828 pid=15 type=S from=2 to=3 prio=0
EV rep=1 t=1204860 pid=18 type=S from=4 to=5 prio=2
EV rep=1 t=1204901 pid=15 type=S from=3 to=4 prio=0
EV rep=1 t=1206190 pid=14 type=S from=2 to=3 prio=0
EV rep=1 t=1206375 pid=15 type=S from=4 to=5 prio=0
EV rep=1 t=1206415 pid=14 type=S from=3 to=4 prio=0
END exp=multi rep=1
BEGIN exp=multi rep=2 driver=19
JOB exp=multi rep=2 name=A pid=20 arrive=0 first=668 end=1176013 cpu=400325 wait=775687 sleep=0 response=668 turnaround=1176013 maxwait=163301 dispatch=7 expire=6 preempt=0 nsleep=0 demote=2 promote=0 prio=2 q0=18598 q1=40717 q2=341009
JOB exp=multi rep=2 name=B pid=21 arrive=312 first=19344 end=1190073 cpu=400404 wait=789356 sleep=0 response=19032 turnaround=1189761 maxwait=163213 dispatch=7 expire=6 preempt=0 nsleep=0 demote=2 promote=0 prio=2 q0=20398 q1=40795 q2=339211
JOB exp=multi rep=2 name=C pid=22 arrive=568 first=39837 end=1204924 cpu=400317 wait=804037 sleep=0 response=39269 turnaround=1204356 maxwait=163239 dispatch=7 expire=6 preempt=0 nsleep=0 demote=2 promote=0 prio=2 q0=20285 q1=40716 q2=339315
END exp=multi rep=2
BEGIN exp=multi rep=3 driver=23
JOB exp=multi rep=3 name=A pid=24 arrive=0 first=1278 end=1175875 cpu=400325 wait=775549 sleep=0 response=1278 turnaround=1175875 maxwait=163057 dispatch=7 expire=6 preempt=0 nsleep=0 demote=2 promote=0 prio=2 q0=17358 q1=40908 q2=342059
JOB exp=multi rep=3 name=B pid=25 arrive=599 first=18793 end=1190948 cpu=400339 wait=790009 sleep=0 response=18194 turnaround=1190349 maxwait=163705 dispatch=7 expire=6 preempt=0 nsleep=0 demote=2 promote=0 prio=2 q0=20217 q1=40727 q2=339394
JOB exp=multi rep=3 name=C pid=26 arrive=1073 first=39088 end=1205500 cpu=400310 wait=804116 sleep=0 response=38015 turnaround=1204427 maxwait=163355 dispatch=7 expire=6 preempt=0 nsleep=0 demote=2 promote=0 prio=2 q0=20369 q1=40782 q2=339157
END exp=multi rep=3
BEGIN exp=multi rep=4 driver=27
JOB exp=multi rep=4 name=A pid=28 arrive=0 first=667 end=1177375 cpu=400242 wait=777131 sleep=0 response=667 turnaround=1177375 maxwait=164737 dispatch=7 expire=6 preempt=0 nsleep=0 demote=2 promote=0 prio=2 q0=18501 q1=40652 q2=341089
JOB exp=multi rep=4 name=B pid=29 arrive=308 first=19245 end=1190039 cpu=400234 wait=789496 sleep=0 response=18937 turnaround=1189731 maxwait=163253 dispatch=7 expire=6 preempt=0 nsleep=0 demote=2 promote=0 prio=2 q0=20299 q1=40737 q2=339197
JOB exp=multi rep=4 name=C pid=30 arrive=569 first=39621 end=1204680 cpu=400329 wait=803782 sleep=0 response=39052 turnaround=1204111 maxwait=164599 dispatch=7 expire=6 preempt=0 nsleep=0 demote=2 promote=0 prio=2 q0=20294 q1=40655 q2=339379
END exp=multi rep=4
BEGIN exp=multi rep=5 driver=31
JOB exp=multi rep=5 name=A pid=32 arrive=0 first=1260 end=1180576 cpu=400349 wait=780226 sleep=0 response=1260 turnaround=1180576 maxwait=164995 dispatch=7 expire=6 preempt=0 nsleep=0 demote=2 promote=0 prio=2 q0=17844 q1=40944 q2=341561
JOB exp=multi rep=5 name=B pid=33 arrive=320 first=19183 end=1192138 cpu=400253 wait=791563 sleep=0 response=18863 turnaround=1191818 maxwait=164049 dispatch=7 expire=6 preempt=0 nsleep=0 demote=2 promote=0 prio=2 q0=20513 q1=40960 q2=338779
JOB exp=multi rep=5 name=C pid=34 arrive=894 first=39834 end=1205521 cpu=400377 wait=804249 sleep=0 response=38940 turnaround=1204627 maxwait=164468 dispatch=7 expire=6 preempt=0 nsleep=0 demote=2 promote=0 prio=2 q0=20399 q1=40705 q2=339272
END exp=multi rep=5
mlfqexp mixed 5
CONFIG policy=MLFQ quanta=2,4,8 aging=50 tick_us=10000 ncpu=1
BEGIN exp=mixed rep=1 driver=36
JOB exp=mixed rep=1 name=short1 pid=40 arrive=306159 first=307390 end=340133 cpu=30261 wait=3712 sleep=0 response=1231 turnaround=33974 maxwait=1244 dispatch=3 expire=1 preempt=1 nsleep=0 demote=1 promote=0 prio=1 q0=18797 q1=11463 q2=0
JOB exp=mixed rep=1 name=short2 pid=41 arrive=715116 first=717282 end=749895 cpu=30259 wait=4518 sleep=0 response=2166 turnaround=34779 maxwait=2165 dispatch=3 expire=1 preempt=1 nsleep=0 demote=1 promote=0 prio=1 q0=17828 q1=12431 q2=0
JOB exp=mixed rep=1 name=io pid=39 arrive=612 first=39899 end=1082083 cpu=108246 wait=81014 sleep=892210 response=39287 turnaround=1081471 maxwait=39287 dispatch=101 expire=0 preempt=0 nsleep=100 demote=0 promote=0 prio=0 q0=108246 q1=0 q2=0
JOB exp=mixed rep=1 name=long1 pid=37 arrive=0 first=740 end=2140262 cpu=1000371 wait=1139889 sleep=0 response=740 turnaround=2140262 maxwait=126307 dispatch=57 expire=13 preempt=43 nsleep=0 demote=2 promote=0 prio=2 q0=18555 q1=36038 q2=945777
JOB exp=mixed rep=1 name=long2 pid=38 arrive=314 first=19375 end=2189152 cpu=1000294 wait=1188542 sleep=0 response=19061 turnaround=2188838 maxwait=123909 dispatch=56 expire=13 preempt=42 nsleep=0 demote=2 promote=0 prio=2 q0=20439 q1=36171 q2=943683
EV rep=1 t=2 pid=37 type=S from=1 to=3 prio=0
EV rep=1 t=315 pid=38 type=S from=1 to=3 prio=0
EV rep=1 t=613 pid=39 type=S from=1 to=3 prio=0
EV rep=1 t=699 pid=36 type=S from=4 to=2 prio=0
EV rep=1 t=741 pid=37 type=S from=3 to=4 prio=0
EV rep=1 t=9010 pid=36 type=S from=2 to=3 prio=0
EV rep=1 t=19299 pid=37 type=L from=0 to=1 prio=0
EV rep=1 t=19305 pid=37 type=S from=4 to=3 prio=1
EV rep=1 t=19376 pid=38 type=S from=3 to=4 prio=0
EV rep=1 t=39818 pid=38 type=L from=0 to=1 prio=0
EV rep=1 t=39825 pid=38 type=S from=4 to=3 prio=1
EV rep=1 t=39901 pid=39 type=S from=3 to=4 prio=0
EV rep=1 t=41061 pid=39 type=S from=4 to=2 prio=0
EV rep=1 t=41103 pid=36 type=S from=3 to=4 prio=0
EV rep=1 t=41111 pid=36 type=S from=4 to=2 prio=0
EV rep=1 t=41147 pid=37 type=S from=3 to=4 prio=1
EV rep=1 t=50023 pid=36 type=S from=2 to=3 prio=0
EV rep=1 t=50026 pid=39 type=S from=2 to=3 prio=0
EV rep=1 t=50190 pid=37 type=S from=4 to=3 prio=1
EV rep=1 t=50231 pid=36 type=S from=3 to=4 prio=0
EV rep=1 t=50241 pid=36 type=S from=4 to=2 prio=0
EV rep=1 t=50277 pid=39 type=S from=3 to=4 prio=0
EV rep=1 t=51359 pid=39 type=S from=4 to=2 prio=0
EV rep=1 t=51399 pid=37 type=S from=3 to=4 prio=1
EV rep=1 t=60273 pid=36 type=S from=2 to=3 prio=0
EV rep=1 t=60277 pid=39 type=S from=2 to=3 prio=0
EV rep=1 t=60400 pid=37 type=S from=4 to=3 prio=1
EV rep=1 t=60445 pid=36 type=S from=3 to=4 prio=0
EV rep=1 t=60456 pid=36 type=S from=4 to=2 prio=0
EV rep=1 t=60492 pid=39 type=S from=3 to=4 prio=0
EV rep=1 t=61576 pid=39 type=S from=4 to=2 prio=0
EV rep=1 t=61616 pid=37 type=S from=3 to=4 prio=1
EV rep=1 t=70504 pid=36 type=S from=2 to=3 prio=0
EV rep=1 t=70508 pid=39 type=S from=2 to=3 prio=0
EV rep=1 t=70645 pid=37 type=S from=4 to=3 prio=1
EV rep=1 t=70685 pid=36 type=S from=3 to=4 prio=0
EV rep=1 t=70694 pid=36 type=S from=4 to=2 prio=0
EV rep=1 t=70730 pid=39 type=S from=3 to=4 prio=0
EV rep=1 t=71798 pid=39 type=S from=4 to=2 prio=0
EV rep=1 t=71838 pid=37 type=S from=3 to=4 prio=1
EV rep=1 t=80740 pid=36 type=S from=2 to=3 prio=0
EV rep=1 t=80744 pid=39 type=S from=2 to=3 prio=0
EV rep=1 t=80797 pid=37 type=L from=1 to=2 prio=1
EV rep=1 t=80801 pid=37 type=S from=4 to=3 prio=2
EV rep=1 t=80874 pid=36 type=S from=3 to=4 prio=0
EV rep=1 t=80884 pid=36 type=S from=4 to=2 prio=0
EV rep=1 t=80920 pid=39 type=S from=3 to=4 prio=0
EV rep=1 t=82000 pid=39 type=S from=4 to=2 prio=0
EV rep=1 t=82042 pid=38 type=S from=3 to=4 prio=1
EV rep=1 t=90988 pid=36 type=S from=2 to=3 prio=0
EV rep=1 t=90991 pid=39 type=S from=2 to=3 prio=0
EV rep=1 t=91120 pid=38 type=S from=4 to=3 prio=1
EV rep=1 t=91168 pid=36 type=S from=3 to=4 prio=0
EV rep=1 t=91178 pid=36 type=S from=4 to=2 prio=0
EV rep=1 t=91214 pid=39 type=S from=3 to=4 prio=0
EV rep=1 t=92289 pid=39 type=S from=4 to=2 prio=0
EV rep=1 t=92339 pid=38 type=S from=3 to=4 prio=1
EV rep=1 t=101227 pid=36 type=S from=2 to=3 prio=0
EV rep=1 t=101231 pid=39 type=S from=2 to=3 prio=0
EV rep=1 t=101354 pid=38 type=S from=4 to=3 prio=1
EV rep=1 t=101395 pid=36 type=S from=3 to=4 prio=0
EV rep=1 t=101408 pid=36 type=S from=4 to=2 prio=0
EV rep=1 t=101444 pid=39 type=S from=3 to=4 prio=0
EV rep=1 t=102511 pid=39 type=S from=4 to=2 prio=0
EV rep=1 t=102551 pid=38 type=S from=3 to=4 prio=1
EV rep=1 t=111482 pid=36 type=S from=2 to=3 prio=0
EV rep=1 t=111486 pid=39 type=S from=2 to=3 prio=0
EV rep=1 t=111676 pid=38 type=S from=4 to=3 prio=1
EV rep=1 t=111717 pid=36 type=S from=3 to=4 prio=0
EV rep=1 t=111757 pid=36 type=S from=4 to=2 prio=0
EV rep=1 t=111795 pid=39 type=S from=3 to=4 prio=0
EV rep=1 t=112874 pid=39 type=S from=4 to=2 prio=0
EV rep=1 t=112914 pid=38 type=S from=3 to=4 prio=1
EV rep=1 t=121802 pid=36 type=S from=2 to=3 prio=0
EV rep=1 t=121805 pid=39 type=S from=2 to=3 prio=0
EV rep=1 t=121861 pid=38 type=L from=1 to=2 prio=1
EV rep=1 t=121866 pid=38 type=S from=4 to=3 prio=2
EV rep=1 t=121934 pid=36 type=S from=3 to=4 prio=0
EV rep=1 t=121945 pid=36 type=S from=4 to=2 prio=0
EV rep=1 t=121981 pid=39 type=S from=3 to=4 prio=0
EV rep=1 t=123072 pid=39 type=S from=4 to=2 prio=0
EV rep=1 t=123113 pid=37 type=S from=3 to=4 prio=2
EV rep=1 t=132020 pid=36 type=S from=2 to=3 prio=0
EV rep=1 t=132024 pid=39 type=S from=2 to=3 prio=0
EV rep=1 t=132142 pid=37 type=S from=4 to=3 prio=2
EV rep=1 t=132181 pid=36 type=S from=3 to=4 prio=0
EV rep=1 t=132191 pid=36 type=S from=4 to=2 prio=0
EV rep=1 t=132226 pid=39 type=S from=3 to=4 prio=0
EV rep=1 t=133294 pid=39 type=S from=4 to=2 prio=0
EV rep=1 t=133334 pid=37 type=S from=3 to=4 prio=2
EV rep=1 t=142232 pid=36 type=S from=2 to=3 prio=0
EV rep=1 t=142236 pid=39 type=S from=2 to=3 prio=0
EV rep=1 t=142355 pid=37 type=S from=4 to=3 prio=2
EV rep=1 t=142396 pid=36 type=S from=3 to=4 prio=0
EV rep=1 t=142409 pid=36 type=S from=4 to=2 prio=0
EV rep=1 t=142446 pid=39 type=S from=3 to=4 prio=0
EV rep=1 t=143520 pid=39 type=S from=4 to=2 prio=0
EV rep=1 t=143584 pid=37 type=S from=3 to=4 prio=2
EV rep=1 t=152455 pid=36 type=S from=2 to=3 prio=0
EV rep=1 t=152459 pid=39 type=S from=2 to=3 prio=0
EV rep=1 t=152606 pid=37 type=S from=4 to=3 prio=2
EV rep=1 t=152645 pid=36 type=S from=3 to=4 prio=0
EV rep=1 t=152654 pid=36 type=S from=4 to=2 prio=0
EV rep=1 t=152690 pid=39 type=S from=3 to=4 prio=0
EV rep=1 t=153751 pid=39 type=S from=4 to=2 prio=0
EV rep=1 t=153791 pid=37 type=S from=3 to=4 prio=2
EV rep=1 t=162682 pid=36 type=S from=2 to=3 prio=0
EV rep=1 t=162685 pid=39 type=S from=2 to=3 prio=0
EV rep=1 t=162803 pid=37 type=S from=4 to=3 prio=2
EV rep=1 t=162844 pid=36 type=S from=3 to=4 prio=0
EV rep=1 t=162853 pid=36 type=S from=4 to=2 prio=0
EV rep=1 t=162889 pid=39 type=S from=3 to=4 prio=0
EV rep=1 t=163952 pid=39 type=S from=4 to=2 prio=0
EV rep=1 t=163992 pid=37 type=S from=3 to=4 prio=2
EV rep=1 t=172913 pid=36 type=S from=2 to=3 prio=0
EV rep=1 t=172917 pid=39 type=S from=2 to=3 prio=0
EV rep=1 t=173035 pid=37 type=S from=4 to=3 prio=2
EV rep=1 t=173075 pid=36 type=S from=3 to=4 prio=0
EV rep=1 t=173084 pid=36 type=S from=4 to=2 prio=0
EV rep=1 t=173120 pid=39 type=S from=3 to=4 prio=0
EV rep=1 t=174181 pid=39 type=S from=4 to=2 prio=0
EV rep=1 t=174221 pid=37 type=S from=3 to=4 prio=2
EV rep=1 t=183153 pid=36 type=S from=2 to=3 prio=0
EV rep=1 t=183157 pid=39 type=S from=2 to=3 prio=0
EV rep=1 t=183280 pid=37 type=S from=4 to=3 prio=2
EV rep=1 t=183320 pid=36 type=S from=3 to=4 prio=0
EV rep=1 t=183329 pid=36 type=S from=4 to=2 prio=0
EV rep=1 t=183365 pid=39 type=S from=3 to=4 prio=0
EV rep=1 t=184436 pid=39 type=S from=4 to=2 prio=0
EV rep=1 t=184477 pid=37 type=S from=3 to=4 prio=2
EV rep=1 t=193372 pid=36 type=S from=2 to=3 prio=0
EV rep=1 t=193376 pid=39 type=S from=2 to=3 prio=0
EV rep=1 t=193498 pid=37 type=S from=4 to=3 prio=2
EV rep=1 t=193538 pid=36 type=S from=3 to=4 prio=0
EV rep=1 t=193547 pid=36 type=S from=4 to=2 prio=0
EV rep=1 t=193603 pid=39 type=S from=3 to=4 prio=0
EV rep=1 t=194695 pid=39 type=S from=4 to=2 prio=0
EV rep=1 t=194735 pid=37 type=S from=3 to=4 prio=2
EV rep=1 t=203592 pid=36 type=S from=2 to=3 prio=0
EV rep=1 t=203599 pid=39 type=S from=2 to=3 prio=0
EV rep=1 t=203760 pid=37 type=S from=4 to=3 prio=2
EV rep=1 t=203801 pid=36 type=S from=3 to=4 prio=0
EV rep=1 t=203810 pid=36 type=S from=4 to=2 prio=0
EV rep=1 t=203846 pid=39 type=S from=3 to=4 prio=0
EV rep=1 t=204940 pid=39 type=S from=4 to=2 prio=0
EV rep=1 t=204981 pid=37 type=S from=3 to=4 prio=2
EV rep=1 t=213808 pid=36 type=S from=2 to=3 prio=0
EV rep=1 t=213811 pid=39 type=S from=2 to=3 prio=0
EV rep=1 t=213865 pid=37 type=S from=4 to=3 prio=2
EV rep=1 t=213931 pid=36 type=S from=3 to=4 prio=0
EV rep=1 t=213942 pid=36 type=S from=4 to=2 prio=0
EV rep=1 t=213978 pid=39 type=S from=3 to=4 prio=0
EV rep=1 t=215068 pid=39 type=S from=4 to=2 prio=0
EV rep=1 t=215108 pid=38 type=S from=3 to=4 prio=2
EV rep=1 t=224010 pid=36 type=S from=2 to=3 prio=0
EV rep=1 t=224013 pid=39 type=S from=2 to=3 prio=0
EV rep=1 t=224128 pid=38 type=S from=4 to=3 prio=2
EV rep=1 t=224167 pid=36 type=S from=3 to=4 prio=0
EV rep=1 t=224175 pid=36 type=S from=4 to=2 prio=0
EV rep=1 t=224212 pid=39 type=S from=3 to=4 prio=0
EV rep=1 t=225303 pid=39 type=S from=4 to=2 prio=0
EV rep=1 t=225343 pid=38 type=S from=3 to=4 prio=2
EV rep=1 t=234227 pid=36 type=S from=2 to=3 prio=0
EV rep=1 t=234231 pid=39 type=S from=2 to=3 prio=0
EV rep=1 t=234349 pid=38 type=S from=4 to=3 prio=2
EV rep=1 t=234389 pid=36 type=S from=3 to=4 prio=0
EV rep=1 t=234399 pid=36 type=S from=4 to=2 prio=0
EV rep=1 t=234439 pid=39 type=S from=3 to=4 prio=0
EV rep=1 t=235520 pid=39 type=S from=4 to=2 prio=0
EV rep=1 t=235581 pid=38 type=S from=3 to=4 prio=2
EV rep=1 t=244443 pid=36 type=S from=2 to=3 prio=0
EV rep=1 t=244446 pid=39 type=S from=2 to=3 prio=0
EV rep=1 t=244582 pid=38 type=S from=4 to=3 prio=2
EV rep=1 t=244621 pid=36 type=S from=3 to=4 prio=0
EV rep=1 t=244630 pid=36 type=S from=4 to=2 prio=0
EV rep=1 t=244666 pid=39 type=S from=3 to=4 prio=0
EV rep=1 t=245753 pid=39 type=S from=4 to=2 prio=0
EV rep=1 t=245794 pid=38 type=S from=3 to=4 prio=2
EV rep=1 t=254687 pid=36 type=S from=2 to=3 prio=0
EV rep=1 t=254690 pid=39 type=S from=2 to=3 prio=0
EV rep=1 t=254806 pid=38 type=S from=4 to=3 prio=2
EV rep=1 t=254846 pid=36 type=S from=3 to=4 prio=0
EV rep=1 t=254854 pid=36 type=S from=4 to=2 prio=0
EV rep=1 t=254890 pid=39 type=S from=3 to=4 prio=0
EV rep=1 t=255978 pid=39 type=S from=4 to=2 prio=0
EV rep=1 t=256018 pid=38 type=S from=3 to=4 prio=2
EV rep=1 t=264888 pid=36 type=S from=2 to=3 prio=0
EV rep=1 t=264892 pid=39 type=S from=2 to=3 prio=0
EV rep=1 t=265008 pid=38 type=S from=4 to=3 prio=2
EV rep=1 t=265049 pid=36 type=S from=3 to=4 prio=0
EV rep=1 t=265057 pid=36 type=S from=4 to=2 prio=0
EV rep=1 t=265094 pid=39 type=S from=3 to=4 prio=0
EV rep=1 t=266184 pid=39 type=S from=4 to=2 prio=0
EV rep=1 t=266224 pid=38 type=S from=3 to=4 prio=2
EV rep=1 t=275075 pid=36 type=S from=2 to=3 prio=0
EV rep=1 t=275078 pid=39 type=S from=2 to=3 prio=0
EV rep=1 t=275193 pid=38 type=S from=4 to=3 prio=2
EV rep=1 t=275233 pid=36 type=S from=3 to=4 prio=0
EV rep=1 t=275241 pid=36 type=S from=4 to=2 prio=0
EV rep=1 t=275277 pid=39 type=S from=3 to=4 prio=0
EV rep=1 t=276340 pid=39 type=S from=4 to=2 prio=0
EV rep=1 t=276380 pid=38 type=S from=3 to=4 prio=2
EV rep=1 t=285276 pid=36 type=S from=2 to=3 prio=0
EV rep=1 t=285279 pid=39 type=S from=2 to=3 prio=0
EV rep=1 t=285396 pid=38 type=S from=4 to=3 prio=2
EV rep=1 t=285440 pid=36 type=S from=3 to=4 prio=0
EV rep=1 t=285450 pid=36 type=S from=4 to=2 prio=0
EV rep=1 t=285486 pid=39 type=S from=3 to=4 prio=0
EV rep=1 t=286600 pid=39 type=S from=4 to=2 prio=0
EV rep=1 t=286643 pid=38 type=S from=3 to=4 prio=2
EV rep=1 t=295494 pid=36 type=S from=2 to=3 prio=0
EV rep=1 t=295498 pid=39 type=S from=2 to=3 prio=0
EV rep=1 t=295641 pid=38 type=S from=4 to=3 prio=2
EV rep=1 t=295681 pid=36 type=S from=3 to=4 prio=0
EV rep=1 t=295689 pid=36 type=S from=4 to=2 prio=0
EV rep=1 t=295754 pid=39 type=S from=3 to=4 prio=0
EV rep=1 t=296819 pid=39 type=S from=4 to=2 prio=0
EV rep=1 t=296860 pid=38 type=S from=3 to=4 prio=2
EV rep=1 t=305701 pid=36 type=S from=2 to=3 prio=0
EV rep=1 t=305705 pid=39 type=S from=2 to=3 prio=0
EV rep=1 t=305763 pid=38 type=S from=4 to=3 prio=2
EV rep=1 t=305832 pid=36 type=S from=3 to=4 prio=0
EV rep=1 t=306160 pid=40 type=S from=1 to=3 prio=0
EV rep=1 t=306230 pid=36 type=S from=4 to=2 prio=0
EV rep=1 t=306278 pid=39 type=S from=3 to=4 prio=0
EV rep=1 t=307349 pid=39 type=S from=4 to=2 prio=0
EV rep=1 t=307391 pid=40 type=S from=3 to=4 prio=0
EV rep=1 t=315930 pid=36 type=S from=2 to=3 prio=0
EV rep=1 t=315933 pid=39 type=S from=2 to=3 prio=0
EV rep=1 t=326190 pid=40 type=L from=0 to=1 prio=0
EV rep=1 t=326196 pid=40 type=S from=4 to=3 prio=1
EV rep=1 t=326268 pid=36 type=S from=3 to=4 prio=0
EV rep=1 t=326282 pid=36 type=S from=4 to=2 prio=0
EV rep=1 t=326319 pid=39 type=S from=3 to=4 prio=0
EV rep=1 t=327388 pid=39 type=S from=4 to=2 prio=0
EV rep=1 t=327433 pid=40 type=S from=3 to=4 prio=1
EV rep=1 t=336331 pid=36 type=S from=2 to=3 prio=0
EV rep=1 t=336335 pid=39 type=S from=2 to=3 prio=0
EV rep=1 t=336459 pid=40 type=S from=4 to=3 prio=1
EV rep=1 t=336500 pid=36 type=S from=3 to=4 prio=0
EV rep=1 t=336509 pid=36 type=S from=4 to=2 prio=0
EV rep=1 t=336546 pid=39 type=S from=3 to=4 prio=0
EV rep=1 t=337663 pid=39 type=S from=4 to=2 prio=0
EV rep=1 t=337704 pid=40 type=S from=3 to=4 prio=1
EV rep=1 t=340134 pid=40 type=S from=4 to=5 prio=1
EV rep=1 t=340173 pid=37 type=S from=3 to=4 prio=2
EV rep=1 t=346539 pid=36 type=S from=2 to=3 prio=0
EV rep=1 t=346542 pid=39 type=S from=2 to=3 prio=0
EV rep=1 t=346682 pid=37 type=S from=4 to=3 prio=2
EV rep=1 t=346723 pid=36 type=S from=3 to=4 prio=0
EV rep=1 t=346733 pid=36 type=S from=4 to=2 prio=0
EV rep=1 t=346769 pid=39 type=S from=3 to=4 prio=0
EV rep=1 t=347831 pid=39 type=S from=4 to=2 prio=0
EV rep=1 t=347872 pid=37 type=S from=3 to=4 prio=2
EV rep=1 t=356754 pid=36 type=S from=2 to=3 prio=0
EV rep=1 t=356758 pid=39 type=S from=2 to=3 prio=0
EV rep=1 t=356879 pid=37 type=S from=4 to=3 prio=2
EV rep=1 t=356918 pid=36 type=S from=3 to=4 prio=0
EV rep=1 t=356927 pid=36 type=S from=4 to=2 prio=0
EV rep=1 t=356963 pid=39 type=S from=3 to=4 prio=0
EV rep=1 t=358023 pid=39 type=S from=4 to=2 prio=0
EV rep=1 t=358063 pid=37 type=S from=3 to=4 prio=2
EV rep=1 t=366976 pid=36 type=S from=2 to=3 prio=0
EV rep=1 t=366980 pid=39 type=S from=2 to=3 prio=0
EV rep=1 t=367097 pid=37 type=S from=4 to=3 prio=2
EV rep=1 t=367139 pid=36 type=S from=3 to=4 prio=0
EV rep=1 t=367148 pid=36 type=S from=4 to=2 prio=0
EV rep=1 t=367184 pid=39 type=S from=3 to=4 prio=0
EV rep=1 t=368254 pid=39 type=S from=4 to=2 prio=0
EV rep=1 t=368294 pid=37 type=S from=3 to=4 prio=2
EV rep=1 t=377186 pid=36 type=S from=2 to=3 prio=0
EV rep=1 t=377189 pid=39 type=S from=2 to=3 prio=0
EV rep=1 t=377307 pid=37 type=S from=4 to=3 prio=2
EV rep=1 t=377346 pid=36 type=S from=3 to=4 prio=0
EV rep=1 t=377355 pid=36 type=S from=4 to=2 prio=0
EV rep=1 t=377392 pid=39 type=S from=3 to=4 prio=0
EV rep=1 t=378487 pid=39 type=S from=4 to=2 prio=0
EV rep=1 t=378526 pid=37 type=S from=3 to=4 prio=2
EV rep=1 t=387404 pid=36 type=S from=2 to=3 prio=0
EV rep=1 t=387408 pid=39 type=S from=2 to=3 prio=0
EV rep=1 t=387525 pid=37 type=S from=4 to=3 prio=2
EV rep=1 t=387585 pid=36 type=S from=3 to=4 prio=0
EV rep=1 t=387595 pid=36 type=S from=4 to=2 prio=0
EV rep=1 t=387631 pid=39 type=S from=3 to=4 prio=0
EV rep=1 t=388704 pid=39 type=S from=4 to=2 prio=0
EV rep=1 t=388745 pid=37 type=S from=3 to=4 prio=2
EV rep=1 t=397655 pid=36 type=S from=2 to=3 prio=0
EV rep=1 t=397658 pid=39 type=S from=2 to=3 prio=0
EV rep=1 t=397780 pid=37 type=S from=4 to=3 prio=2
EV rep=1 t=397821 pid=36 type=S from=3 to=4 prio=0
EV rep=1 t=397830 pid=36 type=S from=4 to=2 prio=0
EV rep=1 t=397867 pid=39 type=S from=3 to=4 prio=0
EV rep=1 t=398951 pid=39 type=S from=4 to=2 prio=0
EV rep=1 t=398991 pid=37 type=S from=3 to=4 prio=2
EV rep=1 t=407874 pid=36 type=S from=2 to=3 prio=0
EV rep=1 t=407878 pid=39 type=S from=2 to=3 prio=0
EV rep=1 t=408002 pid=37 type=S from=4 to=3 prio=2
EV rep=1 t=408042 pid=36 type=S from=3 to=4 prio=0
EV rep=1 t=408052 pid=36 type=S from=4 to=2 prio=0
EV rep=1 t=408088 pid=39 type=S from=3 to=4 prio=0
EV rep=1 t=409169 pid=39 type=S from=4 to=2 prio=0
EV rep=1 t=409214 pid=37 type=S from=3 to=4 prio=2
EV rep=1 t=418103 pid=36 type=S from=2 to=3 prio=0
EV rep=1 t=418107 pid=39 type=S from=2 to=3 prio=0
EV rep=1 t=418229 pid=37 type=S from=4 to=3 prio=2
EV rep=1 t=418269 pid=36 type=S from=3 to=4 prio=0
EV rep=1 t=418278 pid=36 type=S from=4 to=2 prio=0
EV rep=1 t=418315 pid=39 type=S from=3 to=4 prio=0
EV rep=1 t=419416 pid=39 type=S from=4 to=2 prio=0
EV rep=1 t=419457 pid=37 type=S from=3 to=4 prio=2
EV rep=1 t=428350 pid=36 type=S from=2 to=3 prio=0
EV rep=1 t=428354 pid=39 type=S from=2 to=3 prio=0
EV rep=1 t=428417 pid=37 type=S from=4 to=3 prio=2
EV rep=1 t=428486 pid=36 type=S from=3 to=4 prio=0
EV rep=1 t=428498 pid=36 type=S from=4 to=2 prio=0
EV rep=1 t=428534 pid=39 type=S from=3 to=4 prio=0
EV rep=1 t=429631 pid=39 type=S from=4 to=2 prio=0
EV rep=1 t=429672 pid=38 type=S from=3 to=4 prio=2
EV rep=1 t=438586 pid=36 type=S from=2 to=3 prio=0
EV rep=1 t=438589 pid=39 type=S from=2 to=3 prio=0
EV rep=1 t=438717 pid=38 type=S from=4 to=3 prio=2
EV rep=1 t=438758 pid=36 type=S from=3 to=4 prio=0
EV rep=1 t=438767 pid=36 type=S from=4 to=2 prio=0
EV rep=1 t=438803 pid=39 type=S from=3 to=4 prio=0
EV rep=1 t=439867 pid=39 type=S from=4 to=2 prio=0
EV rep=1 t=439908 pid=38 type=S from=3 to=4 prio=2
EV rep=1 t=448793 pid=36 type=S from=2 to=3 prio=0
EV rep=1 t=448796 pid=39 type=S from=2 to=3 prio=0
EV rep=1 t=448915 pid=38 type=S from=4 to=3 prio=2
EV rep=1 t=448955 pid=36 type=S from=3 to=4 prio=0
EV rep=1 t=448963 pid=36 type=S from=4 to=2 prio=0
EV rep=1 t=449000 pid=39 type=S from=3 to=4 prio=0
EV rep=1 t=450088 pid=39 type=S from=4 to=2 prio=0
EV rep=1 t=450128 pid=38 type=S from=3 to=4 prio=2
EV rep=1 t=459008 pid=36 type=S from=2 to=3 prio=0
EV rep=1 t=459011 pid=39 type=S from=2 to=3 prio=0
EV rep=1 t=459137 pid=38 type=S from=4 to=3 prio=2
EV rep=1 t=459177 pid=36 type=S from=3 to=4 prio=0
EV rep=1 t=459186 pid=36 type=S from=4 to=2 prio=0
EV rep=1 t=459223 pid=39 type=S from=3 to=4 prio=0
EV rep=1 t=460287 pid=39 type=S from=4 to=2 prio=0
EV rep=1 t=460327 pid=38 type=S from=3 to=4 prio=2
EV rep=1 t=469233 pid=36 type=S from=2 to=3 prio=0
EV rep=1 t=469237 pid=39 type=S from=2 to=3 prio=0
EV rep=1 t=469355 pid=38 type=S from=4 to=3 prio=2
EV rep=1 t=469395 pid=36 type=S from=3 to=4 prio=0
EV rep=1 t=469408 pid=36 type=S from=4 to=2 prio=0
EV rep=1 t=469445 pid=39 type=S from=3 to=4 prio=0
EV rep=1 t=470506 pid=39 type=S from=4 to=2 prio=0
EV rep=1 t=470571 pid=38 type=S from=3 to=4 prio=2
EV rep=1 t=479472 pid=36 type=S from=2 to=3 prio=0
EV rep=1 t=479475 pid=39 type=S from=2 to=3 prio=0
EV rep=1 t=479619 pid=38 type=S from=4 to=3 prio=2
EV rep=1 t=479659 pid=36 type=S from=3 to=4 prio=0
EV rep=1 t=479668 pid=36 type=S from=4 to=2 prio=0
EV rep=1 t=479705 pid=39 type=S from=3 to=4 prio=0
EV rep=1 t=480804 pid=39 type=S from=4 to=2 prio=0
EV rep=1 t=480845 pid=38 type=S from=3 to=4 prio=2
EV rep=1 t=489705 pid=36 type=S from=2 to=3 prio=0
EV rep=1 t=489709 pid=39 type=S from=2 to=3 prio=0
EV rep=1 t=489830 pid=38 type=S from=4 to=3 prio=2
EV rep=1 t=489870 pid=36 type=S from=3 to=4 prio=0
EV rep=1 t=489879 pid=36 type=S from=4 to=2 prio=0
EV rep=1 t=489915 pid=39 type=S from=3 to=4 prio=0
EV rep=1 t=490983 pid=39 type=S from=4 to=2 prio=0
EV rep=1 t=491024 pid=38 type=S from=3 to=4 prio=2
EV rep=1 t=499944 pid=36 type=S from=2 to=3 prio=0
EV rep=1 t=499948 pid=39 type=S from=2 to=3 prio=0
EV rep=1 t=500070 pid=38 type=S from=4 to=3 prio=2
EV rep=1 t=500110 pid=36 type=S from=3 to=4 prio=0
EV rep=1 t=500120 pid=36 type=S from=4 to=2 prio=0
EV rep=1 t=500156 pid=39 type=S from=3 to=4 prio=0
EV rep=1 t=501219 pid=39 type=S from=4 to=2 prio=0
EV rep=1 t=501259 pid=38 type=S from=3 to=4 prio=2
EV rep=1 t=510161 pid=36 type=S from=2 to=3 prio=0
EV rep=1 t=510165 pid=39 type=S from=2 to=3 prio=0
EV rep=1 t=510284 pid=38 type=S from=4 to=3 prio=2
EV rep=1 t=510324 pid=36 type=S from=3 to=4 prio=0
EV rep=1 t=510333 pid=36 type=S from=4 to=2 prio=0
EV rep=1 t=510369 pid=39 type=S from=3 to=4 prio=0
EV rep=1 t=511435 pid=39 type=S from=4 to=2 prio=0
EV rep=1 t=511475 pid=38 type=S from=3 to=4 prio=2
EV rep=1 t=520393 pid=36 type=S from=2 to=3 prio=0
EV rep=1 t=520397 pid=39 type=S from=2 to=3 prio=0
EV rep=1 t=520460 pid=38 type=S from=4 to=3 prio=2
EV rep=1 t=520529 pid=36 type=S from=3 to=4 prio=0
EV rep=1 t=520540 pid=36 type=S from=4 to=2 prio=0
EV rep=1 t=520597 pid=39 type=S from=3 to=4 prio=0
EV rep=1 t=521690 pid=39 type=S from=4 to=2 prio=0
EV rep=1 t=521731 pid=37 type=S from=3 to=4 prio=2
EV rep=1 t=530658 pid=36 type=S from=2 to=3 prio=0
EV rep=1 t=530661 pid=39 type=S from=2 to=3 prio=0
EV rep=1 t=530782 pid=37 type=S from=4 to=3 prio=2
EV rep=1 t=530822 pid=36 type=S from=3 to=4 prio=0
EV rep=1 t=530832 pid=36 type=S from=4 to=2 prio=0
EV rep=1 t=530868 pid=39 type=S from=3 to=4 prio=0
EV rep=1 t=531947 pid=39 type=S from=4 to=2 prio=0
EV rep=1 t=531988 pid=37 type=S from=3 to=4 prio=2
EV rep=1 t=540906 pid=36 type=S from=2 to=3 prio=0
EV rep=1 t=540909 pid=39 type=S from=2 to=3 prio=0
EV rep=1 t=541037 pid=37 type=S from=4 to=3 prio=2
EV rep=1 t=541076 pid=36 type=S from=3 to=4 prio=0
EV rep=1 t=541086 pid=36 type=S from=4 to=2 prio=0
EV rep=1 t=541122 pid=39 type=S from=3 to=4 prio=0
EV rep=1 t=542210 pid=39 type=S from=4 to=2 prio=0
EV rep=1 t=542250 pid=37 type=S from=3 to=4 prio=2
EV rep=1 t=551178 pid=36 type=S from=2 to=3 prio=0
EV rep=1 t=551182 pid=39 type=S from=2 to=3 prio=0
EV rep=1 t=551298 pid=37 type=S from=4 to=3 prio=2
EV rep=1 t=551337 pid=36 type=S from=3 to=4 prio=0
EV rep=1 t=551346 pid=36 type=S from=4 to=2 prio=0
EV rep=1 t=551382 pid=39 type=S from=3 to=4 prio=0
EV rep=1 t=552459 pid=39 type=S from=4 to=2 prio=0
EV rep=1 t=552499 pid=37 type=S from=3 to=4 prio=2
EV rep=1 t=561405 pid=36 type=S from=2 to=3 prio=0
EV rep=1 t=561409 pid=39 type=S from=2 to=3 prio=0
EV rep=1 t=561527 pid=37 type=S from=4 to=3 prio=2
EV rep=1 t=561587 pid=36 type=S from=3 to=4 prio=0
EV rep=1 t=561598 pid=36 type=S from=4 to=2 prio=0
EV rep=1 t=561634 pid=39 type=S from=3 to=4 prio=0
EV rep=1 t=562722 pid=39 type=S from=4 to=2 prio=0
EV rep=1 t=562762 pid=37 type=S from=3 to=4 prio=2
EV rep=1 t=571631 pid=36 type=S from=2 to=3 prio=0
EV rep=1 t=571635 pid=39 type=S from=2 to=3 prio=0
EV rep=1 t=571800 pid=37 type=S from=4 to=3 prio=2
EV rep=1 t=571842 pid=36 type=S from=3 to=4 prio=0
EV rep=1 t=571852 pid=36 type=S from=4 to=2 prio=0
EV rep=1 t=571888 pid=39 type=S from=3 to=4 prio=0
EV rep=1 t=572975 pid=39 type=S from=4 to=2 prio=0
EV rep=1 t=573015 pid=37 type=S from=3 to=4 prio=2
EV rep=1 t=581907 pid=36 type=S from=2 to=3 prio=0
EV rep=1 t=581912 pid=39 type=S from=2 to=3 prio=0
EV rep=1 t=582042 pid=37 type=S from=4 to=3 prio=2
EV rep=1 t=582087 pid=36 type=S from=3 to=4 prio=0
EV rep=1 t=582098 pid=36 type=S from=4 to=2 prio=0
EV rep=1 t=582134 pid=39 type=S from=3 to=4 prio=0
EV rep=1 t=583223 pid=39 type=S from=4 to=2 prio=0
EV rep=1 t=583264 pid=37 type=S from=3 to=4 prio=2
EV rep=1 t=592156 pid=36 type=S from=2 to=3 prio=0
EV rep=1 t=592160 pid=39 type=S from=2 to=3 prio=0
EV rep=1 t=592280 pid=37 type=S from=4 to=3 prio=2
EV rep=1 t=592341 pid=36 type=S from=3 to=4 prio=0
EV rep=1 t=592351 pid=36 type=S from=4 to=2 prio=0
EV rep=1 t=592387 pid=39 type=S from=3 to=4 prio=0
EV rep=1 t=593455 pid=39 type=S from=4 to=2 prio=0
EV rep=1 t=593496 pid=37 type=S from=3 to=4 prio=2
EV rep=1 t=602364 pid=36 type=S from=2 to=3 prio=0
EV rep=1 t=602367 pid=39 type=S from=2 to=3 prio=0
EV rep=1 t=602484 pid=37 type=S from=4 to=3 prio=2
EV rep=1 t=602525 pid=36 type=S from=3 to=4 prio=0
EV rep=1 t=602534 pid=36 type=S from=4 to=2 prio=0
EV rep=1 t=602591 pid=39 type=S from=3 to=4 prio=0
EV rep=1 t=603683 pid=39 type=S from=4 to=2 prio=0
EV rep=1 t=603793 pid=37 type=S from=3 to=4 prio=2
EV rep=1 t=612546 pid=36 type=S from=2 to=3 prio=0
EV rep=1 t=612570 pid=39 type=S from=2 to=3 prio=0
EV rep=1 t=612629 pid=37 type=S from=4 to=3 prio=2
EV rep=1 t=612697 pid=36 type=S from=3 to=4 prio=0
EV rep=1 t=612708 pid=36 type=S from=4 to=2 prio=0
EV rep=1 t=612744 pid=39 type=S from=3 to=4 prio=0
EV rep=1 t=613837 pid=39 type=S from=4 to=2 prio=0
EV rep=1 t=613877 pid=38 type=S from=3 to=4 prio=2
EV rep=1 t=622754 pid=36 type=S from=2 to=3 prio=0
EV rep=1 t=622758 pid=39 type=S from=2 to=3 prio=0
EV rep=1 t=622878 pid=38 type=S from=4 to=3 prio=2
EV rep=1 t=622921 pid=36 type=S from=3 to=4 prio=0
EV rep=1 t=622931 pid=36 type=S from=4 to=2 prio=0
EV rep=1 t=622967 pid=39 type=S from=3 to=4 prio=0
EV rep=1 t=624056 pid=39 type=S from=4 to=2 prio=0
EV rep=1 t=624097 pid=38 type=S from=3 to=4 prio=2
EV rep=1 t=632934 pid=36 type=S from=2 to=3 prio=0
EV rep=1 t=632938 pid=39 type=S from=2 to=3 prio=0
EV rep=1 t=633053 pid=38 type=S from=4 to=3 prio=2
EV rep=1 t=633093 pid=36 type=S from=3 to=4 prio=0
EV rep=1 t=633102 pid=36 type=S from=4 to=2 prio=0
EV rep=1 t=633138 pid=39 type=S from=3 to=4 prio=0
EV rep=1 t=634214 pid=39 type=S from=4 to=2 prio=0
EV rep=1 t=634255 pid=38 type=S from=3 to=4 prio=2
EV rep=1 t=643174 pid=36 type=S from=2 to=3 prio=0
EV rep=1 t=643178 pid=39 type=S from=2 to=3 prio=0
EV rep=1 t=643302 pid=38 type=S from=4 to=3 prio=2
EV rep=1 t=643387 pid=36 type=S from=3 to=4 prio=0
EV rep=1 t=643407 pid=36 type=S from=4 to=2 prio=0
EV rep=1 t=643445 pid=39 type=S from=3 to=4 prio=0
EV rep=1 t=644547 pid=39 type=S from=4 to=2 prio=0
EV rep=1 t=644616 pid=38 type=S from=3 to=4 prio=2
EV rep=1 t=653482 pid=36 type=S from=2 to=3 prio=0
EV rep=1 t=653487 pid=39 type=S from=2 to=3 prio=0
EV rep=1 t=653631 pid=38 type=S from=4 to=3 prio=2
EV rep=1 t=653674 pid=36 type=S from=3 to=4 prio=0
EV rep=1 t=653684 pid=36 type=S from=4 to=2 prio=0
EV rep=1 t=653721 pid=39 type=S from=3 to=4 prio=0
EV rep=1 t=654795 pid=39 type=S from=4 to=2 prio=0
EV rep=1 t=654836 pid=38 type=S from=3 to=4 prio=2
EV rep=1 t=663675 pid=36 type=S from=2 to=3 prio=0
EV rep=1 t=663680 pid=39 type=S from=2 to=3 prio=0
EV rep=1 t=663851 pid=38 type=S from=4 to=3 prio=2
EV rep=1 t=663895 pid=36 type=S from=3 to=4 prio=0
EV rep=1 t=663907 pid=36 type=S from=4 to=2 prio=0
EV rep=1 t=663944 pid=39 type=S from=3 to=4 prio=0
EV rep=1 t=665037 pid=39 type=S from=4 to=2 prio=0
EV rep=1 t=665078 pid=38 type=S from=3 to=4 prio=2
EV rep=1 t=673842 pid=36 type=S from=2 to=3 prio=0
EV rep=1 t=673846 pid=39 type=S from=2 to=3 prio=0
EV rep=1 t=673963 pid=38 type=S from=4 to=3 prio=2
EV rep=1 t=674004 pid=36 type=S from=3 to=4 prio=0
EV rep=1 t=674013 pid=36 type=S from=4 to=2 prio=0
EV rep=1 t=674049 pid=39 type=S from=3 to=4 prio=0
EV rep=1 t=675135 pid=39 type=S from=4 to=2 prio=0
EV rep=1 t=675176 pid=38 type=S from=3 to=4 prio=2
EV rep=1 t=684009 pid=36 type=S from=2 to=3 prio=0
EV rep=1 t=684013 pid=39 type=S from=2 to=3 prio=0
EV rep=1 t=684130 pid=38 type=S from=4 to=3 prio=2
EV rep=1 t=684174 pid=36 type=S from=3 to=4 prio=0
EV rep=1 t=684184 pid=36 type=S from=4 to=2 prio=0
EV rep=1 t=684220 pid=39 type=S from=3 to=4 prio=0
EV rep=1 t=685291 pid=39 type=S from=4 to=2 prio=0
EV rep=1 t=685335 pid=38 type=S from=3 to=4 prio=2
EV rep=1 t=694218 pid=36 type=S from=2 to=3 prio=0
EV rep=1 t=694222 pid=39 type=S from=2 to=3 prio=0
EV rep=1 t=694343 pid=38 type=S from=4 to=3 prio=2
EV rep=1 t=694383 pid=36 type=S from=3 to=4 prio=0
EV rep=1 t=694392 pid=36 type=S from=4 to=2 prio=0
EV rep=1 t=694429 pid=39 type=S from=3 to=4 prio=0
EV rep=1 t=695502 pid=39 type=S from=4 to=2 prio=0
EV rep=1 t=695542 pid=38 type=S from=3 to=4 prio=2
EV rep=1 t=704418 pid=36 type=S from=2 to=3 prio=0
EV rep=1 t=704422 pid=39 type=S from=2 to=3 prio=0
EV rep=1 t=704484 pid=38 type=S from=4 to=3 prio=2
EV rep=1 t=704571 pid=36 type=S from=3 to=4 prio=0
EV rep=1 t=704582 pid=36 type=S from=4 to=2 prio=0
EV rep=1 t=704619 pid=39 type=S from=3 to=4 prio=0
EV rep=1 t=705697 pid=39 type=S from=4 to=2 prio=0
EV rep=1 t=705738 pid=37 type=S from=3 to=4 prio=2
EV rep=1 t=714655 pid=36 type=S from=2 to=3 prio=0
EV rep=1 t=714660 pid=39 type=S from=2 to=3 prio=0
EV rep=1 t=714757 pid=37 type=S from=4 to=3 prio=2
EV rep=1 t=714836 pid=36 type=S from=3 to=4 prio=0
EV rep=1 t=715117 pid=41 type=S from=1 to=3 prio=0
EV rep=1 t=716121 pid=36 type=S from=4 to=2 prio=0
EV rep=1 t=716161 pid=39 type=S from=3 to=4 prio=0
EV rep=1 t=717236 pid=39 type=S from=4 to=2 prio=0
EV rep=1 t=717283 pid=41 type=S from=3 to=4 prio=0
EV rep=1 t=724869 pid=39 type=S from=2 to=3 prio=0
EV rep=1 t=735112 pid=41 type=L from=0 to=1 prio=0
EV rep=1 t=735119 pid=41 type=S from=4 to=3 prio=1
EV rep=1 t=735185 pid=39 type=S from=3 to=4 prio=0
EV rep=1 t=736280 pid=39 type=S from=4 to=2 prio=0
EV rep=1 t=736326 pid=41 type=S from=3 to=4 prio=1
EV rep=1 t=745229 pid=39 type=S from=2 to=3 prio=0
EV rep=1 t=745348 pid=41 type=S from=4 to=3 prio=1
EV rep=1 t=745388 pid=39 type=S from=3 to=4 prio=0
EV rep=1 t=746453 pid=39 type=S from=4 to=2 prio=0
EV rep=1 t=746494 pid=41 type=S from=3 to=4 prio=1
EV rep=1 t=749864 pid=36 type=S from=2 to=3 prio=0
EV rep=1 t=749895 pid=41 type=S from=4 to=5 prio=1
EV rep=1 t=749934 pid=36 type=S from=3 to=4 prio=0
EV rep=1 t=750726 pid=36 type=S from=4 to=2 prio=0
EV rep=1 t=750764 pid=37 type=S from=3 to=4 prio=2
EV rep=1 t=755409 pid=39 type=S from=2 to=3 prio=0
EV rep=1 t=755529 pid=37 type=S from=4 to=3 prio=2
EV rep=1 t=755589 pid=39 type=S from=3 to=4 prio=0
EV rep=1 t=756685 pid=39 type=S from=4 to=2 prio=0
EV rep=1 t=756727 pid=37 type=S from=3 to=4 prio=2
EV rep=1 t=765601 pid=39 type=S from=2 to=3 prio=0
EV rep=1 t=765723 pid=37 type=S from=4 to=3 prio=2
EV rep=1 t=765764 pid=39 type=S from=3 to=4 prio=0
EV rep=1 t=766830 pid=39 type=S from=4 to=2 prio=0
EV rep=1 t=766870 pid=37 type=S from=3 to=4 prio=2
EV rep=1 t=775837 pid=39 type=S from=2 to=3 prio=0
EV rep=1 t=775956 pid=37 type=S from=4 to=3 prio=2
EV rep=1 t=775995 pid=39 type=S from=3 to=4 prio=0
EV rep=1 t=777062 pid=39 type=S from=4 to=2 prio=0
EV rep=1 t=777102 pid=37 type=S from=3 to=4 prio=2
EV rep=1 t=786033 pid=39 type=S from=2 to=3 prio=0
EV rep=1 t=786154 pid=37 type=S from=4 to=3 prio=2
EV rep=1 t=786195 pid=39 type=S from=3 to=4 prio=0
EV rep=1 t=787258 pid=39 type=S from=4 to=2 prio=0
EV rep=1 t=787298 pid=37 type=S from=3 to=4 prio=2
EV rep=1 t=796223 pid=39 type=S from=2 to=3 prio=0
EV rep=1 t=796347 pid=37 type=S from=4 to=3 prio=2
EV rep=1 t=796388 pid=39 type=S from=3 to=4 prio=0
EV rep=1 t=797478 pid=39 type=S from=4 to=2 prio=0
EV rep=1 t=797518 pid=37 type=S from=3 to=4 prio=2
EV rep=1 t=806422 pid=39 type=S from=2 to=3 prio=0
EV rep=1 t=806542 pid=37 type=S from=4 to=3 prio=2
EV rep=1 t=806648 pid=39 type=S from=3 to=4 prio=0
EV rep=1 t=807760 pid=39 type=S from=4 to=2 prio=0
EV rep=1 t=807802 pid=37 type=S from=3 to=4 prio=2
EV rep=1 t=816660 pid=39 type=S from=2 to=3 prio=0
EV rep=1 t=816781 pid=37 type=S from=4 to=3 prio=2
EV rep=1 t=816822 pid=39 type=S from=3 to=4 prio=0
EV rep=1 t=817904 pid=39 type=S from=4 to=2 prio=0
EV rep=1 t=817945 pid=37 type=S from=3 to=4 prio=2
EV rep=1 t=826863 pid=39 type=S from=2 to=3 prio=0
EV rep=1 t=826924 pid=37 type=S from=4 to=3 prio=2
EV rep=1 t=826988 pid=39 type=S from=3 to=4 prio=0
EV rep=1 t=828055 pid=39 type=S from=4 to=2 prio=0
EV rep=1 t=828096 pid=38 type=S from=3 to=4 prio=2
EV rep=1 t=837042 pid=39 type=S from=2 to=3 prio=0
EV rep=1 t=837167 pid=38 type=S from=4 to=3 prio=2
EV rep=1 t=837207 pid=39 type=S from=3 to=4 prio=0
EV rep=1 t=838271 pid=39 type=S from=4 to=2 prio=0
EV rep=1 t=838315 pid=38 type=S from=3 to=4 prio=2
EV rep=1 t=847303 pid=39 type=S from=2 to=3 prio=0
EV rep=1 t=847429 pid=38 type=S from=4 to=3 prio=2
EV rep=1 t=847471 pid=39 type=S from=3 to=4 prio=0
EV rep=1 t=848580 pid=39 type=S from=4 to=2 prio=0
EV rep=1 t=848625 pid=38 type=S from=3 to=4 prio=2
EV rep=1 t=857483 pid=39 type=S from=2 to=3 prio=0
EV rep=1 t=857632 pid=38 type=S from=4 to=3 prio=2
EV rep=1 t=857675 pid=39 type=S from=3 to=4 prio=0
EV rep=1 t=858743 pid=39 type=S from=4 to=2 prio=0
EV rep=1 t=858785 pid=38 type=S from=3 to=4 prio=2
EV rep=1 t=867675 pid=39 type=S from=2 to=3 prio=0
EV rep=1 t=867833 pid=38 type=S from=4 to=3 prio=2
EV rep=1 t=867874 pid=39 type=S from=3 to=4 prio=0
EV rep=1 t=868937 pid=39 type=S from=4 to=2 prio=0
EV rep=1 t=868977 pid=38 type=S from=3 to=4 prio=2
EV rep=1 t=877858 pid=39 type=S from=2 to=3 prio=0
EV rep=1 t=877955 pid=38 type=S from=4 to=3 prio=2
EV rep=1 t=878000 pid=39 type=S from=3 to=4 prio=0
EV rep=1 t=879085 pid=39 type=S from=4 to=2 prio=0
EV rep=1 t=879126 pid=38 type=S from=3 to=4 prio=2
EV rep=1 t=888055 pid=39 type=S from=2 to=3 prio=0
EV rep=1 t=888175 pid=38 type=S from=4 to=3 prio=2
EV rep=1 t=888216 pid=39 type=S from=3 to=4 prio=0
EV rep=1 t=889284 pid=39 type=S from=4 to=2 prio=0
EV rep=1 t=889325 pid=38 type=S from=3 to=4 prio=2
EV rep=1 t=898244 pid=39 type=S from=2 to=3 prio=0
EV rep=1 t=898375 pid=38 type=S from=4 to=3 prio=2
EV rep=1 t=898417 pid=39 type=S from=3 to=4 prio=0
EV rep=1 t=899492 pid=39 type=S from=4 to=2 prio=0
EV rep=1 t=899533 pid=38 type=S from=3 to=4 prio=2
EV rep=1 t=908434 pid=39 type=S from=2 to=3 prio=0
EV rep=1 t=908573 pid=38 type=S from=4 to=3 prio=2
EV rep=1 t=908614 pid=39 type=S from=3 to=4 prio=0
EV rep=1 t=909682 pid=39 type=S from=4 to=2 prio=0
EV rep=1 t=909723 pid=38 type=S from=3 to=4 prio=2
EV rep=1 t=918692 pid=39 type=S from=2 to=3 prio=0
EV rep=1 t=918753 pid=38 type=S from=4 to=3 prio=2
EV rep=1 t=918823 pid=39 type=S from=3 to=4 prio=0
EV rep=1 t=919919 pid=39 type=S from=4 to=2 prio=0
EV rep=1 t=919961 pid=37 type=S from=3 to=4 prio=2
EV rep=1 t=928907 pid=39 type=S from=2 to=3 prio=0
EV rep=1 t=929035 pid=37 type=S from=4 to=3 prio=2
EV rep=1 t=929076 pid=39 type=S from=3 to=4 prio=0
EV rep=1 t=930154 pid=39 type=S from=4 to=2 prio=0
EV rep=1 t=930196 pid=37 type=S from=3 to=4 prio=2
EV rep=1 t=939123 pid=39 type=S from=2 to=3 prio=0
EV rep=1 t=939247 pid=37 type=S from=4 to=3 prio=2
EV rep=1 t=939288 pid=39 type=S from=3 to=4 prio=0
EV rep=1 t=940359 pid=39 type=S from=4 to=2 prio=0
EV rep=1 t=940399 pid=37 type=S from=3 to=4 prio=2
EV rep=1 t=949302 pid=39 type=S from=2 to=3 prio=0
EV rep=1 t=949422 pid=37 type=S from=4 to=3 prio=2
EV rep=1 t=949462 pid=39 type=S from=3 to=4 prio=0
EV rep=1 t=950527 pid=39 type=S from=4 to=2 prio=0
EV rep=1 t=950590 pid=37 type=S from=3 to=4 prio=2
EV rep=1 t=959490 pid=39 type=S from=2 to=3 prio=0
EV rep=1 t=959635 pid=37 type=S from=4 to=3 prio=2
EV rep=1 t=959674 pid=39 type=S from=3 to=4 prio=0
EV rep=1 t=960770 pid=39 type=S from=4 to=2 prio=0
EV rep=1 t=960811 pid=37 type=S from=3 to=4 prio=2
EV rep=1 t=969663 pid=39 type=S from=2 to=3 prio=0
EV rep=1 t=969782 pid=37 type=S from=4 to=3 prio=2
EV rep=1 t=969822 pid=39 type=S from=3 to=4 prio=0
EV rep=1 t=970910 pid=39 type=S from=4 to=2 prio=0
EV rep=1 t=970951 pid=37 type=S from=3 to=4 prio=2
EV rep=1 t=979840 pid=39 type=S from=2 to=3 prio=0
EV rep=1 t=979961 pid=37 type=S from=4 to=3 prio=2
EV rep=1 t=980002 pid=39 type=S from=3 to=4 prio=0
EV rep=1 t=981069 pid=39 type=S from=4 to=2 prio=0
EV rep=1 t=981110 pid=37 type=S from=3 to=4 prio=2
EV rep=1 t=990036 pid=39 type=S from=2 to=3 prio=0
EV rep=1 t=990154 pid=37 type=S from=4 to=3 prio=2
EV rep=1 t=990194 pid=39 type=S from=3 to=4 prio=0
EV rep=1 t=991266 pid=39 type=S from=4 to=2 prio=0
EV rep=1 t=991307 pid=37 type=S from=3 to=4 prio=2
EV rep=1 t=1000215 pid=39 type=S from=2 to=3 prio=0
EV rep=1 t=1000330 pid=37 type=S from=4 to=3 prio=2
EV rep=1 t=1000370 pid=39 type=S from=3 to=4 prio=0
EV rep=1 t=1001449 pid=39 type=S from=4 to=2 prio=0
EV rep=1 t=1001490 pid=37 type=S from=3 to=4 prio=2
EV rep=1 t=1010402 pid=39 type=S from=2 to=3 prio=0
EV rep=1 t=1010465 pid=37 type=S from=4 to=3 prio=2
EV rep=1 t=1010532 pid=39 type=S from=3 to=4 prio=0
EV rep=1 t=1011654 pid=39 type=S from=4 to=2 prio=0
EV rep=1 t=1011694 pid=38 type=S from=3 to=4 prio=2
EV rep=1 t=1020606 pid=39 type=S from=2 to=3 prio=0
EV rep=1 t=1020729 pid=38 type=S from=4 to=3 prio=2
EV rep=1 t=1020770 pid=39 type=S from=3 to=4 prio=0
EV rep=1 t=1021882 pid=39 type=S from=4 to=2 prio=0
EV rep=1 t=1021955 pid=38 type=S from=3 to=4 prio=2
EV rep=1 t=1030784 pid=39 type=S from=2 to=3 prio=0
EV rep=1 t=1030912 pid=38 type=S from=4 to=3 prio=2
EV rep=1 t=1030954 pid=39 type=S from=3 to=4 prio=0
EV rep=1 t=1032046 pid=39 type=S from=4 to=2 prio=0
EV rep=1 t=1032087 pid=38 type=S from=3 to=4 prio=2
EV rep=1 t=1040967 pid=39 type=S from=2 to=3 prio=0
EV rep=1 t=1041067 pid=38 type=S from=4 to=3 prio=2
EV rep=1 t=1041148 pid=39 type=S from=3 to=4 prio=0
EV rep=1 t=1042213 pid=39 type=S from=4 to=2 prio=0
EV rep=1 t=1042253 pid=38 type=S from=3 to=4 prio=2
EV rep=1 t=1051165 pid=39 type=S from=2 to=3 prio=0
EV rep=1 t=1051282 pid=38 type=S from=4 to=3 prio=2
EV rep=1 t=1051322 pid=39 type=S from=3 to=4 prio=0
EV rep=1 t=1052402 pid=39 type=S from=4 to=2 prio=0
EV rep=1 t=1052443 pid=38 type=S from=3 to=4 prio=2
EV rep=1 t=1061363 pid=39 type=S from=2 to=3 prio=0
EV rep=1 t=1061477 pid=38 type=S from=4 to=3 prio=2
EV rep=1 t=1061516 pid=39 type=S from=3 to=4 prio=0
EV rep=1 t=1062633 pid=39 type=S from=4 to=2 prio=0
EV rep=1 t=1062673 pid=38 type=S from=3 to=4 prio=2
EV rep=1 t=1071574 pid=39 type=S from=2 to=3 prio=0
EV rep=1 t=1071704 pid=38 type=S from=4 to=3 prio=2
EV rep=1 t=1071774 pid=39 type=S from=3 to=4 prio=0
EV rep=1 t=1072853 pid=39 type=S from=4 to=2 prio=0
EV rep=1 t=1072893 pid=38 type=S from=3 to=4 prio=2
EV rep=1 t=1081769 pid=39 type=S from=2 to=3 prio=0
EV rep=1 t=1081887 pid=38 type=S from=4 to=3 prio=2
EV rep=1 t=1081928 pid=39 type=S from=3 to=4 prio=0
EV rep=1 t=1082053 pid=36 type=S from=2 to=3 prio=0
EV rep=1 t=1082084 pid=39 type=S from=4 to=5 prio=0
EV rep=1 t=1082122 pid=36 type=S from=3 to=4 prio=0
EV rep=1 t=1083031 pid=36 type=S from=4 to=2 prio=0
EV rep=1 t=1083070 pid=38 type=S from=3 to=4 prio=2
EV rep=1 t=1102418 pid=38 type=S from=4 to=3 prio=2
EV rep=1 t=1102462 pid=37 type=S from=3 to=4 prio=2
EV rep=1 t=1183925 pid=37 type=S from=4 to=3 prio=2
EV rep=1 t=1183995 pid=38 type=S from=3 to=4 prio=2
EV rep=1 t=1265478 pid=38 type=S from=4 to=3 prio=2
EV rep=1 t=1265567 pid=37 type=S from=3 to=4 prio=2
EV rep=1 t=1347053 pid=37 type=S from=4 to=3 prio=2
EV rep=1 t=1347124 pid=38 type=S from=3 to=4 prio=2
EV rep=1 t=1428783 pid=38 type=S from=4 to=3 prio=2
EV rep=1 t=1428860 pid=37 type=S from=3 to=4 prio=2
EV rep=1 t=1511977 pid=37 type=S from=4 to=3 prio=2
EV rep=1 t=1512052 pid=38 type=S from=3 to=4 prio=2
EV rep=1 t=1593993 pid=38 type=S from=4 to=3 prio=2
EV rep=1 t=1594118 pid=37 type=S from=3 to=4 prio=2
EV rep=1 t=1675785 pid=37 type=S from=4 to=3 prio=2
EV rep=1 t=1675857 pid=38 type=S from=3 to=4 prio=2
EV rep=1 t=1757226 pid=38 type=S from=4 to=3 prio=2
EV rep=1 t=1757296 pid=37 type=S from=3 to=4 prio=2
EV rep=1 t=1839619 pid=37 type=S from=4 to=3 prio=2
EV rep=1 t=1839712 pid=38 type=S from=3 to=4 prio=2
EV rep=1 t=1921598 pid=38 type=S from=4 to=3 prio=2
EV rep=1 t=1921670 pid=37 type=S from=3 to=4 prio=2
EV rep=1 t=2003233 pid=37 type=S from=4 to=3 prio=2
EV rep=1 t=2003302 pid=38 type=S from=3 to=4 prio=2
EV rep=1 t=2085026 pid=38 type=S from=4 to=3 prio=2
EV rep=1 t=2085154 pid=37 type=S from=3 to=4 prio=2
EV rep=1 t=2140193 pid=36 type=S from=2 to=3 prio=0
EV rep=1 t=2140264 pid=37 type=S from=4 to=5 prio=2
EV rep=1 t=2140355 pid=36 type=S from=3 to=4 prio=0
EV rep=1 t=2142159 pid=36 type=S from=4 to=2 prio=0
EV rep=1 t=2142237 pid=38 type=S from=3 to=4 prio=2
EV rep=1 t=2189120 pid=36 type=S from=2 to=3 prio=0
EV rep=1 t=2189152 pid=38 type=S from=4 to=5 prio=2
EV rep=1 t=2189196 pid=36 type=S from=3 to=4 prio=0
EV rep=1 t=2190576 pid=35 type=S from=2 to=3 prio=0
EV rep=1 t=2190626 pid=36 type=S from=4 to=2 prio=0
EV rep=1 t=2190665 pid=35 type=S from=3 to=4 prio=0
EV rep=1 t=2190718 pid=36 type=S from=2 to=3 prio=0
EV rep=1 t=2191091 pid=35 type=S from=4 to=2 prio=0
EV rep=1 t=2191130 pid=36 type=S from=3 to=4 prio=0
EV rep=1 t=2191393 pid=35 type=S from=2 to=3 prio=0
EV rep=1 t=2191596 pid=36 type=S from=4 to=5 prio=0
EV rep=1 t=2191636 pid=35 type=S from=3 to=4 prio=0
END exp=mixed rep=1
BEGIN exp=mixed rep=2 driver=42
JOB exp=mixed rep=2 name=short1 pid=46 arrive=306770 first=307993 end=340671 cpu=30245 wait=3654 sleep=0 response=1223 turnaround=33901 maxwait=1235 dispatch=3 expire=1 preempt=1 nsleep=0 demote=1 promote=0 prio=1 q0=18846 q1=11399 q2=0
JOB exp=mixed rep=2 name=short2 pid=47 arrive=716669 first=718767 end=751397 cpu=30289 wait=4438 sleep=0 response=2098 turnaround=34728 maxwait=2097 dispatch=3 expire=1 preempt=1 nsleep=0 demote=1 promote=0 prio=1 q0=17906 q1=12382 q2=0
JOB exp=mixed rep=2 name=io pid=45 arrive=614 first=39984 end=1085159 cpu=108223 wait=81274 sleep=895047 response=39370 turnaround=1084545 maxwait=39369 dispatch=101 expire=0 preempt=0 nsleep=100 demote=0 promote=0 prio=0 q0=108223 q1=0 q2=0
JOB exp=mixed rep=2 name=long1 pid=43 arrive=0 first=745 end=2142986 cpu=1000268 wait=1142718 sleep=0 response=745 turnaround=2142986 maxwait=126368 dispatch=57 expire=13 preempt=43 nsleep=0 demote=2 promote=0 prio=2 q0=18628 q1=35979 q2=945659
JOB exp=mixed rep=2 name=long2 pid=44 arrive=346 first=19460 end=2187863 cpu=1000334 wait=1187181 sleep=0 response=19114 turnaround=2187517 maxwait=123955 dispatch=56 expire=13 preempt=42 nsleep=0 demote=2 promote=0 prio=2 q0=20433 q1=36078 q2=943823
END exp=mixed rep=2
BEGIN exp=mixed rep=3 driver=48
JOB exp=mixed rep=3 name=short1 pid=52 arrive=305818 first=307051 end=339745 cpu=30247 wait=3680 sleep=0 response=1233 turnaround=33927 maxwait=1244 dispatch=3 expire=1 preempt=1 nsleep=0 demote=1 promote=0 prio=1 q0=18836 q1=11410 q2=0
JOB exp=mixed rep=3 name=short2 pid=53 arrive=714749 first=716880 end=749540 cpu=30268 wait=4522 sleep=0 response=2131 turnaround=34791 maxwait=2131 dispatch=3 expire=1 preempt=1 nsleep=0 demote=1 promote=0 prio=1 q0=17914 q1=12353 q2=0
JOB exp=mixed rep=3 name=io pid=51 arrive=594 first=39910 end=1082938 cpu=109171 wait=81462 sleep=891710 response=39316 turnaround=1082344 maxwait=39316 dispatch=101 expire=0 preempt=0 nsleep=100 demote=0 promote=0 prio=0 q0=109171 q1=0 q2=0
JOB exp=mixed rep=3 name=long1 pid=49 arrive=0 first=726 end=2141638 cpu=1000252 wait=1141385 sleep=0 response=726 turnaround=2141638 maxwait=126396 dispatch=57 expire=13 preempt=43 nsleep=0 demote=2 promote=0 prio=2 q0=18634 q1=35772 q2=945846
JOB exp=mixed rep=3 name=long2 pid=50 arrive=302 first=19440 end=2189135 cpu=1000314 wait=1188518 sleep=0 response=19138 turnaround=2188833 maxwait=124010 dispatch=56 expire=13 preempt=42 nsleep=0 demote=2 promote=0 prio=2 q0=20389 q1=35784 q2=944139
END exp=mixed rep=3
BEGIN exp=mixed rep=4 driver=54
JOB exp=mixed rep=4 name=short1 pid=58 arrive=306174 first=307466 end=340311 cpu=30363 wait=3773 sleep=0 response=1292 turnaround=34137 maxwait=1291 dispatch=3 expire=1 preempt=1 nsleep=0 demote=1 promote=0 prio=1 q0=18537 q1=11826 q2=0
JOB exp=mixed rep=4 name=short2 pid=59 arrive=718166 first=720271 end=752899 cpu=30253 wait=4478 sleep=0 response=2105 turnaround=34733 maxwait=2105 dispatch=3 expire=1 preempt=1 nsleep=0 demote=1 promote=0 prio=1 q0=17950 q1=12303 q2=0
JOB exp=mixed rep=4 name=io pid=57 arrive=728 first=39709 end=1085658 cpu=108749 wait=82173 sleep=894007 response=38981 turnaround=1084930 maxwait=38981 dispatch=101 expire=0 preempt=0 nsleep=100 demote=0 promote=0 prio=0 q0=108749 q1=0 q2=0
JOB exp=mixed rep=4 name=long1 pid=55 arrive=0 first=863 end=2133643 cpu=1000242 wait=1133400 sleep=0 response=863 turnaround=2133643 maxwait=126842 dispatch=57 expire=13 preempt=43 nsleep=0 demote=2 promote=0 prio=2 q0=18430 q1=35796 q2=946014
JOB exp=mixed rep=4 name=long2 pid=56 arrive=393 first=19371 end=2189637 cpu=1000406 wait=1188837 sleep=0 response=18978 turnaround=2189244 maxwait=123832 dispatch=56 expire=13 preempt=42 nsleep=0 demote=2 promote=0 prio=2 q0=20260 q1=35903 q2=944243
END exp=mixed rep=4
BEGIN exp=mixed rep=5 driver=60
JOB exp=mixed rep=5 name=short1 pid=64 arrive=305724 first=306967 end=339715 cpu=30267 wait=3724 sleep=0 response=1243 turnaround=33991 maxwait=1243 dispatch=3 expire=1 preempt=1 nsleep=0 demote=1 promote=0 prio=1 q0=18752 q1=11514 q2=0
JOB exp=mixed rep=5 name=short2 pid=65 arrive=715841 first=718013 end=750664 cpu=30281 wait=4542 sleep=0 response=2172 turnaround=34823 maxwait=2171 dispatch=3 expire=1 preempt=1 nsleep=0 demote=1 promote=0 prio=1 q0=17834 q1=12447 q2=0
JOB exp=mixed rep=5 name=io pid=63 arrive=668 first=39938 end=1083654 cpu=109962 wait=82513 sleep=890511 response=39270 turnaround=1082986 maxwait=39269 dispatch=101 expire=0 preempt=0 nsleep=100 demote=0 promote=0 prio=0 q0=109962 q1=0 q2=0
JOB exp=mixed rep=5 name=long1 pid=61 arrive=0 first=807 end=2143230 cpu=1000274 wait=1142955 sleep=0 response=807 turnaround=2143230 maxwait=126425 dispatch=57 expire=13 preempt=43 nsleep=0 demote=2 promote=0 prio=2 q0=18609 q1=35716 q2=945948
JOB exp=mixed rep=5 name=long2 pid=62 arrive=318 first=19514 end=2190546 cpu=1000313 wait=1189914 sleep=0 response=19196 turnaround=2190228 maxwait=123865 dispatch=56 expire=13 preempt=42 nsleep=0 demote=2 promote=0 prio=2 q0=20346 q1=35743 q2=944223
END exp=mixed rep=5
