# config=q8-16-32 mode=realtime makevars={'QUANTA': '8 16 32'}
mlfqexp single 5
CONFIG policy=MLFQ quanta=8,16,32 aging=50 tick_us=10000 ncpu=1
BEGIN exp=single rep=1 driver=4
JOB exp=single rep=1 name=cpu pid=5 arrive=0 first=234 end=500881 cpu=500475 wait=405 sleep=0 response=234 turnaround=500881 maxwait=234 dispatch=3 expire=2 preempt=0 nsleep=0 demote=2 promote=0 prio=2 q0=80019 q1=165063 q2=255392
EV rep=1 t=1 pid=5 type=S from=1 to=3 prio=0
EV rep=1 t=176 pid=4 type=S from=4 to=2 prio=0
EV rep=1 t=235 pid=5 type=S from=3 to=4 prio=0
EV rep=1 t=80313 pid=5 type=L from=0 to=1 prio=0
EV rep=1 t=80387 pid=5 type=S from=4 to=3 prio=1
EV rep=1 t=80487 pid=5 type=S from=3 to=4 prio=1
EV rep=1 t=245421 pid=5 type=L from=1 to=2 prio=1
EV rep=1 t=245429 pid=5 type=S from=4 to=3 prio=2
EV rep=1 t=245499 pid=5 type=S from=3 to=4 prio=2
EV rep=1 t=500836 pid=4 type=S from=2 to=3 prio=0
EV rep=1 t=500891 pid=5 type=S from=4 to=5 prio=2
EV rep=1 t=500943 pid=4 type=S from=3 to=4 prio=0
EV rep=1 t=502230 pid=3 type=S from=2 to=3 prio=0
EV rep=1 t=502478 pid=4 type=S from=4 to=5 prio=0
EV rep=1 t=502517 pid=3 type=S from=3 to=4 prio=0
END exp=single rep=1
BEGIN exp=single rep=2 driver=6
JOB exp=single rep=2 name=cpu pid=7 arrive=0 first=131 end=500545 cpu=500278 wait=266 sleep=0 response=131 turnaround=500545 maxwait=130 dispatch=3 expire=2 preempt=0 nsleep=0 demote=2 promote=0 prio=2 q0=80521 q1=163431 q2=256325
END exp=single rep=2
BEGIN exp=single rep=3 driver=8
JOB exp=single rep=3 name=cpu pid=9 arrive=0 first=136 end=500614 cpu=500279 wait=335 sleep=0 response=136 turnaround=500614 maxwait=136 dispatch=3 expire=2 preempt=0 nsleep=0 demote=2 promote=0 prio=2 q0=80451 q1=164143 q2=255685
END exp=single rep=3
BEGIN exp=single rep=4 driver=10
JOB exp=single rep=4 name=cpu pid=11 arrive=0 first=138 end=500686 cpu=500406 wait=278 sleep=0 response=138 turnaround=500686 maxwait=138 dispatch=3 expire=2 preempt=0 nsleep=0 demote=2 promote=0 prio=2 q0=80419 q1=164653 q2=255333
END exp=single rep=4
BEGIN exp=single rep=5 driver=12
JOB exp=single rep=5 name=cpu pid=13 arrive=0 first=131 end=500501 cpu=500255 wait=245 sleep=0 response=131 turnaround=500501 maxwait=130 dispatch=3 expire=2 preempt=0 nsleep=0 demote=2 promote=0 prio=2 q0=80550 q1=163526 q2=256179
END exp=single rep=5
mlfqexp multi 5
CONFIG policy=MLFQ quanta=8,16,32 aging=50 tick_us=10000 ncpu=1
BEGIN exp=multi rep=1 driver=15
JOB exp=multi rep=1 name=A pid=16 arrive=0 first=732 end=890947 cpu=400247 wait=490699 sleep=0 response=732 turnaround=890947 maxwait=326766 dispatch=3 expire=2 preempt=0 nsleep=0 demote=2 promote=0 prio=2 q0=79774 q1=163617 q2=156855
JOB exp=multi rep=1 name=B pid=17 arrive=304 first=80588 end=1047289 cpu=400287 wait=646697 sleep=0 response=80284 turnaround=1046985 maxwait=321103 dispatch=3 expire=2 preempt=0 nsleep=0 demote=2 promote=0 prio=2 q0=81498 q1=163409 q2=155379
JOB exp=multi rep=1 name=C pid=18 arrive=612 first=162167 end=1203939 cpu=400311 wait=803015 sleep=0 response=161555 turnaround=1203327 maxwait=327239 dispatch=3 expire=2 preempt=0 nsleep=0 demote=2 promote=0 prio=2 q0=81470 q1=163144 q2=155695
EV rep=1 t=2 pid=16 type=S from=1 to=3 prio=0
EV rep=1 t=305 pid=17 type=S from=1 to=3 prio=0
EV rep=1 t=613 pid=18 type=S from=1 to=3 prio=0
EV rep=1 t=678 pid=15 type=S from=4 to=2 prio=0
EV rep=1 t=733 pid=16 type=S from=3 to=4 prio=0
EV rep=1 t=80510 pid=16 type=L from=0 to=1 prio=0
EV rep=1 t=80517 pid=16 type=S from=4 to=3 prio=1
EV rep=1 t=80590 pid=17 type=S from=3 to=4 prio=0
EV rep=1 t=162090 pid=17 type=L from=0 to=1 prio=0
EV rep=1 t=162097 pid=17 type=S from=4 to=3 prio=1
EV rep=1 t=162168 pid=18 type=S from=3 to=4 prio=0
EV rep=1 t=243642 pid=18 type=L from=0 to=1 prio=0
EV rep=1 t=243649 pid=18 type=S from=4 to=3 prio=1
EV rep=1 t=243718 pid=16 type=S from=3 to=4 prio=1
EV rep=1 t=407327 pid=16 type=L from=1 to=2 prio=1
EV rep=1 t=407336 pid=16 type=S from=4 to=3 prio=2
EV rep=1 t=407408 pid=17 type=S from=3 to=4 prio=1
EV rep=1 t=570810 pid=17 type=L from=1 to=2 prio=1
EV rep=1 t=570818 pid=17 type=S from=4 to=3 prio=2
EV rep=1 t=570888 pid=18 type=S from=3 to=4 prio=1
EV rep=1 t=734026 pid=18 type=L from=1 to=2 prio=1
EV rep=1 t=734034 pid=18 type=S from=4 to=3 prio=2
EV rep=1 t=734102 pid=16 type=S from=3 to=4 prio=2
EV rep=1 t=890916 pid=15 type=S from=2 to=3 prio=0
EV rep=1 t=890948 pid=16 type=S from=4 to=5 prio=2
EV rep=1 t=890994 pid=15 type=S from=3 to=4 prio=0
EV rep=1 t=891882 pid=15 type=S from=4 to=2 prio=0
EV rep=1 t=891920 pid=17 type=S from=3 to=4 prio=2
EV rep=1 t=1047258 pid=15 type=S from=2 to=3 prio=0
EV rep=1 t=1047290 pid=17 type=S from=4 to=5 prio=2
EV rep=1 t=1047337 pid=15 type=S from=3 to=4 prio=0
EV rep=1 t=1048214 pid=15 type=S from=4 to=2 prio=0
EV rep=1 t=1048254 pid=18 type=S from=3 to=4 prio=2
EV rep=1 t=1203907 pid=15 type=S from=2 to=3 prio=0
EV rep=1 t=1203940 pid=18 type=S from=4 to=5 prio=2
EV rep=1 t=1203984 pid=15 type=S from=3 to=4 prio=0
EV rep=1 t=1205567 pid=14 type=S from=2 to=3 prio=0
EV rep=1 t=1205754 pid=15 type=S from=4 to=5 prio=0
EV rep=1 t=1205795 pid=14 type=S from=3 to=4 prio=0
END exp=multi rep=1
BEGIN exp=multi rep=2 driver=19
JOB exp=multi rep=2 name=A pid=20 arrive=0 first=812 end=890744 cpu=400432 wait=490311 sleep=0 response=812 turnaround=890744 maxwait=326234 dispatch=3 expire=2 preempt=0 nsleep=0 demote=2 promote=0 prio=2 q0=79789 q1=163217 q2=157425
JOB exp=multi rep=2 name=B pid=21 arrive=355 first=80677 end=1047765 cpu=400305 wait=647104 sleep=0 response=80322 turnaround=1047410 maxwait=321872 dispatch=3 expire=2 preempt=0 nsleep=0 demote=2 promote=0 prio=2 q0=81580 q1=162947 q2=155778
JOB exp=multi rep=2 name=C pid=22 arrive=699 first=162337 end=1204654 cpu=400490 wait=803465 sleep=0 response=161638 turnaround=1203955 maxwait=326392 dispatch=3 expire=2 preempt=0 nsleep=0 demote=2 promote=0 prio=2 q0=81451 q1=163032 q2=156005
END exp=multi rep=2
BEGIN exp=multi rep=3 driver=23
JOB exp=multi rep=3 name=A pid=24 arrive=0 first=729 end=891476 cpu=400230 wait=491245 sleep=0 response=729 turnaround=891476 maxwait=326658 dispatch=3 expire=2 preempt=0 nsleep=0 demote=2 promote=0 prio=2 q0=79695 q1=163113 q2=157421
JOB exp=multi rep=3 name=B pid=25 arrive=346 first=80504 end=1047899 cpu=400288 wait=647265 sleep=0 response=80158 turnaround=1047553 maxwait=321885 dispatch=3 expire=2 preempt=0 nsleep=0 demote=2 promote=0 prio=2 q0=81737 q1=163113 q2=155437
JOB exp=multi rep=3 name=C pid=26 arrive=627 first=162325 end=1203931 cpu=400305 wait=802998 sleep=0 response=161698 turnaround=1203304 maxwait=326490 dispatch=3 expire=2 preempt=0 nsleep=0 demote=2 promote=0 prio=2 q0=81888 q1=163277 q2=155139
END exp=multi rep=3
BEGIN exp=multi rep=4 driver=27
JOB exp=multi rep=4 name=A pid=28 arrive=0 first=702 end=889872 cpu=400241 wait=489631 sleep=0 response=702 turnaround=889872 maxwait=325968 dispatch=3 expire=2 preempt=0 nsleep=0 demote=2 promote=0 prio=2 q0=79634 q1=162760 q2=157846
JOB exp=multi rep=4 name=B pid=29 arrive=294 first=80433 end=1046782 cpu=400455 wait=646033 sleep=0 response=80139 turnaround=1046488 maxwait=321740 dispatch=3 expire=2 preempt=0 nsleep=0 demote=2 promote=0 prio=2 q0=81540 q1=162928 q2=155986
JOB exp=multi rep=4 name=C pid=30 arrive=594 first=162051 end=1205407 cpu=400355 wait=804458 sleep=0 response=161457 turnaround=1204813 maxwait=325923 dispatch=3 expire=2 preempt=0 nsleep=0 demote=2 promote=0 prio=2 q0=81179 q1=162803 q2=156372
END exp=multi rep=4
BEGIN exp=multi rep=5 driver=31
JOB exp=multi rep=5 name=A pid=32 arrive=0 first=769 end=889996 cpu=400258 wait=489736 sleep=0 response=769 turnaround=889996 maxwait=325777 dispatch=3 expire=2 preempt=0 nsleep=0 demote=2 promote=0 prio=2 q0=79559 q1=162825 q2=157874
JOB exp=multi rep=5 name=B pid=33 arrive=387 first=80406 end=1047235 cpu=400329 wait=646518 sleep=0 response=80019 turnaround=1046848 maxwait=321845 dispatch=3 expire=2 preempt=0 nsleep=0 demote=2 promote=0 prio=2 q0=81323 q1=162766 q2=156240
JOB exp=multi rep=5 name=C pid=34 arrive=663 first=161821 end=1204012 cpu=400293 wait=803055 sleep=0 response=161158 turnaround=1203349 maxwait=325820 dispatch=3 expire=2 preempt=0 nsleep=0 demote=2 promote=0 prio=2 q0=81573 q1=162817 q2=155902
END exp=multi rep=5
mlfqexp mixed 5
CONFIG policy=MLFQ quanta=8,16,32 aging=50 tick_us=10000 ncpu=1
BEGIN exp=mixed rep=1 driver=36
JOB exp=mixed rep=1 name=short1 pid=40 arrive=306217 first=307697 end=338040 cpu=30343 wait=1479 sleep=0 response=1480 turnaround=31823 maxwait=1479 dispatch=1 expire=0 preempt=0 nsleep=0 demote=0 promote=0 prio=0 q0=30343 q1=0 q2=0
JOB exp=mixed rep=1 name=short2 pid=41 arrive=714737 first=716856 end=747090 cpu=30234 wait=2118 sleep=0 response=2119 turnaround=32353 maxwait=2118 dispatch=1 expire=0 preempt=0 nsleep=0 demote=0 promote=0 prio=0 q0=30234 q1=0 q2=0
JOB exp=mixed rep=1 name=io pid=39 arrive=964 first=161757 end=1226826 cpu=110467 wait=229172 sleep=886221 response=160793 turnaround=1225862 maxwait=160793 dispatch=101 expire=0 preempt=0 nsleep=100 demote=0 promote=0 prio=0 q0=110467 q1=0 q2=0
JOB exp=mixed rep=1 name=long1 pid=37 arrive=0 first=1271 end=2065506 cpu=1000316 wait=1065188 sleep=0 response=1271 turnaround=2065506 maxwait=348946 dispatch=57 expire=4 preempt=52 nsleep=0 demote=2 promote=0 prio=2 q0=78660 q1=159230 q2=762425
JOB exp=mixed rep=1 name=long2 pid=38 arrive=560 first=80083 end=2190831 cpu=1000306 wait=1189963 sleep=0 response=79523 turnaround=2190271 maxwait=399552 dispatch=48 expire=4 preempt=43 nsleep=0 demote=2 promote=0 prio=2 q0=81591 q1=162003 q2=756710
EV rep=1 t=2 pid=37 type=S from=1 to=3 prio=0
EV rep=1 t=563 pid=38 type=S from=1 to=3 prio=0
EV rep=1 t=965 pid=39 type=S from=1 to=3 prio=0
EV rep=1 t=1183 pid=36 type=S from=4 to=2 prio=0
EV rep=1 t=1273 pid=37 type=S from=3 to=4 prio=0
EV rep=1 t=8319 pid=36 type=S from=2 to=3 prio=0
EV rep=1 t=79935 pid=37 type=L from=0 to=1 prio=0
EV rep=1 t=79942 pid=37 type=S from=4 to=3 prio=1
EV rep=1 t=80085 pid=38 type=S from=3 to=4 prio=0
EV rep=1 t=161678 pid=38 type=L from=0 to=1 prio=0
EV rep=1 t=161687 pid=38 type=S from=4 to=3 prio=1
EV rep=1 t=161759 pid=39 type=S from=3 to=4 prio=0
EV rep=1 t=162957 pid=39 type=S from=4 to=2 prio=0
EV rep=1 t=163000 pid=36 type=S from=3 to=4 prio=0
EV rep=1 t=163009 pid=36 type=S from=4 to=2 prio=0
EV rep=1 t=163045 pid=37 type=S from=3 to=4 prio=1
EV rep=1 t=171817 pid=36 type=S from=2 to=3 prio=0
EV rep=1 t=171820 pid=39 type=S from=2 to=3 prio=0
EV rep=1 t=171977 pid=37 type=S from=4 to=3 prio=1
EV rep=1 t=172017 pid=36 type=S from=3 to=4 prio=0
EV rep=1 t=172027 pid=36 type=S from=4 to=2 prio=0
EV rep=1 t=172063 pid=39 type=S from=3 to=4 prio=0
EV rep=1 t=173140 pid=39 type=S from=4 to=2 prio=0
EV rep=1 t=173180 pid=37 type=S from=3 to=4 prio=1
EV rep=1 t=182076 pid=36 type=S from=2 to=3 prio=0
EV rep=1 t=182083 pid=39 type=S from=2 to=3 prio=0
EV rep=1 t=182296 pid=37 type=S from=4 to=3 prio=1
EV rep=1 t=182377 pid=36 type=S from=3 to=4 prio=0
EV rep=1 t=182396 pid=36 type=S from=4 to=2 prio=0
EV rep=1 t=182475 pid=39 type=S from=3 to=4 prio=0
EV rep=1 t=183664 pid=39 type=S from=4 to=2 prio=0
EV rep=1 t=183750 pid=37 type=S from=3 to=4 prio=1
EV rep=1 t=192360 pid=36 type=S from=2 to=3 prio=0
EV rep=1 t=192363 pid=39 type=S from=2 to=3 prio=0
EV rep=1 t=192549 pid=37 type=S from=4 to=3 prio=1
EV rep=1 t=192591 pid=36 type=S from=3 to=4 prio=0
EV rep=1 t=192602 pid=36 type=S from=4 to=2 prio=0
EV rep=1 t=192638 pid=39 type=S from=3 to=4 prio=0
EV rep=1 t=193707 pid=39 type=S from=4 to=2 prio=0
EV rep=1 t=193747 pid=37 type=S from=3 to=4 prio=1
EV rep=1 t=202629 pid=36 type=S from=2 to=3 prio=0
EV rep=1 t=202636 pid=39 type=S from=2 to=3 prio=0
EV rep=1 t=202820 pid=37 type=S from=4 to=3 prio=1
EV rep=1 t=202948 pid=36 type=S from=3 to=4 prio=0
EV rep=1 t=202966 pid=36 type=S from=4 to=2 prio=0
EV rep=1 t=203038 pid=39 type=S from=3 to=4 prio=0
EV rep=1 t=204160 pid=39 type=S from=4 to=2 prio=0
EV rep=1 t=204202 pid=37 type=S from=3 to=4 prio=1
EV rep=1 t=212917 pid=36 type=S from=2 to=3 prio=0
EV rep=1 t=212925 pid=39 type=S from=2 to=3 prio=0
EV rep=1 t=213200 pid=37 type=S from=4 to=3 prio=1
EV rep=1 t=213294 pid=36 type=S from=3 to=4 prio=0
EV rep=1 t=213312 pid=36 type=S from=4 to=2 prio=0
EV rep=1 t=213393 pid=39 type=S from=3 to=4 prio=0
EV rep=1 t=214583 pid=39 type=S from=4 to=2 prio=0
EV rep=1 t=214625 pid=37 type=S from=3 to=4 prio=1
EV rep=1 t=223167 pid=36 type=S from=2 to=3 prio=0
EV rep=1 t=223171 pid=39 type=S from=2 to=3 prio=0
EV rep=1 t=223296 pid=37 type=S from=4 to=3 prio=1
EV rep=1 t=223337 pid=36 type=S from=3 to=4 prio=0
EV rep=1 t=223347 pid=36 type=S from=4 to=2 prio=0
EV rep=1 t=223383 pid=39 type=S from=3 to=4 prio=0
EV rep=1 t=224446 pid=39 type=S from=4 to=2 prio=0
EV rep=1 t=224515 pid=37 type=S from=3 to=4 prio=1
EV rep=1 t=233407 pid=36 type=S from=2 to=3 prio=0
EV rep=1 t=233411 pid=39 type=S from=2 to=3 prio=0
EV rep=1 t=233575 pid=37 type=S from=4 to=3 prio=1
EV rep=1 t=233618 pid=36 type=S from=3 to=4 prio=0
EV rep=1 t=233629 pid=36 type=S from=4 to=2 prio=0
EV rep=1 t=233665 pid=39 type=S from=3 to=4 prio=0
EV rep=1 t=234783 pid=39 type=S from=4 to=2 prio=0
EV rep=1 t=234868 pid=37 type=S from=3 to=4 prio=1
EV rep=1 t=243627 pid=36 type=S from=2 to=3 prio=0
EV rep=1 t=243631 pid=39 type=S from=2 to=3 prio=0
EV rep=1 t=243757 pid=37 type=S from=4 to=3 prio=1
EV rep=1 t=243799 pid=36 type=S from=3 to=4 prio=0
EV rep=1 t=243810 pid=36 type=S from=4 to=2 prio=0
EV rep=1 t=243846 pid=39 type=S from=3 to=4 prio=0
EV rep=1 t=244914 pid=39 type=S from=4 to=2 prio=0
EV rep=1 t=244954 pid=37 type=S from=3 to=4 prio=1
EV rep=1 t=253900 pid=36 type=S from=2 to=3 prio=0
EV rep=1 t=253906 pid=39 type=S from=2 to=3 prio=0
EV rep=1 t=254114 pid=37 type=S from=4 to=3 prio=1
EV rep=1 t=254196 pid=36 type=S from=3 to=4 prio=0
EV rep=1 t=254213 pid=36 type=S from=4 to=2 prio=0
EV rep=1 t=254296 pid=39 type=S from=3 to=4 prio=0
EV rep=1 t=255425 pid=39 type=S from=4 to=2 prio=0
EV rep=1 t=255542 pid=37 type=S from=3 to=4 prio=1
EV rep=1 t=264214 pid=36 type=S from=2 to=3 prio=0
EV rep=1 t=264222 pid=39 type=S from=2 to=3 prio=0
EV rep=1 t=264460 pid=37 type=S from=4 to=3 prio=1
EV rep=1 t=264585 pid=36 type=S from=3 to=4 prio=0
EV rep=1 t=264608 pid=36 type=S from=4 to=2 prio=0
EV rep=1 t=264688 pid=39 type=S from=3 to=4 prio=0
EV rep=1 t=265818 pid=39 type=S from=4 to=2 prio=0
EV rep=1 t=265911 pid=37 type=S from=3 to=4 prio=1
EV rep=1 t=274512 pid=36 type=S from=2 to=3 prio=0
EV rep=1 t=274520 pid=39 type=S from=2 to=3 prio=0
EV rep=1 t=274668 pid=37 type=S from=4 to=3 prio=1
EV rep=1 t=274711 pid=36 type=S from=3 to=4 prio=0
EV rep=1 t=274723 pid=36 type=S from=4 to=2 prio=0
EV rep=1 t=274762 pid=39 type=S from=3 to=4 prio=0
EV rep=1 t=275888 pid=39 type=S from=4 to=2 prio=0
EV rep=1 t=275959 pid=37 type=S from=3 to=4 prio=1
EV rep=1 t=284809 pid=36 type=S from=2 to=3 prio=0
EV rep=1 t=284816 pid=39 type=S from=2 to=3 prio=0
EV rep=1 t=285079 pid=37 type=S from=4 to=3 prio=1
EV rep=1 t=285169 pid=36 type=S from=3 to=4 prio=0
EV rep=1 t=285189 pid=36 type=S from=4 to=2 prio=0
EV rep=1 t=285270 pid=39 type=S from=3 to=4 prio=0
EV rep=1 t=286406 pid=39 type=S from=4 to=2 prio=0
EV rep=1 t=286530 pid=37 type=S from=3 to=4 prio=1
EV rep=1 t=295129 pid=36 type=S from=2 to=3 prio=0
EV rep=1 t=295136 pid=39 type=S from=2 to=3 prio=0
EV rep=1 t=295354 pid=37 type=S from=4 to=3 prio=1
EV rep=1 t=295441 pid=36 type=S from=3 to=4 prio=0
EV rep=1 t=295462 pid=36 type=S from=4 to=2 prio=0
EV rep=1 t=295564 pid=39 type=S from=3 to=4 prio=0
EV rep=1 t=296686 pid=39 type=S from=4 to=2 prio=0
EV rep=1 t=296765 pid=37 type=S from=3 to=4 prio=1
EV rep=1 t=305396 pid=36 type=S from=2 to=3 prio=0
EV rep=1 t=305404 pid=39 type=S from=2 to=3 prio=0
EV rep=1 t=305625 pid=37 type=S from=4 to=3 prio=1
EV rep=1 t=305705 pid=36 type=S from=3 to=4 prio=0
EV rep=1 t=306220 pid=40 type=S from=1 to=3 prio=0
EV rep=1 t=306350 pid=36 type=S from=4 to=2 prio=0
EV rep=1 t=306427 pid=39 type=S from=3 to=4 prio=0
EV rep=1 t=307611 pid=39 type=S from=4 to=2 prio=0
EV rep=1 t=307698 pid=40 type=S from=3 to=4 prio=0
EV rep=1 t=315641 pid=36 type=S from=2 to=3 prio=0
EV rep=1 t=315645 pid=39 type=S from=2 to=3 prio=0
EV rep=1 t=338042 pid=40 type=S from=4 to=5 prio=0
EV rep=1 t=338088 pid=36 type=S from=3 to=4 prio=0
EV rep=1 t=338101 pid=36 type=S from=4 to=2 prio=0
EV rep=1 t=338137 pid=39 type=S from=3 to=4 prio=0
EV rep=1 t=339230 pid=39 type=S from=4 to=2 prio=0
EV rep=1 t=339271 pid=37 type=S from=3 to=4 prio=1
EV rep=1 t=346257 pid=36 type=S from=2 to=3 prio=0
EV rep=1 t=346261 pid=39 type=S from=2 to=3 prio=0
EV rep=1 t=346382 pid=37 type=S from=4 to=3 prio=1
EV rep=1 t=346424 pid=36 type=S from=3 to=4 prio=0
EV rep=1 t=346434 pid=36 type=S from=4 to=2 prio=0
EV rep=1 t=346470 pid=39 type=S from=3 to=4 prio=0
EV rep=1 t=347593 pid=39 type=S from=4 to=2 prio=0
EV rep=1 t=347633 pid=37 type=S from=3 to=4 prio=1
EV rep=1 t=356439 pid=36 type=S from=2 to=3 prio=0
EV rep=1 t=356443 pid=39 type=S from=2 to=3 prio=0
EV rep=1 t=356585 pid=37 type=S from=4 to=3 prio=1
EV rep=1 t=356627 pid=36 type=S from=3 to=4 prio=0
EV rep=1 t=356637 pid=36 type=S from=4 to=2 prio=0
EV rep=1 t=356673 pid=39 type=S from=3 to=4 prio=0
EV rep=1 t=357746 pid=39 type=S from=4 to=2 prio=0
EV rep=1 t=357786 pid=37 type=S from=3 to=4 prio=1
EV rep=1 t=366697 pid=36 type=S from=2 to=3 prio=0
EV rep=1 t=366701 pid=39 type=S from=2 to=3 prio=0
EV rep=1 t=366828 pid=37 type=S from=4 to=3 prio=1
EV rep=1 t=366871 pid=36 type=S from=3 to=4 prio=0
EV rep=1 t=366881 pid=36 type=S from=4 to=2 prio=0
EV rep=1 t=366918 pid=39 type=S from=3 to=4 prio=0
EV rep=1 t=367992 pid=39 type=S from=4 to=2 prio=0
EV rep=1 t=368033 pid=37 type=S from=3 to=4 prio=1
EV rep=1 t=376914 pid=36 type=S from=2 to=3 prio=0
EV rep=1 t=376918 pid=39 type=S from=2 to=3 prio=0
EV rep=1 t=376977 pid=37 type=L from=1 to=2 prio=1
EV rep=1 t=376982 pid=37 type=S from=4 to=3 prio=2
EV rep=1 t=377080 pid=36 type=S from=3 to=4 prio=0
EV rep=1 t=377092 pid=36 type=S from=4 to=2 prio=0
EV rep=1 t=377128 pid=39 type=S from=3 to=4 prio=0
EV rep=1 t=378221 pid=39 type=S from=4 to=2 prio=0
EV rep=1 t=378267 pid=38 type=S from=3 to=4 prio=1
EV rep=1 t=387127 pid=36 type=S from=2 to=3 prio=0
EV rep=1 t=387131 pid=39 type=S from=2 to=3 prio=0
EV rep=1 t=387229 pid=38 type=S from=4 to=3 prio=1
EV rep=1 t=387308 pid=36 type=S from=3 to=4 prio=0
EV rep=1 t=387319 pid=36 type=S from=4 to=2 prio=0
EV rep=1 t=387355 pid=39 type=S from=3 to=4 prio=0
EV rep=1 t=388424 pid=39 type=S from=4 to=2 prio=0
EV rep=1 t=388464 pid=38 type=S from=3 to=4 prio=1
EV rep=1 t=397386 pid=36 type=S from=2 to=3 prio=0
EV rep=1 t=397390 pid=39 type=S from=2 to=3 prio=0
EV rep=1 t=397514 pid=38 type=S from=4 to=3 prio=1
EV rep=1 t=397555 pid=36 type=S from=3 to=4 prio=0
EV rep=1 t=397564 pid=36 type=S from=4 to=2 prio=0
EV rep=1 t=397601 pid=39 type=S from=3 to=4 prio=0
EV rep=1 t=398693 pid=39 type=S from=4 to=2 prio=0
EV rep=1 t=398733 pid=38 type=S from=3 to=4 prio=1
EV rep=1 t=407621 pid=36 type=S from=2 to=3 prio=0
EV rep=1 t=407625 pid=39 type=S from=2 to=3 prio=0
EV rep=1 t=407746 pid=38 type=S from=4 to=3 prio=1
EV rep=1 t=407786 pid=36 type=S from=3 to=4 prio=0
EV rep=1 t=407796 pid=36 type=S from=4 to=2 prio=0
EV rep=1 t=407832 pid=39 type=S from=3 to=4 prio=0
EV rep=1 t=408894 pid=39 type=S from=4 to=2 prio=0
EV rep=1 t=408935 pid=38 type=S from=3 to=4 prio=1
EV rep=1 t=417825 pid=36 type=S from=2 to=3 prio=0
EV rep=1 t=417829 pid=39 type=S from=2 to=3 prio=0
EV rep=1 t=417948 pid=38 type=S from=4 to=3 prio=1
EV rep=1 t=417988 pid=36 type=S from=3 to=4 prio=0
EV rep=1 t=417997 pid=36 type=S from=4 to=2 prio=0
EV rep=1 t=418033 pid=39 type=S from=3 to=4 prio=0
EV rep=1 t=419099 pid=39 type=S from=4 to=2 prio=0
EV rep=1 t=419139 pid=38 type=S from=3 to=4 prio=1
EV rep=1 t=428038 pid=36 type=S from=2 to=3 prio=0
EV rep=1 t=428041 pid=39 type=S from=2 to=3 prio=0
EV rep=1 t=428156 pid=38 type=S from=4 to=3 prio=1
EV rep=1 t=428196 pid=36 type=S from=3 to=4 prio=0
EV rep=1 t=428204 pid=36 type=S from=4 to=2 prio=0
EV rep=1 t=428244 pid=39 type=S from=3 to=4 prio=0
EV rep=1 t=429305 pid=39 type=S from=4 to=2 prio=0
EV rep=1 t=429345 pid=38 type=S from=3 to=4 prio=1
EV rep=1 t=438233 pid=36 type=S from=2 to=3 prio=0
EV rep=1 t=438237 pid=39 type=S from=2 to=3 prio=0
EV rep=1 t=438355 pid=38 type=S from=4 to=3 prio=1
EV rep=1 t=438395 pid=36 type=S from=3 to=4 prio=0
EV rep=1 t=438405 pid=36 type=S from=4 to=2 prio=0
EV rep=1 t=438441 pid=39 type=S from=3 to=4 prio=0
EV rep=1 t=439546 pid=39 type=S from=4 to=2 prio=0
EV rep=1 t=439588 pid=38 type=S from=3 to=4 prio=1
EV rep=1 t=448443 pid=36 type=S from=2 to=3 prio=0
EV rep=1 t=448447 pid=39 type=S from=2 to=3 prio=0
EV rep=1 t=448587 pid=38 type=S from=4 to=3 prio=1
EV rep=1 t=448627 pid=36 type=S from=3 to=4 prio=0
EV rep=1 t=448637 pid=36 type=S from=4 to=2 prio=0
EV rep=1 t=448672 pid=39 type=S from=3 to=4 prio=0
EV rep=1 t=449737 pid=39 type=S from=4 to=2 prio=0
EV rep=1 t=449777 pid=38 type=S from=3 to=4 prio=1
EV rep=1 t=458639 pid=36 type=S from=2 to=3 prio=0
EV rep=1 t=458643 pid=39 type=S from=2 to=3 prio=0
EV rep=1 t=458756 pid=38 type=S from=4 to=3 prio=1
EV rep=1 t=458795 pid=36 type=S from=3 to=4 prio=0
EV rep=1 t=458803 pid=36 type=S from=4 to=2 prio=0
EV rep=1 t=458839 pid=39 type=S from=3 to=4 prio=0
EV rep=1 t=459900 pid=39 type=S from=4 to=2 prio=0
EV rep=1 t=459941 pid=38 type=S from=3 to=4 prio=1
EV rep=1 t=468830 pid=36 type=S from=2 to=3 prio=0
EV rep=1 t=468834 pid=39 type=S from=2 to=3 prio=0
EV rep=1 t=468962 pid=38 type=S from=4 to=3 prio=1
EV rep=1 t=469005 pid=36 type=S from=3 to=4 prio=0
EV rep=1 t=469016 pid=36 type=S from=4 to=2 prio=0
EV rep=1 t=469086 pid=39 type=S from=3 to=4 prio=0
EV rep=1 t=470165 pid=39 type=S from=4 to=2 prio=0
EV rep=1 t=470206 pid=38 type=S from=3 to=4 prio=1
EV rep=1 t=478975 pid=36 type=S from=2 to=3 prio=0
EV rep=1 t=478982 pid=39 type=S from=2 to=3 prio=0
EV rep=1 t=479180 pid=38 type=S from=4 to=3 prio=1
EV rep=1 t=479224 pid=36 type=S from=3 to=4 prio=0
EV rep=1 t=479236 pid=36 type=S from=4 to=2 prio=0
EV rep=1 t=479272 pid=39 type=S from=3 to=4 prio=0
EV rep=1 t=480355 pid=39 type=S from=4 to=2 prio=0
EV rep=1 t=480397 pid=38 type=S from=3 to=4 prio=1
EV rep=1 t=489211 pid=36 type=S from=2 to=3 prio=0
EV rep=1 t=489215 pid=39 type=S from=2 to=3 prio=0
EV rep=1 t=489334 pid=38 type=S from=4 to=3 prio=1
EV rep=1 t=489374 pid=36 type=S from=3 to=4 prio=0
EV rep=1 t=489384 pid=36 type=S from=4 to=2 prio=0
EV rep=1 t=489420 pid=39 type=S from=3 to=4 prio=0
EV rep=1 t=490529 pid=39 type=S from=4 to=2 prio=0
EV rep=1 t=490571 pid=38 type=S from=3 to=4 prio=1
EV rep=1 t=499427 pid=36 type=S from=2 to=3 prio=0
EV rep=1 t=499431 pid=39 type=S from=2 to=3 prio=0
EV rep=1 t=499573 pid=38 type=S from=4 to=3 prio=1
EV rep=1 t=499617 pid=36 type=S from=3 to=4 prio=0
EV rep=1 t=499627 pid=36 type=S from=4 to=2 prio=0
EV rep=1 t=499663 pid=39 type=S from=3 to=4 prio=0
EV rep=1 t=500728 pid=39 type=S from=4 to=2 prio=0
EV rep=1 t=500768 pid=38 type=S from=3 to=4 prio=1
EV rep=1 t=509723 pid=36 type=S from=2 to=3 prio=0
EV rep=1 t=509726 pid=39 type=S from=2 to=3 prio=0
EV rep=1 t=509848 pid=38 type=S from=4 to=3 prio=1
EV rep=1 t=509890 pid=36 type=S from=3 to=4 prio=0
EV rep=1 t=509899 pid=36 type=S from=4 to=2 prio=0
EV rep=1 t=509935 pid=39 type=S from=3 to=4 prio=0
EV rep=1 t=511000 pid=39 type=S from=4 to=2 prio=0
EV rep=1 t=511047 pid=38 type=S from=3 to=4 prio=1
EV rep=1 t=519922 pid=36 type=S from=2 to=3 prio=0
EV rep=1 t=519926 pid=39 type=S from=2 to=3 prio=0
EV rep=1 t=520046 pid=38 type=S from=4 to=3 prio=1
EV rep=1 t=520086 pid=36 type=S from=3 to=4 prio=0
EV rep=1 t=520095 pid=36 type=S from=4 to=2 prio=0
EV rep=1 t=520132 pid=39 type=S from=3 to=4 prio=0
EV rep=1 t=521197 pid=39 type=S from=4 to=2 prio=0
EV rep=1 t=521239 pid=38 type=S from=3 to=4 prio=1
EV rep=1 t=530116 pid=36 type=S from=2 to=3 prio=0
EV rep=1 t=530120 pid=39 type=S from=2 to=3 prio=0
EV rep=1 t=530244 pid=38 type=S from=4 to=3 prio=1
EV rep=1 t=530286 pid=36 type=S from=3 to=4 prio=0
EV rep=1 t=530296 pid=36 type=S from=4 to=2 prio=0
EV rep=1 t=530331 pid=39 type=S from=3 to=4 prio=0
EV rep=1 t=531423 pid=39 type=S from=4 to=2 prio=0
EV rep=1 t=531468 pid=38 type=S from=3 to=4 prio=1
EV rep=1 t=540314 pid=36 type=S from=2 to=3 prio=0
EV rep=1 t=540318 pid=39 type=S from=2 to=3 prio=0
EV rep=1 t=540444 pid=38 type=S from=4 to=3 prio=1
EV rep=1 t=540505 pid=36 type=S from=3 to=4 prio=0
EV rep=1 t=540517 pid=36 type=S from=4 to=2 prio=0
EV rep=1 t=540553 pid=39 type=S from=3 to=4 prio=0
EV rep=1 t=541618 pid=39 type=S from=4 to=2 prio=0
EV rep=1 t=541659 pid=38 type=S from=3 to=4 prio=1
EV rep=1 t=550542 pid=36 type=S from=2 to=3 prio=0
EV rep=1 t=550546 pid=39 type=S from=2 to=3 prio=0
EV rep=1 t=550678 pid=38 type=S from=4 to=3 prio=1
EV rep=1 t=550719 pid=36 type=S from=3 to=4 prio=0
EV rep=1 t=550729 pid=36 type=S from=4 to=2 prio=0
EV rep=1 t=550765 pid=39 type=S from=3 to=4 prio=0
EV rep=1 t=551852 pid=39 type=S from=4 to=2 prio=0
EV rep=1 t=551893 pid=38 type=S from=3 to=4 prio=1
EV rep=1 t=560774 pid=36 type=S from=2 to=3 prio=0
EV rep=1 t=560777 pid=39 type=S from=2 to=3 prio=0
EV rep=1 t=560836 pid=38 type=L from=1 to=2 prio=1
EV rep=1 t=560842 pid=38 type=S from=4 to=3 prio=2
EV rep=1 t=560928 pid=36 type=S from=3 to=4 prio=0
EV rep=1 t=560943 pid=36 type=S from=4 to=2 prio=0
EV rep=1 t=561010 pid=39 type=S from=3 to=4 prio=0
EV rep=1 t=562123 pid=39 type=S from=4 to=2 prio=0
EV rep=1 t=562163 pid=37 type=S from=3 to=4 prio=2
EV rep=1 t=571132 pid=36 type=S from=2 to=3 prio=0
EV rep=1 t=571136 pid=39 type=S from=2 to=3 prio=0
EV rep=1 t=571260 pid=37 type=S from=4 to=3 prio=2
EV rep=1 t=571309 pid=36 type=S from=3 to=4 prio=0
EV rep=1 t=571325 pid=36 type=S from=4 to=2 prio=0
EV rep=1 t=571404 pid=39 type=S from=3 to=4 prio=0
EV rep=1 t=572533 pid=39 type=S from=4 to=2 prio=0
EV rep=1 t=572574 pid=37 type=S from=3 to=4 prio=2
EV rep=1 t=581338 pid=36 type=S from=2 to=3 prio=0
EV rep=1 t=581342 pid=39 type=S from=2 to=3 prio=0
EV rep=1 t=581467 pid=37 type=S from=4 to=3 prio=2
EV rep=1 t=581530 pid=36 type=S from=3 to=4 prio=0
EV rep=1 t=581541 pid=36 type=S from=4 to=2 prio=0
EV rep=1 t=581577 pid=39 type=S from=3 to=4 prio=0
EV rep=1 t=582650 pid=39 type=S from=4 to=2 prio=0
EV rep=1 t=582690 pid=37 type=S from=3 to=4 prio=2
EV rep=1 t=591564 pid=36 type=S from=2 to=3 prio=0
EV rep=1 t=591568 pid=39 type=S from=2 to=3 prio=0
EV rep=1 t=591663 pid=37 type=S from=4 to=3 prio=2
EV rep=1 t=591742 pid=36 type=S from=3 to=4 prio=0
EV rep=1 t=591754 pid=36 type=S from=4 to=2 prio=0
EV rep=1 t=591790 pid=39 type=S from=3 to=4 prio=0
EV rep=1 t=592855 pid=39 type=S from=4 to=2 prio=0
EV rep=1 t=592896 pid=37 type=S from=3 to=4 prio=2
EV rep=1 t=601814 pid=36 type=S from=2 to=3 prio=0
EV rep=1 t=601818 pid=39 type=S from=2 to=3 prio=0
EV rep=1 t=601947 pid=37 type=S from=4 to=3 prio=2
EV rep=1 t=601989 pid=36 type=S from=3 to=4 prio=0
EV rep=1 t=602000 pid=36 type=S from=4 to=2 prio=0
EV rep=1 t=602035 pid=39 type=S from=3 to=4 prio=0
EV rep=1 t=603128 pid=39 type=S from=4 to=2 prio=0
EV rep=1 t=603168 pid=37 type=S from=3 to=4 prio=2
EV rep=1 t=612072 pid=36 type=S from=2 to=3 prio=0
EV rep=1 t=612076 pid=39 type=S from=2 to=3 prio=0
EV rep=1 t=612200 pid=37 type=S from=4 to=3 prio=2
EV rep=1 t=612240 pid=36 type=S from=3 to=4 prio=0
EV rep=1 t=612250 pid=36 type=S from=4 to=2 prio=0
EV rep=1 t=612286 pid=39 type=S from=3 to=4 prio=0
EV rep=1 t=613370 pid=39 type=S from=4 to=2 prio=0
EV rep=1 t=613410 pid=37 type=S from=3 to=4 prio=2
EV rep=1 t=622325 pid=36 type=S from=2 to=3 prio=0
EV rep=1 t=622329 pid=39 type=S from=2 to=3 prio=0
EV rep=1 t=622459 pid=37 type=S from=4 to=3 prio=2
EV rep=1 t=622522 pid=36 type=S from=3 to=4 prio=0
EV rep=1 t=622533 pid=36 type=S from=4 to=2 prio=0
EV rep=1 t=622569 pid=39 type=S from=3 to=4 prio=0
EV rep=1 t=623633 pid=39 type=S from=4 to=2 prio=0
EV rep=1 t=623674 pid=37 type=S from=3 to=4 prio=2
EV rep=1 t=632590 pid=36 type=S from=2 to=3 prio=0
EV rep=1 t=632593 pid=39 type=S from=2 to=3 prio=0
EV rep=1 t=632719 pid=37 type=S from=4 to=3 prio=2
EV rep=1 t=632758 pid=36 type=S from=3 to=4 prio=0
EV rep=1 t=632767 pid=36 type=S from=4 to=2 prio=0
EV rep=1 t=632803 pid=39 type=S from=3 to=4 prio=0
EV rep=1 t=633869 pid=39 type=S from=4 to=2 prio=0
EV rep=1 t=633909 pid=37 type=S from=3 to=4 prio=2
EV rep=1 t=642802 pid=36 type=S from=2 to=3 prio=0
EV rep=1 t=642807 pid=39 type=S from=2 to=3 prio=0
EV rep=1 t=642927 pid=37 type=S from=4 to=3 prio=2
EV rep=1 t=642970 pid=36 type=S from=3 to=4 prio=0
EV rep=1 t=642980 pid=36 type=S from=4 to=2 prio=0
EV rep=1 t=643015 pid=39 type=S from=3 to=4 prio=0
EV rep=1 t=644108 pid=39 type=S from=4 to=2 prio=0
EV rep=1 t=644149 pid=37 type=S from=3 to=4 prio=2
EV rep=1 t=653048 pid=36 type=S from=2 to=3 prio=0
EV rep=1 t=653054 pid=39 type=S from=2 to=3 prio=0
EV rep=1 t=653172 pid=37 type=S from=4 to=3 prio=2
EV rep=1 t=653212 pid=36 type=S from=3 to=4 prio=0
EV rep=1 t=653222 pid=36 type=S from=4 to=2 prio=0
EV rep=1 t=653258 pid=39 type=S from=3 to=4 prio=0
EV rep=1 t=654349 pid=39 type=S from=4 to=2 prio=0
EV rep=1 t=654389 pid=37 type=S from=3 to=4 prio=2
EV rep=1 t=663258 pid=36 type=S from=2 to=3 prio=0
EV rep=1 t=663262 pid=39 type=S from=2 to=3 prio=0
EV rep=1 t=663381 pid=37 type=S from=4 to=3 prio=2
EV rep=1 t=663422 pid=36 type=S from=3 to=4 prio=0
EV rep=1 t=663436 pid=36 type=S from=4 to=2 prio=0
EV rep=1 t=663493 pid=39 type=S from=3 to=4 prio=0
EV rep=1 t=664587 pid=39 type=S from=4 to=2 prio=0
EV rep=1 t=664627 pid=37 type=S from=3 to=4 prio=2
EV rep=1 t=673451 pid=36 type=S from=2 to=3 prio=0
EV rep=1 t=673455 pid=39 type=S from=2 to=3 prio=0
EV rep=1 t=673593 pid=37 type=S from=4 to=3 prio=2
EV rep=1 t=673634 pid=36 type=S from=3 to=4 prio=0
EV rep=1 t=673644 pid=36 type=S from=4 to=2 prio=0
EV rep=1 t=673680 pid=39 type=S from=3 to=4 prio=0
EV rep=1 t=674744 pid=39 type=S from=4 to=2 prio=0
EV rep=1 t=674784 pid=37 type=S from=3 to=4 prio=2
EV rep=1 t=683672 pid=36 type=S from=2 to=3 prio=0
EV rep=1 t=683676 pid=39 type=S from=2 to=3 prio=0
EV rep=1 t=683812 pid=37 type=S from=4 to=3 prio=2
EV rep=1 t=683853 pid=36 type=S from=3 to=4 prio=0
EV rep=1 t=683862 pid=36 type=S from=4 to=2 prio=0
EV rep=1 t=683898 pid=39 type=S from=3 to=4 prio=0
EV rep=1 t=684963 pid=39 type=S from=4 to=2 prio=0
EV rep=1 t=685003 pid=37 type=S from=3 to=4 prio=2
EV rep=1 t=693864 pid=36 type=S from=2 to=3 prio=0
EV rep=1 t=693868 pid=39 type=S from=2 to=3 prio=0
EV rep=1 t=693988 pid=37 type=S from=4 to=3 prio=2
EV rep=1 t=694028 pid=36 type=S from=3 to=4 prio=0
EV rep=1 t=694038 pid=36 type=S from=4 to=2 prio=0
EV rep=1 t=694074 pid=39 type=S from=3 to=4 prio=0
EV rep=1 t=695139 pid=39 type=S from=4 to=2 prio=0
EV rep=1 t=695179 pid=37 type=S from=3 to=4 prio=2
EV rep=1 t=704046 pid=36 type=S from=2 to=3 prio=0
EV rep=1 t=704050 pid=39 type=S from=2 to=3 prio=0
EV rep=1 t=704169 pid=37 type=S from=4 to=3 prio=2
EV rep=1 t=704211 pid=36 type=S from=3 to=4 prio=0
EV rep=1 t=704221 pid=36 type=S from=4 to=2 prio=0
EV rep=1 t=704257 pid=39 type=S from=3 to=4 prio=0
EV rep=1 t=705328 pid=39 type=S from=4 to=2 prio=0
EV rep=1 t=705368 pid=37 type=S from=3 to=4 prio=2
EV rep=1 t=714254 pid=36 type=S from=2 to=3 prio=0
EV rep=1 t=714258 pid=39 type=S from=2 to=3 prio=0
EV rep=1 t=714377 pid=37 type=S from=4 to=3 prio=2
EV rep=1 t=714418 pid=36 type=S from=3 to=4 prio=0
EV rep=1 t=714739 pid=41 type=S from=1 to=3 prio=0
EV rep=1 t=715711 pid=36 type=S from=4 to=2 prio=0
EV rep=1 t=715751 pid=39 type=S from=3 to=4 prio=0
EV rep=1 t=716816 pid=39 type=S from=4 to=2 prio=0
EV rep=1 t=716856 pid=41 type=S from=3 to=4 prio=0
EV rep=1 t=724439 pid=39 type=S from=2 to=3 prio=0
EV rep=1 t=747059 pid=36 type=S from=2 to=3 prio=0
EV rep=1 t=747092 pid=41 type=S from=4 to=5 prio=0
EV rep=1 t=747136 pid=39 type=S from=3 to=4 prio=0
EV rep=1 t=748232 pid=39 type=S from=4 to=2 prio=0
EV rep=1 t=748272 pid=36 type=S from=3 to=4 prio=0
EV rep=1 t=749100 pid=36 type=S from=4 to=2 prio=0
EV rep=1 t=749138 pid=37 type=S from=3 to=4 prio=2
EV rep=1 t=755017 pid=39 type=S from=2 to=3 prio=0
EV rep=1 t=755139 pid=37 type=S from=4 to=3 prio=2
EV rep=1 t=755181 pid=39 type=S from=3 to=4 prio=0
EV rep=1 t=756249 pid=39 type=S from=4 to=2 prio=0
EV rep=1 t=756289 pid=37 type=S from=3 to=4 prio=2
EV rep=1 t=765221 pid=39 type=S from=2 to=3 prio=0
EV rep=1 t=765337 pid=37 type=S from=4 to=3 prio=2
EV rep=1 t=765376 pid=39 type=S from=3 to=4 prio=0
EV rep=1 t=766444 pid=39 type=S from=4 to=2 prio=0
EV rep=1 t=766503 pid=37 type=S from=3 to=4 prio=2
EV rep=1 t=775395 pid=39 type=S from=2 to=3 prio=0
EV rep=1 t=775536 pid=37 type=S from=4 to=3 prio=2
EV rep=1 t=775575 pid=39 type=S from=3 to=4 prio=0
EV rep=1 t=776638 pid=39 type=S from=4 to=2 prio=0
EV rep=1 t=776678 pid=37 type=S from=3 to=4 prio=2
EV rep=1 t=785596 pid=39 type=S from=2 to=3 prio=0
EV rep=1 t=785720 pid=37 type=S from=4 to=3 prio=2
EV rep=1 t=785760 pid=39 type=S from=3 to=4 prio=0
EV rep=1 t=786822 pid=39 type=S from=4 to=2 prio=0
EV rep=1 t=786863 pid=37 type=S from=3 to=4 prio=2
EV rep=1 t=795768 pid=39 type=S from=2 to=3 prio=0
EV rep=1 t=795879 pid=37 type=S from=4 to=3 prio=2
EV rep=1 t=795917 pid=39 type=S from=3 to=4 prio=0
EV rep=1 t=796980 pid=39 type=S from=4 to=2 prio=0
EV rep=1 t=797047 pid=37 type=S from=3 to=4 prio=2
EV rep=1 t=805962 pid=39 type=S from=2 to=3 prio=0
EV rep=1 t=806183 pid=37 type=S from=4 to=3 prio=2
EV rep=1 t=806285 pid=39 type=S from=3 to=4 prio=0
EV rep=1 t=807399 pid=39 type=S from=4 to=2 prio=0
EV rep=1 t=807447 pid=37 type=S from=3 to=4 prio=2
EV rep=1 t=816177 pid=39 type=S from=2 to=3 prio=0
EV rep=1 t=816299 pid=37 type=S from=4 to=3 prio=2
EV rep=1 t=816339 pid=39 type=S from=3 to=4 prio=0
EV rep=1 t=817422 pid=39 type=S from=4 to=2 prio=0
EV rep=1 t=817484 pid=37 type=S from=3 to=4 prio=2
EV rep=1 t=826359 pid=39 type=S from=2 to=3 prio=0
EV rep=1 t=826493 pid=37 type=S from=4 to=3 prio=2
EV rep=1 t=826532 pid=39 type=S from=3 to=4 prio=0
EV rep=1 t=827621 pid=39 type=S from=4 to=2 prio=0
EV rep=1 t=827662 pid=37 type=S from=3 to=4 prio=2
EV rep=1 t=836560 pid=39 type=S from=2 to=3 prio=0
EV rep=1 t=836678 pid=37 type=S from=4 to=3 prio=2
EV rep=1 t=836718 pid=39 type=S from=3 to=4 prio=0
EV rep=1 t=837797 pid=39 type=S from=4 to=2 prio=0
EV rep=1 t=837838 pid=37 type=S from=3 to=4 prio=2
EV rep=1 t=846749 pid=39 type=S from=2 to=3 prio=0
EV rep=1 t=846869 pid=37 type=S from=4 to=3 prio=2
EV rep=1 t=846911 pid=39 type=S from=3 to=4 prio=0
EV rep=1 t=847977 pid=39 type=S from=4 to=2 prio=0
EV rep=1 t=848018 pid=37 type=S from=3 to=4 prio=2
EV rep=1 t=856944 pid=39 type=S from=2 to=3 prio=0
EV rep=1 t=857118 pid=37 type=S from=4 to=3 prio=2
EV rep=1 t=857159 pid=39 type=S from=3 to=4 prio=0
EV rep=1 t=858253 pid=39 type=S from=4 to=2 prio=0
EV rep=1 t=858294 pid=37 type=S from=3 to=4 prio=2
EV rep=1 t=867100 pid=39 type=S from=2 to=3 prio=0
EV rep=1 t=867214 pid=37 type=S from=4 to=3 prio=2
EV rep=1 t=867254 pid=39 type=S from=3 to=4 prio=0
EV rep=1 t=868316 pid=39 type=S from=4 to=2 prio=0
EV rep=1 t=868356 pid=37 type=S from=3 to=4 prio=2
EV rep=1 t=877373 pid=39 type=S from=2 to=3 prio=0
EV rep=1 t=877506 pid=37 type=S from=4 to=3 prio=2
EV rep=1 t=877547 pid=39 type=S from=3 to=4 prio=0
EV rep=1 t=878612 pid=39 type=S from=4 to=2 prio=0
EV rep=1 t=878653 pid=37 type=S from=3 to=4 prio=2
EV rep=1 t=887616 pid=39 type=S from=2 to=3 prio=0
EV rep=1 t=887740 pid=37 type=S from=4 to=3 prio=2
EV rep=1 t=887780 pid=39 type=S from=3 to=4 prio=0
EV rep=1 t=888846 pid=39 type=S from=4 to=2 prio=0
EV rep=1 t=888886 pid=37 type=S from=3 to=4 prio=2
EV rep=1 t=897839 pid=39 type=S from=2 to=3 prio=0
EV rep=1 t=897980 pid=37 type=S from=4 to=3 prio=2
EV rep=1 t=898021 pid=39 type=S from=3 to=4 prio=0
EV rep=1 t=899102 pid=39 type=S from=4 to=2 prio=0
EV rep=1 t=899143 pid=37 type=S from=3 to=4 prio=2
EV rep=1 t=908068 pid=39 type=S from=2 to=3 prio=0
EV rep=1 t=908194 pid=37 type=S from=4 to=3 prio=2
EV rep=1 t=908236 pid=39 type=S from=3 to=4 prio=0
EV rep=1 t=909309 pid=39 type=S from=4 to=2 prio=0
EV rep=1 t=909349 pid=37 type=S from=3 to=4 prio=2
EV rep=1 t=918272 pid=39 type=S from=2 to=3 prio=0
EV rep=1 t=918394 pid=37 type=S from=4 to=3 prio=2
EV rep=1 t=918438 pid=39 type=S from=3 to=4 prio=0
EV rep=1 t=919535 pid=39 type=S from=4 to=2 prio=0
EV rep=1 t=919575 pid=37 type=S from=3 to=4 prio=2
EV rep=1 t=928493 pid=39 type=S from=2 to=3 prio=0
EV rep=1 t=928628 pid=37 type=S from=4 to=3 prio=2
EV rep=1 t=928679 pid=39 type=S from=3 to=4 prio=0
EV rep=1 t=929764 pid=39 type=S from=4 to=2 prio=0
EV rep=1 t=929805 pid=37 type=S from=3 to=4 prio=2
EV rep=1 t=938712 pid=39 type=S from=2 to=3 prio=0
EV rep=1 t=938833 pid=37 type=S from=4 to=3 prio=2
EV rep=1 t=938872 pid=39 type=S from=3 to=4 prio=0
EV rep=1 t=939938 pid=39 type=S from=4 to=2 prio=0
EV rep=1 t=939979 pid=37 type=S from=3 to=4 prio=2
EV rep=1 t=948940 pid=39 type=S from=2 to=3 prio=0
EV rep=1 t=949060 pid=37 type=S from=4 to=3 prio=2
EV rep=1 t=949100 pid=39 type=S from=3 to=4 prio=0
EV rep=1 t=950171 pid=39 type=S from=4 to=2 prio=0
EV rep=1 t=950211 pid=37 type=S from=3 to=4 prio=2
EV rep=1 t=959143 pid=39 type=S from=2 to=3 prio=0
EV rep=1 t=959202 pid=37 type=S from=4 to=3 prio=2
EV rep=1 t=959270 pid=39 type=S from=3 to=4 prio=0
EV rep=1 t=960353 pid=39 type=S from=4 to=2 prio=0
EV rep=1 t=960394 pid=38 type=S from=3 to=4 prio=2
EV rep=1 t=969355 pid=39 type=S from=2 to=3 prio=0
EV rep=1 t=969497 pid=38 type=S from=4 to=3 prio=2
EV rep=1 t=969536 pid=39 type=S from=3 to=4 prio=0
EV rep=1 t=970629 pid=39 type=S from=4 to=2 prio=0
EV rep=1 t=970669 pid=38 type=S from=3 to=4 prio=2
EV rep=1 t=979578 pid=39 type=S from=2 to=3 prio=0
EV rep=1 t=979712 pid=38 type=S from=4 to=3 prio=2
EV rep=1 t=979792 pid=39 type=S from=3 to=4 prio=0
EV rep=1 t=980894 pid=39 type=S from=4 to=2 prio=0
EV rep=1 t=980938 pid=38 type=S from=3 to=4 prio=2
EV rep=1 t=991614 pid=39 type=S from=2 to=3 prio=0
EV rep=1 t=991736 pid=38 type=S from=4 to=3 prio=2
EV rep=1 t=991776 pid=39 type=S from=3 to=4 prio=0
EV rep=1 t=993269 pid=39 type=S from=4 to=2 prio=0
EV rep=1 t=993313 pid=38 type=S from=3 to=4 prio=2
EV rep=1 t=1001833 pid=39 type=S from=2 to=3 prio=0
EV rep=1 t=1001957 pid=38 type=S from=4 to=3 prio=2
EV rep=1 t=1001999 pid=39 type=S from=3 to=4 prio=0
EV rep=1 t=1003068 pid=39 type=S from=4 to=2 prio=0
EV rep=1 t=1003109 pid=38 type=S from=3 to=4 prio=2
EV rep=1 t=1012561 pid=39 type=S from=2 to=3 prio=0
EV rep=1 t=1012705 pid=38 type=S from=4 to=3 prio=2
EV rep=1 t=1012752 pid=39 type=S from=3 to=4 prio=0
EV rep=1 t=1013851 pid=39 type=S from=4 to=2 prio=0
EV rep=1 t=1013892 pid=38 type=S from=3 to=4 prio=2
EV rep=1 t=1022744 pid=39 type=S from=2 to=3 prio=0
EV rep=1 t=1022867 pid=38 type=S from=4 to=3 prio=2
EV rep=1 t=1022906 pid=39 type=S from=3 to=4 prio=0
EV rep=1 t=1023974 pid=39 type=S from=4 to=2 prio=0
EV rep=1 t=1024015 pid=38 type=S from=3 to=4 prio=2
EV rep=1 t=1032947 pid=39 type=S from=2 to=3 prio=0
EV rep=1 t=1033127 pid=38 type=S from=4 to=3 prio=2
EV rep=1 t=1033169 pid=39 type=S from=3 to=4 prio=0
EV rep=1 t=1034237 pid=39 type=S from=4 to=2 prio=0
EV rep=1 t=1034277 pid=38 type=S from=3 to=4 prio=2
EV rep=1 t=1043172 pid=39 type=S from=2 to=3 prio=0
EV rep=1 t=1043288 pid=38 type=S from=4 to=3 prio=2
EV rep=1 t=1043327 pid=39 type=S from=3 to=4 prio=0
EV rep=1 t=1045634 pid=39 type=S from=4 to=2 prio=0
EV rep=1 t=1045677 pid=38 type=S from=3 to=4 prio=2
EV rep=1 t=1053321 pid=39 type=S from=2 to=3 prio=0
EV rep=1 t=1053442 pid=38 type=S from=4 to=3 prio=2
EV rep=1 t=1053504 pid=39 type=S from=3 to=4 prio=0
EV rep=1 t=1054598 pid=39 type=S from=4 to=2 prio=0
EV rep=1 t=1054639 pid=38 type=S from=3 to=4 prio=2
EV rep=1 t=1063545 pid=39 type=S from=2 to=3 prio=0
EV rep=1 t=1063666 pid=38 type=S from=4 to=3 prio=2
EV rep=1 t=1063707 pid=39 type=S from=3 to=4 prio=0
EV rep=1 t=1064790 pid=39 type=S from=4 to=2 prio=0
EV rep=1 t=1064830 pid=38 type=S from=3 to=4 prio=2
EV rep=1 t=1073718 pid=39 type=S from=2 to=3 prio=0
EV rep=1 t=1073840 pid=38 type=S from=4 to=3 prio=2
EV rep=1 t=1073880 pid=39 type=S from=3 to=4 prio=0
EV rep=1 t=1074953 pid=39 type=S from=4 to=2 prio=0
EV rep=1 t=1074994 pid=38 type=S from=3 to=4 prio=2
EV rep=1 t=1083886 pid=39 type=S from=2 to=3 prio=0
EV rep=1 t=1084000 pid=38 type=S from=4 to=3 prio=2
EV rep=1 t=1084039 pid=39 type=S from=3 to=4 prio=0
EV rep=1 t=1085109 pid=39 type=S from=4 to=2 prio=0
EV rep=1 t=1085149 pid=38 type=S from=3 to=4 prio=2
EV rep=1 t=1094014 pid=39 type=S from=2 to=3 prio=0
EV rep=1 t=1094120 pid=38 type=S from=4 to=3 prio=2
EV rep=1 t=1094160 pid=39 type=S from=3 to=4 prio=0
EV rep=1 t=1095230 pid=39 type=S from=4 to=2 prio=0
EV rep=1 t=1095271 pid=38 type=S from=3 to=4 prio=2
EV rep=1 t=1104197 pid=39 type=S from=2 to=3 prio=0
EV rep=1 t=1104319 pid=38 type=S from=4 to=3 prio=2
EV rep=1 t=1104359 pid=39 type=S from=3 to=4 prio=0
EV rep=1 t=1105443 pid=39 type=S from=4 to=2 prio=0
EV rep=1 t=1105506 pid=38 type=S from=3 to=4 prio=2
EV rep=1 t=1114387 pid=39 type=S from=2 to=3 prio=0
EV rep=1 t=1114540 pid=38 type=S from=4 to=3 prio=2
EV rep=1 t=1114583 pid=39 type=S from=3 to=4 prio=0
EV rep=1 t=1115678 pid=39 type=S from=4 to=2 prio=0
EV rep=1 t=1115720 pid=38 type=S from=3 to=4 prio=2
EV rep=1 t=1124606 pid=39 type=S from=2 to=3 prio=0
EV rep=1 t=1124834 pid=38 type=S from=4 to=3 prio=2
EV rep=1 t=1124922 pid=39 type=S from=3 to=4 prio=0
EV rep=1 t=1126057 pid=39 type=S from=4 to=2 prio=0
EV rep=1 t=1126145 pid=38 type=S from=3 to=4 prio=2
EV rep=1 t=1134821 pid=39 type=S from=2 to=3 prio=0
EV rep=1 t=1134942 pid=38 type=S from=4 to=3 prio=2
EV rep=1 t=1134985 pid=39 type=S from=3 to=4 prio=0
EV rep=1 t=1136091 pid=39 type=S from=4 to=2 prio=0
EV rep=1 t=1136175 pid=38 type=S from=3 to=4 prio=2
EV rep=1 t=1145013 pid=39 type=S from=2 to=3 prio=0
EV rep=1 t=1145165 pid=38 type=S from=4 to=3 prio=2
EV rep=1 t=1145206 pid=39 type=S from=3 to=4 prio=0
EV rep=1 t=1146275 pid=39 type=S from=4 to=2 prio=0
EV rep=1 t=1146316 pid=38 type=S from=3 to=4 prio=2
EV rep=1 t=1155187 pid=39 type=S from=2 to=3 prio=0
EV rep=1 t=1155304 pid=38 type=S from=4 to=3 prio=2
EV rep=1 t=1155344 pid=39 type=S from=3 to=4 prio=0
EV rep=1 t=1156410 pid=39 type=S from=4 to=2 prio=0
EV rep=1 t=1156451 pid=38 type=S from=3 to=4 prio=2
EV rep=1 t=1165340 pid=39 type=S from=2 to=3 prio=0
EV rep=1 t=1165461 pid=38 type=S from=4 to=3 prio=2
EV rep=1 t=1165520 pid=39 type=S from=3 to=4 prio=0
EV rep=1 t=1166613 pid=39 type=S from=4 to=2 prio=0
EV rep=1 t=1166654 pid=38 type=S from=3 to=4 prio=2
EV rep=1 t=1175552 pid=39 type=S from=2 to=3 prio=0
EV rep=1 t=1175672 pid=38 type=S from=4 to=3 prio=2
EV rep=1 t=1175714 pid=39 type=S from=3 to=4 prio=0
EV rep=1 t=1176791 pid=39 type=S from=4 to=2 prio=0
EV rep=1 t=1176831 pid=38 type=S from=3 to=4 prio=2
EV rep=1 t=1185745 pid=39 type=S from=2 to=3 prio=0
EV rep=1 t=1185870 pid=38 type=S from=4 to=3 prio=2
EV rep=1 t=1185912 pid=39 type=S from=3 to=4 prio=0
EV rep=1 t=1186981 pid=39 type=S from=4 to=2 prio=0
EV rep=1 t=1187021 pid=38 type=S from=3 to=4 prio=2
EV rep=1 t=1195924 pid=39 type=S from=2 to=3 prio=0
EV rep=1 t=1196038 pid=38 type=S from=4 to=3 prio=2
EV rep=1 t=1196077 pid=39 type=S from=3 to=4 prio=0
EV rep=1 t=1197141 pid=39 type=S from=4 to=2 prio=0
EV rep=1 t=1197181 pid=38 type=S from=3 to=4 prio=2
EV rep=1 t=1206094 pid=39 type=S from=2 to=3 prio=0
EV rep=1 t=1206207 pid=38 type=S from=4 to=3 prio=2
EV rep=1 t=1206246 pid=39 type=S from=3 to=4 prio=0
EV rep=1 t=1207308 pid=39 type=S from=4 to=2 prio=0
EV rep=1 t=1207348 pid=38 type=S from=3 to=4 prio=2
EV rep=1 t=1216277 pid=39 type=S from=2 to=3 prio=0
EV rep=1 t=1216395 pid=38 type=S from=4 to=3 prio=2
EV rep=1 t=1216435 pid=39 type=S from=3 to=4 prio=0
EV rep=1 t=1217539 pid=39 type=S from=4 to=2 prio=0
EV rep=1 t=1217579 pid=38 type=S from=3 to=4 prio=2
EV rep=1 t=1226502 pid=39 type=S from=2 to=3 prio=0
EV rep=1 t=1226623 pid=38 type=S from=4 to=3 prio=2
EV rep=1 t=1226663 pid=39 type=S from=3 to=4 prio=0
EV rep=1 t=1226795 pid=36 type=S from=2 to=3 prio=0
EV rep=1 t=1226827 pid=39 type=S from=4 to=5 prio=0
EV rep=1 t=1226865 pid=36 type=S from=3 to=4 prio=0
EV rep=1 t=1227753 pid=36 type=S from=4 to=2 prio=0
EV rep=1 t=1227796 pid=38 type=S from=3 to=4 prio=2
EV rep=1 t=1308080 pid=38 type=S from=4 to=3 prio=2
EV rep=1 t=1308150 pid=37 type=S from=3 to=4 prio=2
EV rep=1 t=1624253 pid=37 type=S from=4 to=3 prio=2
EV rep=1 t=1624326 pid=38 type=S from=3 to=4 prio=2
EV rep=1 t=1941054 pid=38 type=S from=4 to=3 prio=2
EV rep=1 t=1941129 pid=37 type=S from=3 to=4 prio=2
EV rep=1 t=2065472 pid=36 type=S from=2 to=3 prio=0
EV rep=1 t=2065507 pid=37 type=S from=4 to=5 prio=2
EV rep=1 t=2065551 pid=36 type=S from=3 to=4 prio=0
EV rep=1 t=2066328 pid=36 type=S from=4 to=2 prio=0
EV rep=1 t=2066366 pid=38 type=S from=3 to=4 prio=2
EV rep=1 t=2190798 pid=36 type=S from=2 to=3 prio=0
EV rep=1 t=2190831 pid=38 type=S from=4 to=5 prio=2
EV rep=1 t=2190876 pid=36 type=S from=3 to=4 prio=0
EV rep=1 t=2192213 pid=35 type=S from=2 to=3 prio=0
EV rep=1 t=2192268 pid=36 type=S from=4 to=2 prio=0
EV rep=1 t=2192306 pid=35 type=S from=3 to=4 prio=0
EV rep=1 t=2192359 pid=36 type=S from=2 to=3 prio=0
EV rep=1 t=2192762 pid=35 type=S from=4 to=2 prio=0
EV rep=1 t=2192802 pid=36 type=S from=3 to=4 prio=0
EV rep=1 t=2193097 pid=35 type=S from=2 to=3 prio=0
EV rep=1 t=2193305 pid=36 type=S from=4 to=5 prio=0
EV rep=1 t=2193343 pid=35 type=S from=3 to=4 prio=0
END exp=mixed rep=1
BEGIN exp=mixed rep=2 driver=42
JOB exp=mixed rep=2 name=short1 pid=46 arrive=305227 first=306459 end=336733 cpu=30274 wait=1231 sleep=0 response=1232 turnaround=31506 maxwait=1231 dispatch=1 expire=0 preempt=0 nsleep=0 demote=0 promote=0 prio=0 q0=30274 q1=0 q2=0
JOB exp=mixed rep=2 name=short2 pid=47 arrive=713651 first=715799 end=746121 cpu=30321 wait=2147 sleep=0 response=2148 turnaround=32470 maxwait=2147 dispatch=1 expire=0 preempt=0 nsleep=0 demote=0 promote=0 prio=0 q0=30321 q1=0 q2=0
JOB exp=mixed rep=2 name=io pid=45 arrive=612 first=162116 end=1223007 cpu=109402 wait=229391 sleep=883601 response=161504 turnaround=1222395 maxwait=161503 dispatch=101 expire=0 preempt=0 nsleep=100 demote=0 promote=0 prio=0 q0=109402 q1=0 q2=0
JOB exp=mixed rep=2 name=long1 pid=43 arrive=0 first=741 end=2071909 cpu=1000263 wait=1071645 sleep=0 response=741 turnaround=2071909 maxwait=357059 dispatch=57 expire=4 preempt=52 nsleep=0 demote=2 promote=0 prio=2 q0=79580 q1=160223 q2=760459
JOB exp=mixed rep=2 name=long2 pid=44 arrive=351 first=80401 end=2189572 cpu=1000302 wait=1188918 sleep=0 response=80050 turnaround=2189221 maxwait=398850 dispatch=48 expire=4 preempt=43 nsleep=0 demote=2 promote=0 prio=2 q0=81617 q1=160875 q2=757809
END exp=mixed rep=2
BEGIN exp=mixed rep=3 driver=48
JOB exp=mixed rep=3 name=short1 pid=52 arrive=305330 first=306570 end=336842 cpu=30272 wait=1240 sleep=0 response=1240 turnaround=31512 maxwait=1240 dispatch=1 expire=0 preempt=0 nsleep=0 demote=0 promote=0 prio=0 q0=30272 q1=0 q2=0
JOB exp=mixed rep=3 name=short2 pid=53 arrive=713492 first=715615 end=745871 cpu=30256 wait=2122 sleep=0 response=2123 turnaround=32379 maxwait=2122 dispatch=1 expire=0 preempt=0 nsleep=0 demote=0 promote=0 prio=0 q0=30256 q1=0 q2=0
JOB exp=mixed rep=3 name=io pid=51 arrive=640 first=161974 end=1224260 cpu=109978 wait=228690 sleep=884950 response=161334 turnaround=1223620 maxwait=161334 dispatch=101 expire=0 preempt=0 nsleep=100 demote=0 promote=0 prio=0 q0=109978 q1=0 q2=0
JOB exp=mixed rep=3 name=long1 pid=49 arrive=0 first=794 end=2062649 cpu=1000257 wait=1062390 sleep=0 response=794 turnaround=2062649 maxwait=346972 dispatch=57 expire=4 preempt=52 nsleep=0 demote=2 promote=0 prio=2 q0=79617 q1=160051 q2=760588
JOB exp=mixed rep=3 name=long2 pid=50 arrive=311 first=80492 end=2189181 cpu=1000304 wait=1188565 sleep=0 response=80181 turnaround=2188870 maxwait=399872 dispatch=48 expire=4 preempt=43 nsleep=0 demote=2 promote=0 prio=2 q0=81403 q1=162005 q2=756896
END exp=mixed rep=3
BEGIN exp=mixed rep=4 driver=54
JOB exp=mixed rep=4 name=short1 pid=58 arrive=305337 first=306582 end=336822 cpu=30240 wait=1244 sleep=0 response=1245 turnaround=31485 maxwait=1244 dispatch=1 expire=0 preempt=0 nsleep=0 demote=0 promote=0 prio=0 q0=30240 q1=0 q2=0
JOB exp=mixed rep=4 name=short2 pid=59 arrive=712688 first=715054 end=745312 cpu=30258 wait=2366 sleep=0 response=2366 turnaround=32624 maxwait=2366 dispatch=1 expire=0 preempt=0 nsleep=0 demote=0 promote=0 prio=0 q0=30258 q1=0 q2=0
JOB exp=mixed rep=4 name=io pid=57 arrive=621 first=162098 end=1221712 cpu=108502 wait=227493 sleep=885094 response=161477 turnaround=1221091 maxwait=161477 dispatch=101 expire=0 preempt=0 nsleep=100 demote=0 promote=0 prio=0 q0=108502 q1=0 q2=0
JOB exp=mixed rep=4 name=long1 pid=55 arrive=0 first=751 end=2069180 cpu=1000245 wait=1068935 sleep=0 response=751 turnaround=2069180 maxwait=356385 dispatch=57 expire=4 preempt=52 nsleep=0 demote=2 promote=0 prio=2 q0=79672 q1=160067 q2=760505
JOB exp=mixed rep=4 name=long2 pid=56 arrive=349 first=80502 end=2186694 cpu=1000289 wait=1186055 sleep=0 response=80153 turnaround=2186345 maxwait=398304 dispatch=48 expire=4 preempt=43 nsleep=0 demote=2 promote=0 prio=2 q0=81519 q1=161685 q2=757084
END exp=mixed rep=4
BEGIN exp=mixed rep=5 driver=60
JOB exp=mixed rep=5 name=short1 pid=64 arrive=305073 first=306329 end=336602 cpu=30273 wait=1255 sleep=0 response=1256 turnaround=31529 maxwait=1255 dispatch=1 expire=0 preempt=0 nsleep=0 demote=0 promote=0 prio=0 q0=30273 q1=0 q2=0
JOB exp=mixed rep=5 name=short2 pid=65 arrive=712558 first=715165 end=745438 cpu=30272 wait=2607 sleep=0 response=2607 turnaround=32880 maxwait=2607 dispatch=1 expire=0 preempt=0 nsleep=0 demote=0 promote=0 prio=0 q0=30272 q1=0 q2=0
JOB exp=mixed rep=5 name=io pid=63 arrive=622 first=161808 end=1225698 cpu=111016 wait=227988 sleep=886071 response=161186 turnaround=1225076 maxwait=161186 dispatch=101 expire=0 preempt=0 nsleep=100 demote=0 promote=0 prio=0 q0=111016 q1=0 q2=0
JOB exp=mixed rep=5 name=long1 pid=61 arrive=0 first=755 end=2072203 cpu=1000272 wait=1071931 sleep=0 response=755 turnaround=2072203 maxwait=358686 dispatch=57 expire=4 preempt=52 nsleep=0 demote=2 promote=0 prio=2 q0=79524 q1=159920 q2=760827
JOB exp=mixed rep=5 name=long2 pid=62 arrive=344 first=80358 end=2190975 cpu=1000288 wait=1190342 sleep=0 response=80014 turnaround=2190631 maxwait=400873 dispatch=48 expire=4 preempt=43 nsleep=0 demote=2 promote=0 prio=2 q0=81374 q1=161632 q2=757281
END exp=mixed rep=5
