# config=q2-4-8 mode=icount makevars={'QUANTA': '2 4 8'}
mlfqexp single 3
CONFIG policy=MLFQ quanta=2,4,8 aging=50 tick_us=10000 ncpu=1
BEGIN exp=single rep=1 driver=4
JOB exp=single rep=1 name=cpu pid=5 arrive=0 first=15 end=500143 cpu=500040 wait=102 sleep=0 response=15 turnaround=500143 maxwait=15 dispatch=8 expire=7 preempt=0 nsleep=0 demote=2 promote=0 prio=2 q0=19210 q1=40030 q2=440799
EV rep=1 t=0 pid=5 type=S from=1 to=3 prio=0
EV rep=1 t=3 pid=4 type=S from=4 to=2 prio=0
EV rep=1 t=16 pid=5 type=S from=3 to=4 prio=0
EV rep=1 t=19226 pid=5 type=L from=0 to=1 prio=0
EV rep=1 t=19227 pid=5 type=S from=4 to=3 prio=1
EV rep=1 t=19239 pid=5 type=S from=3 to=4 prio=1
EV rep=1 t=59270 pid=5 type=L from=1 to=2 prio=1
EV rep=1 t=59270 pid=5 type=S from=4 to=3 prio=2
EV rep=1 t=59283 pid=5 type=S from=3 to=4 prio=2
EV rep=1 t=139357 pid=5 type=S from=4 to=3 prio=2
EV rep=1 t=139369 pid=5 type=S from=3 to=4 prio=2
EV rep=1 t=219443 pid=5 type=S from=4 to=3 prio=2
EV rep=1 t=219456 pid=5 type=S from=3 to=4 prio=2
EV rep=1 t=299530 pid=5 type=S from=4 to=3 prio=2
EV rep=1 t=299542 pid=5 type=S from=3 to=4 prio=2
EV rep=1 t=379617 pid=5 type=S from=4 to=3 prio=2
EV rep=1 t=379629 pid=5 type=S from=3 to=4 prio=2
EV rep=1 t=459703 pid=5 type=S from=4 to=3 prio=2
EV rep=1 t=459716 pid=5 type=S from=3 to=4 prio=2
EV rep=1 t=500133 pid=4 type=S from=2 to=3 prio=0
EV rep=1 t=500143 pid=5 type=S from=4 to=5 prio=2
EV rep=1 t=500156 pid=4 type=S from=3 to=4 prio=0
EV rep=1 t=500400 pid=3 type=S from=2 to=3 prio=0
EV rep=1 t=500446 pid=4 type=S from=4 to=5 prio=0
EV rep=1 t=500458 pid=3 type=S from=3 to=4 prio=0
END exp=single rep=1
BEGIN exp=single rep=2 driver=6
JOB exp=single rep=2 name=cpu pid=7 arrive=0 first=15 end=500143 cpu=500040 wait=102 sleep=0 response=15 turnaround=500143 maxwait=15 dispatch=8 expire=7 preempt=0 nsleep=0 demote=2 promote=0 prio=2 q0=19210 q1=40030 q2=440798
END exp=single rep=2
BEGIN exp=single rep=3 driver=8
JOB exp=single rep=3 name=cpu pid=9 arrive=0 first=15 end=500143 cpu=500041 wait=102 sleep=0 response=15 turnaround=500143 maxwait=15 dispatch=8 expire=7 preempt=0 nsleep=0 demote=2 promote=0 prio=2 q0=19210 q1=40030 q2=440799
END exp=single rep=3
mlfqexp multi 3
CONFIG policy=MLFQ quanta=2,4,8 aging=50 tick_us=10000 ncpu=1
BEGIN exp=multi rep=1 driver=11
JOB exp=multi rep=1 name=A pid=12 arrive=0 first=766 end=1161702 cpu=400037 wait=761664 sleep=0 response=766 turnaround=1161702 maxwait=160186 dispatch=7 expire=6 preempt=0 nsleep=0 demote=2 promote=0 prio=2 q0=18461 q1=40031 q2=341545
JOB exp=multi rep=1 name=B pid=13 arrive=375 first=19240 end=1181615 cpu=400038 wait=781201 sleep=0 response=18865 turnaround=1181240 maxwait=160186 dispatch=7 expire=6 preempt=0 nsleep=0 demote=2 promote=0 prio=2 q0=20008 q1=40031 q2=339998
JOB exp=multi rep=1 name=C pid=14 arrive=750 first=39261 end=1201527 cpu=400038 wait=800739 sleep=0 response=38511 turnaround=1200777 maxwait=160186 dispatch=7 expire=6 preempt=0 nsleep=0 demote=2 promote=0 prio=2 q0=20008 q1=40030 q2=339998
EV rep=1 t=0 pid=12 type=S from=1 to=3 prio=0
EV rep=1 t=375 pid=13 type=S from=1 to=3 prio=0
EV rep=1 t=750 pid=14 type=S from=1 to=3 prio=0
EV rep=1 t=753 pid=11 type=S from=4 to=2 prio=0
EV rep=1 t=766 pid=12 type=S from=3 to=4 prio=0
EV rep=1 t=19227 pid=12 type=L from=0 to=1 prio=0
EV rep=1 t=19227 pid=12 type=S from=4 to=3 prio=1
EV rep=1 t=19240 pid=13 type=S from=3 to=4 prio=0
EV rep=1 t=39248 pid=13 type=L from=0 to=1 prio=0
EV rep=1 t=39249 pid=13 type=S from=4 to=3 prio=1
EV rep=1 t=39262 pid=14 type=S from=3 to=4 prio=0
EV rep=1 t=59270 pid=14 type=L from=0 to=1 prio=0
EV rep=1 t=59271 pid=14 type=S from=4 to=3 prio=1
EV rep=1 t=59283 pid=12 type=S from=3 to=4 prio=1
EV rep=1 t=99313 pid=12 type=L from=1 to=2 prio=1
EV rep=1 t=99314 pid=12 type=S from=4 to=3 prio=2
EV rep=1 t=99327 pid=13 type=S from=3 to=4 prio=1
EV rep=1 t=139357 pid=13 type=L from=1 to=2 prio=1
EV rep=1 t=139358 pid=13 type=S from=4 to=3 prio=2
EV rep=1 t=139370 pid=14 type=S from=3 to=4 prio=1
EV rep=1 t=179400 pid=14 type=L from=1 to=2 prio=1
EV rep=1 t=179401 pid=14 type=S from=4 to=3 prio=2
EV rep=1 t=179413 pid=12 type=S from=3 to=4 prio=2
EV rep=1 t=259487 pid=12 type=S from=4 to=3 prio=2
EV rep=1 t=259500 pid=13 type=S from=3 to=4 prio=2
EV rep=1 t=339574 pid=13 type=S from=4 to=3 prio=2
EV rep=1 t=339587 pid=14 type=S from=3 to=4 prio=2
EV rep=1 t=419661 pid=14 type=S from=4 to=3 prio=2
EV rep=1 t=419674 pid=12 type=S from=3 to=4 prio=2
EV rep=1 t=499748 pid=12 type=S from=4 to=3 prio=2
EV rep=1 t=499760 pid=13 type=S from=3 to=4 prio=2
EV rep=1 t=579835 pid=13 type=S from=4 to=3 prio=2
EV rep=1 t=579847 pid=14 type=S from=3 to=4 prio=2
EV rep=1 t=659921 pid=14 type=S from=4 to=3 prio=2
EV rep=1 t=659934 pid=12 type=S from=3 to=4 prio=2
EV rep=1 t=740008 pid=12 type=S from=4 to=3 prio=2
EV rep=1 t=740020 pid=13 type=S from=3 to=4 prio=2
EV rep=1 t=820095 pid=13 type=S from=4 to=3 prio=2
EV rep=1 t=820107 pid=14 type=S from=3 to=4 prio=2
EV rep=1 t=900182 pid=14 type=S from=4 to=3 prio=2
EV rep=1 t=900194 pid=12 type=S from=3 to=4 prio=2
EV rep=1 t=980268 pid=12 type=S from=4 to=3 prio=2
EV rep=1 t=980281 pid=13 type=S from=3 to=4 prio=2
EV rep=1 t=1060355 pid=13 type=S from=4 to=3 prio=2
EV rep=1 t=1060367 pid=14 type=S from=3 to=4 prio=2
EV rep=1 t=1140442 pid=14 type=S from=4 to=3 prio=2
EV rep=1 t=1140454 pid=12 type=S from=3 to=4 prio=2
EV rep=1 t=1161692 pid=11 type=S from=2 to=3 prio=0
EV rep=1 t=1161702 pid=12 type=S from=4 to=5 prio=2
EV rep=1 t=1161715 pid=11 type=S from=3 to=4 prio=0
EV rep=1 t=1161902 pid=11 type=S from=4 to=2 prio=0
EV rep=1 t=1161914 pid=13 type=S from=3 to=4 prio=2
EV rep=1 t=1181604 pid=11 type=S from=2 to=3 prio=0
EV rep=1 t=1181615 pid=13 type=S from=4 to=5 prio=2
EV rep=1 t=1181627 pid=11 type=S from=3 to=4 prio=0
EV rep=1 t=1181814 pid=11 type=S from=4 to=2 prio=0
EV rep=1 t=1181826 pid=14 type=S from=3 to=4 prio=2
EV rep=1 t=1201517 pid=11 type=S from=2 to=3 prio=0
EV rep=1 t=1201527 pid=14 type=S from=4 to=5 prio=2
EV rep=1 t=1201539 pid=11 type=S from=3 to=4 prio=0
EV rep=1 t=1201896 pid=10 type=S from=2 to=3 prio=0
EV rep=1 t=1201942 pid=11 type=S from=4 to=5 prio=0
EV rep=1 t=1201954 pid=10 type=S from=3 to=4 prio=0
END exp=multi rep=1
BEGIN exp=multi rep=2 driver=15
JOB exp=multi rep=2 name=A pid=16 arrive=0 first=765 end=1161702 cpu=400037 wait=761663 sleep=0 response=765 turnaround=1161702 maxwait=160186 dispatch=7 expire=6 preempt=0 nsleep=0 demote=2 promote=0 prio=2 q0=18461 q1=40030 q2=341545
JOB exp=multi rep=2 name=B pid=17 arrive=375 first=19239 end=1181614 cpu=400037 wait=781201 sleep=0 response=18864 turnaround=1181239 maxwait=160186 dispatch=7 expire=6 preempt=0 nsleep=0 demote=2 promote=0 prio=2 q0=20008 q1=40030 q2=339998
JOB exp=multi rep=2 name=C pid=18 arrive=750 first=39261 end=1201526 cpu=400038 wait=800738 sleep=0 response=38511 turnaround=1200776 maxwait=160186 dispatch=7 expire=6 preempt=0 nsleep=0 demote=2 promote=0 prio=2 q0=20008 q1=40030 q2=339998
END exp=multi rep=2
BEGIN exp=multi rep=3 driver=19
JOB exp=multi rep=3 name=A pid=20 arrive=0 first=766 end=1161702 cpu=400037 wait=761663 sleep=0 response=766 turnaround=1161702 maxwait=160186 dispatch=7 expire=6 preempt=0 nsleep=0 demote=2 promote=0 prio=2 q0=18461 q1=40030 q2=341545
JOB exp=multi rep=3 name=B pid=21 arrive=375 first=19240 end=1181614 cpu=400037 wait=781201 sleep=0 response=18865 turnaround=1181239 maxwait=160186 dispatch=7 expire=6 preempt=0 nsleep=0 demote=2 promote=0 prio=2 q0=20008 q1=40030 q2=339998
JOB exp=multi rep=3 name=C pid=22 arrive=750 first=39261 end=1201527 cpu=400038 wait=800738 sleep=0 response=38511 turnaround=1200777 maxwait=160185 dispatch=7 expire=6 preempt=0 nsleep=0 demote=2 promote=0 prio=2 q0=20008 q1=40030 q2=339998
END exp=multi rep=3
mlfqexp mixed 3
CONFIG policy=MLFQ quanta=2,4,8 aging=50 tick_us=10000 ncpu=1
BEGIN exp=mixed rep=1 driver=24
JOB exp=mixed rep=1 name=short1 pid=28 arrive=299933 first=300977 end=333122 cpu=30038 wait=3150 sleep=0 response=1044 turnaround=33189 maxwait=1053 dispatch=3 expire=1 preempt=1 nsleep=0 demote=1 promote=0 prio=1 q0=18591 q1=11447 q2=0
JOB exp=mixed rep=1 name=short2 pid=29 arrive=700405 first=701633 end=733749 cpu=30037 wait=3307 sleep=0 response=1228 turnaround=33344 maxwait=1228 dispatch=3 expire=1 preempt=1 nsleep=0 demote=1 promote=0 prio=1 q0=18395 q1=11642 q2=0
JOB exp=mixed rep=1 name=io pid=27 arrive=749 first=39261 end=1060457 cpu=101465 wait=63696 sleep=894546 response=38512 turnaround=1059708 maxwait=38512 dispatch=101 expire=0 preempt=0 nsleep=100 demote=0 promote=0 prio=0 q0=101465 q1=0 q2=0
JOB exp=mixed rep=1 name=long1 pid=25 arrive=0 first=766 end=2108791 cpu=1000029 wait=1108761 sleep=0 response=766 turnaround=2108791 maxwait=123691 dispatch=57 expire=13 preempt=43 nsleep=0 demote=2 promote=0 prio=2 q0=18460 q1=35833 q2=945736
JOB exp=mixed rep=1 name=long2 pid=26 arrive=374 first=19239 end=2167550 cpu=1000038 wait=1167137 sleep=0 response=18865 turnaround=2167176 maxwait=121191 dispatch=56 expire=13 preempt=42 nsleep=0 demote=2 promote=0 prio=2 q0=20008 q1=35833 q2=944195
EV rep=1 t=0 pid=25 type=S from=1 to=3 prio=0
EV rep=1 t=375 pid=26 type=S from=1 to=3 prio=0
EV rep=1 t=749 pid=27 type=S from=1 to=3 prio=0
EV rep=1 t=754 pid=24 type=S from=4 to=2 prio=0
EV rep=1 t=766 pid=25 type=S from=3 to=4 prio=0
EV rep=1 t=9205 pid=24 type=S from=2 to=3 prio=0
EV rep=1 t=19227 pid=25 type=L from=0 to=1 prio=0
EV rep=1 t=19227 pid=25 type=S from=4 to=3 prio=1
EV rep=1 t=19240 pid=26 type=S from=3 to=4 prio=0
EV rep=1 t=39248 pid=26 type=L from=0 to=1 prio=0
EV rep=1 t=39249 pid=26 type=S from=4 to=3 prio=1
EV rep=1 t=39261 pid=27 type=S from=3 to=4 prio=0
EV rep=1 t=40275 pid=27 type=S from=4 to=2 prio=0
EV rep=1 t=40288 pid=24 type=S from=3 to=4 prio=0
EV rep=1 t=40289 pid=24 type=S from=4 to=2 prio=0
EV rep=1 t=40302 pid=25 type=S from=3 to=4 prio=1
EV rep=1 t=49249 pid=24 type=S from=2 to=3 prio=0
EV rep=1 t=49250 pid=27 type=S from=2 to=3 prio=0
EV rep=1 t=49272 pid=25 type=S from=4 to=3 prio=1
EV rep=1 t=49284 pid=24 type=S from=3 to=4 prio=0
EV rep=1 t=49286 pid=24 type=S from=4 to=2 prio=0
EV rep=1 t=49298 pid=27 type=S from=3 to=4 prio=0
EV rep=1 t=50313 pid=27 type=S from=4 to=2 prio=0
EV rep=1 t=50325 pid=25 type=S from=3 to=4 prio=1
EV rep=1 t=59260 pid=24 type=S from=2 to=3 prio=0
EV rep=1 t=59261 pid=27 type=S from=2 to=3 prio=0
EV rep=1 t=59283 pid=25 type=S from=4 to=3 prio=1
EV rep=1 t=59296 pid=24 type=S from=3 to=4 prio=0
EV rep=1 t=59297 pid=24 type=S from=4 to=2 prio=0
EV rep=1 t=59310 pid=27 type=S from=3 to=4 prio=0
EV rep=1 t=60324 pid=27 type=S from=4 to=2 prio=0
EV rep=1 t=60336 pid=25 type=S from=3 to=4 prio=1
EV rep=1 t=69272 pid=24 type=S from=2 to=3 prio=0
EV rep=1 t=69272 pid=27 type=S from=2 to=3 prio=0
EV rep=1 t=69295 pid=25 type=S from=4 to=3 prio=1
EV rep=1 t=69307 pid=24 type=S from=3 to=4 prio=0
EV rep=1 t=69308 pid=24 type=S from=4 to=2 prio=0
EV rep=1 t=69321 pid=27 type=S from=3 to=4 prio=0
EV rep=1 t=70335 pid=27 type=S from=4 to=2 prio=0
EV rep=1 t=70348 pid=25 type=S from=3 to=4 prio=1
EV rep=1 t=79283 pid=24 type=S from=2 to=3 prio=0
EV rep=1 t=79284 pid=27 type=S from=2 to=3 prio=0
EV rep=1 t=79294 pid=25 type=L from=1 to=2 prio=1
EV rep=1 t=79294 pid=25 type=S from=4 to=3 prio=2
EV rep=1 t=79307 pid=24 type=S from=3 to=4 prio=0
EV rep=1 t=79308 pid=24 type=S from=4 to=2 prio=0
EV rep=1 t=79321 pid=27 type=S from=3 to=4 prio=0
EV rep=1 t=80335 pid=27 type=S from=4 to=2 prio=0
EV rep=1 t=80348 pid=26 type=S from=3 to=4 prio=1
EV rep=1 t=89295 pid=24 type=S from=2 to=3 prio=0
EV rep=1 t=89296 pid=27 type=S from=2 to=3 prio=0
EV rep=1 t=89318 pid=26 type=S from=4 to=3 prio=1
EV rep=1 t=89330 pid=24 type=S from=3 to=4 prio=0
EV rep=1 t=89332 pid=24 type=S from=4 to=2 prio=0
EV rep=1 t=89344 pid=27 type=S from=3 to=4 prio=0
EV rep=1 t=90359 pid=27 type=S from=4 to=2 prio=0
EV rep=1 t=90371 pid=26 type=S from=3 to=4 prio=1
EV rep=1 t=99306 pid=24 type=S from=2 to=3 prio=0
EV rep=1 t=99307 pid=27 type=S from=2 to=3 prio=0
EV rep=1 t=99329 pid=26 type=S from=4 to=3 prio=1
EV rep=1 t=99342 pid=24 type=S from=3 to=4 prio=0
EV rep=1 t=99343 pid=24 type=S from=4 to=2 prio=0
EV rep=1 t=99356 pid=27 type=S from=3 to=4 prio=0
EV rep=1 t=100370 pid=27 type=S from=4 to=2 prio=0
EV rep=1 t=100382 pid=26 type=S from=3 to=4 prio=1
EV rep=1 t=109318 pid=24 type=S from=2 to=3 prio=0
EV rep=1 t=109318 pid=27 type=S from=2 to=3 prio=0
EV rep=1 t=109341 pid=26 type=S from=4 to=3 prio=1
EV rep=1 t=109353 pid=24 type=S from=3 to=4 prio=0
EV rep=1 t=109355 pid=24 type=S from=4 to=2 prio=0
EV rep=1 t=109367 pid=27 type=S from=3 to=4 prio=0
EV rep=1 t=110381 pid=27 type=S from=4 to=2 prio=0
EV rep=1 t=110394 pid=26 type=S from=3 to=4 prio=1
EV rep=1 t=119329 pid=24 type=S from=2 to=3 prio=0
EV rep=1 t=119330 pid=27 type=S from=2 to=3 prio=0
EV rep=1 t=119340 pid=26 type=L from=1 to=2 prio=1
EV rep=1 t=119341 pid=26 type=S from=4 to=3 prio=2
EV rep=1 t=119353 pid=24 type=S from=3 to=4 prio=0
EV rep=1 t=119355 pid=24 type=S from=4 to=2 prio=0
EV rep=1 t=119367 pid=27 type=S from=3 to=4 prio=0
EV rep=1 t=120381 pid=27 type=S from=4 to=2 prio=0
EV rep=1 t=120394 pid=25 type=S from=3 to=4 prio=2
EV rep=1 t=129341 pid=24 type=S from=2 to=3 prio=0
EV rep=1 t=129342 pid=27 type=S from=2 to=3 prio=0
EV rep=1 t=129364 pid=25 type=S from=4 to=3 prio=2
EV rep=1 t=129376 pid=24 type=S from=3 to=4 prio=0
EV rep=1 t=129378 pid=24 type=S from=4 to=2 prio=0
EV rep=1 t=129390 pid=27 type=S from=3 to=4 prio=0
EV rep=1 t=130404 pid=27 type=S from=4 to=2 prio=0
EV rep=1 t=130417 pid=25 type=S from=3 to=4 prio=2
EV rep=1 t=139352 pid=24 type=S from=2 to=3 prio=0
EV rep=1 t=139353 pid=27 type=S from=2 to=3 prio=0
EV rep=1 t=139375 pid=25 type=S from=4 to=3 prio=2
EV rep=1 t=139388 pid=24 type=S from=3 to=4 prio=0
EV rep=1 t=139389 pid=24 type=S from=4 to=2 prio=0
EV rep=1 t=139401 pid=27 type=S from=3 to=4 prio=0
EV rep=1 t=140416 pid=27 type=S from=4 to=2 prio=0
EV rep=1 t=140428 pid=25 type=S from=3 to=4 prio=2
EV rep=1 t=149364 pid=24 type=S from=2 to=3 prio=0
EV rep=1 t=149364 pid=27 type=S from=2 to=3 prio=0
EV rep=1 t=149387 pid=25 type=S from=4 to=3 prio=2
EV rep=1 t=149399 pid=24 type=S from=3 to=4 prio=0
EV rep=1 t=149401 pid=24 type=S from=4 to=2 prio=0
EV rep=1 t=149413 pid=27 type=S from=3 to=4 prio=0
EV rep=1 t=150427 pid=27 type=S from=4 to=2 prio=0
EV rep=1 t=150440 pid=25 type=S from=3 to=4 prio=2
EV rep=1 t=159375 pid=24 type=S from=2 to=3 prio=0
EV rep=1 t=159376 pid=27 type=S from=2 to=3 prio=0
EV rep=1 t=159398 pid=25 type=S from=4 to=3 prio=2
EV rep=1 t=159411 pid=24 type=S from=3 to=4 prio=0
EV rep=1 t=159412 pid=24 type=S from=4 to=2 prio=0
EV rep=1 t=159424 pid=27 type=S from=3 to=4 prio=0
EV rep=1 t=160439 pid=27 type=S from=4 to=2 prio=0
EV rep=1 t=160451 pid=25 type=S from=3 to=4 prio=2
EV rep=1 t=169387 pid=24 type=S from=2 to=3 prio=0
EV rep=1 t=169387 pid=27 type=S from=2 to=3 prio=0
EV rep=1 t=169410 pid=25 type=S from=4 to=3 prio=2
EV rep=1 t=169422 pid=24 type=S from=3 to=4 prio=0
EV rep=1 t=169424 pid=24 type=S from=4 to=2 prio=0
EV rep=1 t=169436 pid=27 type=S from=3 to=4 prio=0
EV rep=1 t=170450 pid=27 type=S from=4 to=2 prio=0
EV rep=1 t=170463 pid=25 type=S from=3 to=4 prio=2
EV rep=1 t=179398 pid=24 type=S from=2 to=3 prio=0
EV rep=1 t=179399 pid=27 type=S from=2 to=3 prio=0
EV rep=1 t=179421 pid=25 type=S from=4 to=3 prio=2
EV rep=1 t=179434 pid=24 type=S from=3 to=4 prio=0
EV rep=1 t=179435 pid=24 type=S from=4 to=2 prio=0
EV rep=1 t=179447 pid=27 type=S from=3 to=4 prio=0
EV rep=1 t=180462 pid=27 type=S from=4 to=2 prio=0
EV rep=1 t=180474 pid=25 type=S from=3 to=4 prio=2
EV rep=1 t=189410 pid=24 type=S from=2 to=3 prio=0
EV rep=1 t=189410 pid=27 type=S from=2 to=3 prio=0
EV rep=1 t=189433 pid=25 type=S from=4 to=3 prio=2
EV rep=1 t=189445 pid=24 type=S from=3 to=4 prio=0
EV rep=1 t=189446 pid=24 type=S from=4 to=2 prio=0
EV rep=1 t=189459 pid=27 type=S from=3 to=4 prio=0
EV rep=1 t=190473 pid=27 type=S from=4 to=2 prio=0
EV rep=1 t=190486 pid=25 type=S from=3 to=4 prio=2
EV rep=1 t=199421 pid=24 type=S from=2 to=3 prio=0
EV rep=1 t=199422 pid=27 type=S from=2 to=3 prio=0
EV rep=1 t=199444 pid=25 type=S from=4 to=3 prio=2
EV rep=1 t=199457 pid=24 type=S from=3 to=4 prio=0
EV rep=1 t=199458 pid=24 type=S from=4 to=2 prio=0
EV rep=1 t=199470 pid=27 type=S from=3 to=4 prio=0
EV rep=1 t=200485 pid=27 type=S from=4 to=2 prio=0
EV rep=1 t=200497 pid=25 type=S from=3 to=4 prio=2
EV rep=1 t=209432 pid=24 type=S from=2 to=3 prio=0
EV rep=1 t=209433 pid=27 type=S from=2 to=3 prio=0
EV rep=1 t=209444 pid=25 type=S from=4 to=3 prio=2
EV rep=1 t=209456 pid=24 type=S from=3 to=4 prio=0
EV rep=1 t=209458 pid=24 type=S from=4 to=2 prio=0
EV rep=1 t=209470 pid=27 type=S from=3 to=4 prio=0
EV rep=1 t=210485 pid=27 type=S from=4 to=2 prio=0
EV rep=1 t=210497 pid=26 type=S from=3 to=4 prio=2
EV rep=1 t=219444 pid=24 type=S from=2 to=3 prio=0
EV rep=1 t=219445 pid=27 type=S from=2 to=3 prio=0
EV rep=1 t=219467 pid=26 type=S from=4 to=3 prio=2
EV rep=1 t=219480 pid=24 type=S from=3 to=4 prio=0
EV rep=1 t=219481 pid=24 type=S from=4 to=2 prio=0
EV rep=1 t=219493 pid=27 type=S from=3 to=4 prio=0
EV rep=1 t=220508 pid=27 type=S from=4 to=2 prio=0
EV rep=1 t=220520 pid=26 type=S from=3 to=4 prio=2
EV rep=1 t=229455 pid=24 type=S from=2 to=3 prio=0
EV rep=1 t=229456 pid=27 type=S from=2 to=3 prio=0
EV rep=1 t=229479 pid=26 type=S from=4 to=3 prio=2
EV rep=1 t=229491 pid=24 type=S from=3 to=4 prio=0
EV rep=1 t=229492 pid=24 type=S from=4 to=2 prio=0
EV rep=1 t=229505 pid=27 type=S from=3 to=4 prio=0
EV rep=1 t=230519 pid=27 type=S from=4 to=2 prio=0
EV rep=1 t=230532 pid=26 type=S from=3 to=4 prio=2
EV rep=1 t=239467 pid=24 type=S from=2 to=3 prio=0
EV rep=1 t=239468 pid=27 type=S from=2 to=3 prio=0
EV rep=1 t=239490 pid=26 type=S from=4 to=3 prio=2
EV rep=1 t=239503 pid=24 type=S from=3 to=4 prio=0
EV rep=1 t=239504 pid=24 type=S from=4 to=2 prio=0
EV rep=1 t=239516 pid=27 type=S from=3 to=4 prio=0
EV rep=1 t=240531 pid=27 type=S from=4 to=2 prio=0
EV rep=1 t=240543 pid=26 type=S from=3 to=4 prio=2
EV rep=1 t=249478 pid=24 type=S from=2 to=3 prio=0
EV rep=1 t=249479 pid=27 type=S from=2 to=3 prio=0
EV rep=1 t=249501 pid=26 type=S from=4 to=3 prio=2
EV rep=1 t=249514 pid=24 type=S from=3 to=4 prio=0
EV rep=1 t=249515 pid=24 type=S from=4 to=2 prio=0
EV rep=1 t=249528 pid=27 type=S from=3 to=4 prio=0
EV rep=1 t=250542 pid=27 type=S from=4 to=2 prio=0
EV rep=1 t=250554 pid=26 type=S from=3 to=4 prio=2
EV rep=1 t=259490 pid=24 type=S from=2 to=3 prio=0
EV rep=1 t=259491 pid=27 type=S from=2 to=3 prio=0
EV rep=1 t=259513 pid=26 type=S from=4 to=3 prio=2
EV rep=1 t=259525 pid=24 type=S from=3 to=4 prio=0
EV rep=1 t=259527 pid=24 type=S from=4 to=2 prio=0
EV rep=1 t=259539 pid=27 type=S from=3 to=4 prio=0
EV rep=1 t=260554 pid=27 type=S from=4 to=2 prio=0
EV rep=1 t=260566 pid=26 type=S from=3 to=4 prio=2
EV rep=1 t=269501 pid=24 type=S from=2 to=3 prio=0
EV rep=1 t=269502 pid=27 type=S from=2 to=3 prio=0
EV rep=1 t=269524 pid=26 type=S from=4 to=3 prio=2
EV rep=1 t=269537 pid=24 type=S from=3 to=4 prio=0
EV rep=1 t=269538 pid=24 type=S from=4 to=2 prio=0
EV rep=1 t=269550 pid=27 type=S from=3 to=4 prio=0
EV rep=1 t=270565 pid=27 type=S from=4 to=2 prio=0
EV rep=1 t=270577 pid=26 type=S from=3 to=4 prio=2
EV rep=1 t=279513 pid=24 type=S from=2 to=3 prio=0
EV rep=1 t=279513 pid=27 type=S from=2 to=3 prio=0
EV rep=1 t=279536 pid=26 type=S from=4 to=3 prio=2
EV rep=1 t=279548 pid=24 type=S from=3 to=4 prio=0
EV rep=1 t=279550 pid=24 type=S from=4 to=2 prio=0
EV rep=1 t=279562 pid=27 type=S from=3 to=4 prio=0
EV rep=1 t=280576 pid=27 type=S from=4 to=2 prio=0
EV rep=1 t=280589 pid=26 type=S from=3 to=4 prio=2
EV rep=1 t=289524 pid=24 type=S from=2 to=3 prio=0
EV rep=1 t=289525 pid=27 type=S from=2 to=3 prio=0
EV rep=1 t=289547 pid=26 type=S from=4 to=3 prio=2
EV rep=1 t=289560 pid=24 type=S from=3 to=4 prio=0
EV rep=1 t=289561 pid=24 type=S from=4 to=2 prio=0
EV rep=1 t=289574 pid=27 type=S from=3 to=4 prio=0
EV rep=1 t=290588 pid=27 type=S from=4 to=2 prio=0
EV rep=1 t=290600 pid=26 type=S from=3 to=4 prio=2
EV rep=1 t=299535 pid=24 type=S from=2 to=3 prio=0
EV rep=1 t=299536 pid=27 type=S from=2 to=3 prio=0
EV rep=1 t=299547 pid=26 type=S from=4 to=3 prio=2
EV rep=1 t=299559 pid=24 type=S from=3 to=4 prio=0
EV rep=1 t=299933 pid=28 type=S from=1 to=3 prio=0
EV rep=1 t=299938 pid=24 type=S from=4 to=2 prio=0
EV rep=1 t=299950 pid=27 type=S from=3 to=4 prio=0
EV rep=1 t=300965 pid=27 type=S from=4 to=2 prio=0
EV rep=1 t=300977 pid=28 type=S from=3 to=4 prio=0
EV rep=1 t=309547 pid=24 type=S from=2 to=3 prio=0
EV rep=1 t=309548 pid=27 type=S from=2 to=3 prio=0
EV rep=1 t=319569 pid=28 type=L from=0 to=1 prio=0
EV rep=1 t=319569 pid=28 type=S from=4 to=3 prio=1
EV rep=1 t=319582 pid=24 type=S from=3 to=4 prio=0
EV rep=1 t=319583 pid=24 type=S from=4 to=2 prio=0
EV rep=1 t=319596 pid=27 type=S from=3 to=4 prio=0
EV rep=1 t=320610 pid=27 type=S from=4 to=2 prio=0
EV rep=1 t=320623 pid=28 type=S from=3 to=4 prio=1
EV rep=1 t=329569 pid=24 type=S from=2 to=3 prio=0
EV rep=1 t=329570 pid=27 type=S from=2 to=3 prio=0
EV rep=1 t=329592 pid=28 type=S from=4 to=3 prio=1
EV rep=1 t=329605 pid=24 type=S from=3 to=4 prio=0
EV rep=1 t=329606 pid=24 type=S from=4 to=2 prio=0
EV rep=1 t=329619 pid=27 type=S from=3 to=4 prio=0
EV rep=1 t=330633 pid=27 type=S from=4 to=2 prio=0
EV rep=1 t=330646 pid=28 type=S from=3 to=4 prio=1
EV rep=1 t=333122 pid=28 type=S from=4 to=5 prio=1
EV rep=1 t=333135 pid=25 type=S from=3 to=4 prio=2
EV rep=1 t=339581 pid=24 type=S from=2 to=3 prio=0
EV rep=1 t=339582 pid=27 type=S from=2 to=3 prio=0
EV rep=1 t=339604 pid=25 type=S from=4 to=3 prio=2
EV rep=1 t=339616 pid=24 type=S from=3 to=4 prio=0
EV rep=1 t=339618 pid=24 type=S from=4 to=2 prio=0
EV rep=1 t=339630 pid=27 type=S from=3 to=4 prio=0
EV rep=1 t=340644 pid=27 type=S from=4 to=2 prio=0
EV rep=1 t=340657 pid=25 type=S from=3 to=4 prio=2
EV rep=1 t=349592 pid=24 type=S from=2 to=3 prio=0
EV rep=1 t=349593 pid=27 type=S from=2 to=3 prio=0
EV rep=1 t=349615 pid=25 type=S from=4 to=3 prio=2
EV rep=1 t=349628 pid=24 type=S from=3 to=4 prio=0
EV rep=1 t=349629 pid=24 type=S from=4 to=2 prio=0
EV rep=1 t=349641 pid=27 type=S from=3 to=4 prio=0
EV rep=1 t=350656 pid=27 type=S from=4 to=2 prio=0
EV rep=1 t=350668 pid=25 type=S from=3 to=4 prio=2
EV rep=1 t=359603 pid=24 type=S from=2 to=3 prio=0
EV rep=1 t=359604 pid=27 type=S from=2 to=3 prio=0
EV rep=1 t=359626 pid=25 type=S from=4 to=3 prio=2
EV rep=1 t=359639 pid=24 type=S from=3 to=4 prio=0
EV rep=1 t=359640 pid=24 type=S from=4 to=2 prio=0
EV rep=1 t=359653 pid=27 type=S from=3 to=4 prio=0
EV rep=1 t=360667 pid=27 type=S from=4 to=2 prio=0
EV rep=1 t=360680 pid=25 type=S from=3 to=4 prio=2
EV rep=1 t=369615 pid=24 type=S from=2 to=3 prio=0
EV rep=1 t=369616 pid=27 type=S from=2 to=3 prio=0
EV rep=1 t=369638 pid=25 type=S from=4 to=3 prio=2
EV rep=1 t=369650 pid=24 type=S from=3 to=4 prio=0
EV rep=1 t=369652 pid=24 type=S from=4 to=2 prio=0
EV rep=1 t=369664 pid=27 type=S from=3 to=4 prio=0
EV rep=1 t=370679 pid=27 type=S from=4 to=2 prio=0
EV rep=1 t=370691 pid=25 type=S from=3 to=4 prio=2
EV rep=1 t=379627 pid=24 type=S from=2 to=3 prio=0
EV rep=1 t=379627 pid=27 type=S from=2 to=3 prio=0
EV rep=1 t=379650 pid=25 type=S from=4 to=3 prio=2
EV rep=1 t=379662 pid=24 type=S from=3 to=4 prio=0
EV rep=1 t=379664 pid=24 type=S from=4 to=2 prio=0
EV rep=1 t=379676 pid=27 type=S from=3 to=4 prio=0
EV rep=1 t=380690 pid=27 type=S from=4 to=2 prio=0
EV rep=1 t=380703 pid=25 type=S from=3 to=4 prio=2
EV rep=1 t=389638 pid=24 type=S from=2 to=3 prio=0
EV rep=1 t=389639 pid=27 type=S from=2 to=3 prio=0
EV rep=1 t=389661 pid=25 type=S from=4 to=3 prio=2
EV rep=1 t=389674 pid=24 type=S from=3 to=4 prio=0
EV rep=1 t=389675 pid=24 type=S from=4 to=2 prio=0
EV rep=1 t=389688 pid=27 type=S from=3 to=4 prio=0
EV rep=1 t=390702 pid=27 type=S from=4 to=2 prio=0
EV rep=1 t=390715 pid=25 type=S from=3 to=4 prio=2
EV rep=1 t=399650 pid=24 type=S from=2 to=3 prio=0
EV rep=1 t=399651 pid=27 type=S from=2 to=3 prio=0
EV rep=1 t=399673 pid=25 type=S from=4 to=3 prio=2
EV rep=1 t=399686 pid=24 type=S from=3 to=4 prio=0
EV rep=1 t=399687 pid=24 type=S from=4 to=2 prio=0
EV rep=1 t=399700 pid=27 type=S from=3 to=4 prio=0
EV rep=1 t=400714 pid=27 type=S from=4 to=2 prio=0
EV rep=1 t=400726 pid=25 type=S from=3 to=4 prio=2
EV rep=1 t=409662 pid=24 type=S from=2 to=3 prio=0
EV rep=1 t=409663 pid=27 type=S from=2 to=3 prio=0
EV rep=1 t=409685 pid=25 type=S from=4 to=3 prio=2
EV rep=1 t=409698 pid=24 type=S from=3 to=4 prio=0
EV rep=1 t=409699 pid=24 type=S from=4 to=2 prio=0
EV rep=1 t=409711 pid=27 type=S from=3 to=4 prio=0
EV rep=1 t=410726 pid=27 type=S from=4 to=2 prio=0
EV rep=1 t=410738 pid=25 type=S from=3 to=4 prio=2
EV rep=1 t=419674 pid=24 type=S from=2 to=3 prio=0
EV rep=1 t=419675 pid=27 type=S from=2 to=3 prio=0
EV rep=1 t=419685 pid=25 type=S from=4 to=3 prio=2
EV rep=1 t=419698 pid=24 type=S from=3 to=4 prio=0
EV rep=1 t=419699 pid=24 type=S from=4 to=2 prio=0
EV rep=1 t=419711 pid=27 type=S from=3 to=4 prio=0
EV rep=1 t=420726 pid=27 type=S from=4 to=2 prio=0
EV rep=1 t=420738 pid=26 type=S from=3 to=4 prio=2
EV rep=1 t=429685 pid=24 type=S from=2 to=3 prio=0
EV rep=1 t=429686 pid=27 type=S from=2 to=3 prio=0
EV rep=1 t=429708 pid=26 type=S from=4 to=3 prio=2
EV rep=1 t=429721 pid=24 type=S from=3 to=4 prio=0
EV rep=1 t=429722 pid=24 type=S from=4 to=2 prio=0
EV rep=1 t=429735 pid=27 type=S from=3 to=4 prio=0
EV rep=1 t=430749 pid=27 type=S from=4 to=2 prio=0
EV rep=1 t=430762 pid=26 type=S from=3 to=4 prio=2
EV rep=1 t=439697 pid=24 type=S from=2 to=3 prio=0
EV rep=1 t=439697 pid=27 type=S from=2 to=3 prio=0
EV rep=1 t=439720 pid=26 type=S from=4 to=3 prio=2
EV rep=1 t=439732 pid=24 type=S from=3 to=4 prio=0
EV rep=1 t=439734 pid=24 type=S from=4 to=2 prio=0
EV rep=1 t=439746 pid=27 type=S from=3 to=4 prio=0
EV rep=1 t=440760 pid=27 type=S from=4 to=2 prio=0
EV rep=1 t=440773 pid=26 type=S from=3 to=4 prio=2
EV rep=1 t=449708 pid=24 type=S from=2 to=3 prio=0
EV rep=1 t=449709 pid=27 type=S from=2 to=3 prio=0
EV rep=1 t=449731 pid=26 type=S from=4 to=3 prio=2
EV rep=1 t=449744 pid=24 type=S from=3 to=4 prio=0
EV rep=1 t=449745 pid=24 type=S from=4 to=2 prio=0
EV rep=1 t=449758 pid=27 type=S from=3 to=4 prio=0
EV rep=1 t=450772 pid=27 type=S from=4 to=2 prio=0
EV rep=1 t=450784 pid=26 type=S from=3 to=4 prio=2
EV rep=1 t=459719 pid=24 type=S from=2 to=3 prio=0
EV rep=1 t=459720 pid=27 type=S from=2 to=3 prio=0
EV rep=1 t=459742 pid=26 type=S from=4 to=3 prio=2
EV rep=1 t=459755 pid=24 type=S from=3 to=4 prio=0
EV rep=1 t=459756 pid=24 type=S from=4 to=2 prio=0
EV rep=1 t=459769 pid=27 type=S from=3 to=4 prio=0
EV rep=1 t=460783 pid=27 type=S from=4 to=2 prio=0
EV rep=1 t=460796 pid=26 type=S from=3 to=4 prio=2
EV rep=1 t=469731 pid=24 type=S from=2 to=3 prio=0
EV rep=1 t=469732 pid=27 type=S from=2 to=3 prio=0
EV rep=1 t=469754 pid=26 type=S from=4 to=3 prio=2
EV rep=1 t=469767 pid=24 type=S from=3 to=4 prio=0
EV rep=1 t=469768 pid=24 type=S from=4 to=2 prio=0
EV rep=1 t=469780 pid=27 type=S from=3 to=4 prio=0
EV rep=1 t=470795 pid=27 type=S from=4 to=2 prio=0
EV rep=1 t=470807 pid=26 type=S from=3 to=4 prio=2
EV rep=1 t=479742 pid=24 type=S from=2 to=3 prio=0
EV rep=1 t=479743 pid=27 type=S from=2 to=3 prio=0
EV rep=1 t=479766 pid=26 type=S from=4 to=3 prio=2
EV rep=1 t=479778 pid=24 type=S from=3 to=4 prio=0
EV rep=1 t=479779 pid=24 type=S from=4 to=2 prio=0
EV rep=1 t=479792 pid=27 type=S from=3 to=4 prio=0
EV rep=1 t=480806 pid=27 type=S from=4 to=2 prio=0
EV rep=1 t=480819 pid=26 type=S from=3 to=4 prio=2
EV rep=1 t=489754 pid=24 type=S from=2 to=3 prio=0
EV rep=1 t=489755 pid=27 type=S from=2 to=3 prio=0
EV rep=1 t=489777 pid=26 type=S from=4 to=3 prio=2
EV rep=1 t=489789 pid=24 type=S from=3 to=4 prio=0
EV rep=1 t=489791 pid=24 type=S from=4 to=2 prio=0
EV rep=1 t=489803 pid=27 type=S from=3 to=4 prio=0
EV rep=1 t=490818 pid=27 type=S from=4 to=2 prio=0
EV rep=1 t=490830 pid=26 type=S from=3 to=4 prio=2
EV rep=1 t=499765 pid=24 type=S from=2 to=3 prio=0
EV rep=1 t=499766 pid=27 type=S from=2 to=3 prio=0
EV rep=1 t=499788 pid=26 type=S from=4 to=3 prio=2
EV rep=1 t=499801 pid=24 type=S from=3 to=4 prio=0
EV rep=1 t=499802 pid=24 type=S from=4 to=2 prio=0
EV rep=1 t=499815 pid=27 type=S from=3 to=4 prio=0
EV rep=1 t=500829 pid=27 type=S from=4 to=2 prio=0
EV rep=1 t=500842 pid=26 type=S from=3 to=4 prio=2
EV rep=1 t=509777 pid=24 type=S from=2 to=3 prio=0
EV rep=1 t=509777 pid=27 type=S from=2 to=3 prio=0
EV rep=1 t=509788 pid=26 type=S from=4 to=3 prio=2
EV rep=1 t=509800 pid=24 type=S from=3 to=4 prio=0
EV rep=1 t=509802 pid=24 type=S from=4 to=2 prio=0
EV rep=1 t=509814 pid=27 type=S from=3 to=4 prio=0
EV rep=1 t=510829 pid=27 type=S from=4 to=2 prio=0
EV rep=1 t=510841 pid=25 type=S from=3 to=4 prio=2
EV rep=1 t=519788 pid=24 type=S from=2 to=3 prio=0
EV rep=1 t=519789 pid=27 type=S from=2 to=3 prio=0
EV rep=1 t=519811 pid=25 type=S from=4 to=3 prio=2
EV rep=1 t=519824 pid=24 type=S from=3 to=4 prio=0
EV rep=1 t=519825 pid=24 type=S from=4 to=2 prio=0
EV rep=1 t=519838 pid=27 type=S from=3 to=4 prio=0
EV rep=1 t=520852 pid=27 type=S from=4 to=2 prio=0
EV rep=1 t=520864 pid=25 type=S from=3 to=4 prio=2
EV rep=1 t=529800 pid=24 type=S from=2 to=3 prio=0
EV rep=1 t=529800 pid=27 type=S from=2 to=3 prio=0
EV rep=1 t=529823 pid=25 type=S from=4 to=3 prio=2
EV rep=1 t=529835 pid=24 type=S from=3 to=4 prio=0
EV rep=1 t=529837 pid=24 type=S from=4 to=2 prio=0
EV rep=1 t=529849 pid=27 type=S from=3 to=4 prio=0
EV rep=1 t=530863 pid=27 type=S from=4 to=2 prio=0
EV rep=1 t=530876 pid=25 type=S from=3 to=4 prio=2
EV rep=1 t=539811 pid=24 type=S from=2 to=3 prio=0
EV rep=1 t=539812 pid=27 type=S from=2 to=3 prio=0
EV rep=1 t=539834 pid=25 type=S from=4 to=3 prio=2
EV rep=1 t=539847 pid=24 type=S from=3 to=4 prio=0
EV rep=1 t=539848 pid=24 type=S from=4 to=2 prio=0
EV rep=1 t=539860 pid=27 type=S from=3 to=4 prio=0
EV rep=1 t=540875 pid=27 type=S from=4 to=2 prio=0
EV rep=1 t=540887 pid=25 type=S from=3 to=4 prio=2
EV rep=1 t=549822 pid=24 type=S from=2 to=3 prio=0
EV rep=1 t=549823 pid=27 type=S from=2 to=3 prio=0
EV rep=1 t=549846 pid=25 type=S from=4 to=3 prio=2
EV rep=1 t=549858 pid=24 type=S from=3 to=4 prio=0
EV rep=1 t=549859 pid=24 type=S from=4 to=2 prio=0
EV rep=1 t=549872 pid=27 type=S from=3 to=4 prio=0
EV rep=1 t=550886 pid=27 type=S from=4 to=2 prio=0
EV rep=1 t=550899 pid=25 type=S from=3 to=4 prio=2
EV rep=1 t=559834 pid=24 type=S from=2 to=3 prio=0
EV rep=1 t=559835 pid=27 type=S from=2 to=3 prio=0
EV rep=1 t=559857 pid=25 type=S from=4 to=3 prio=2
EV rep=1 t=559870 pid=24 type=S from=3 to=4 prio=0
EV rep=1 t=559871 pid=24 type=S from=4 to=2 prio=0
EV rep=1 t=559883 pid=27 type=S from=3 to=4 prio=0
EV rep=1 t=560898 pid=27 type=S from=4 to=2 prio=0
EV rep=1 t=560910 pid=25 type=S from=3 to=4 prio=2
EV rep=1 t=569845 pid=24 type=S from=2 to=3 prio=0
EV rep=1 t=569846 pid=27 type=S from=2 to=3 prio=0
EV rep=1 t=569869 pid=25 type=S from=4 to=3 prio=2
EV rep=1 t=569881 pid=24 type=S from=3 to=4 prio=0
EV rep=1 t=569882 pid=24 type=S from=4 to=2 prio=0
EV rep=1 t=569895 pid=27 type=S from=3 to=4 prio=0
EV rep=1 t=570909 pid=27 type=S from=4 to=2 prio=0
EV rep=1 t=570922 pid=25 type=S from=3 to=4 prio=2
EV rep=1 t=579857 pid=24 type=S from=2 to=3 prio=0
EV rep=1 t=579858 pid=27 type=S from=2 to=3 prio=0
EV rep=1 t=579880 pid=25 type=S from=4 to=3 prio=2
EV rep=1 t=579893 pid=24 type=S from=3 to=4 prio=0
EV rep=1 t=579894 pid=24 type=S from=4 to=2 prio=0
EV rep=1 t=579906 pid=27 type=S from=3 to=4 prio=0
EV rep=1 t=580921 pid=27 type=S from=4 to=2 prio=0
EV rep=1 t=580933 pid=25 type=S from=3 to=4 prio=2
EV rep=1 t=589868 pid=24 type=S from=2 to=3 prio=0
EV rep=1 t=589869 pid=27 type=S from=2 to=3 prio=0
EV rep=1 t=589892 pid=25 type=S from=4 to=3 prio=2
EV rep=1 t=589904 pid=24 type=S from=3 to=4 prio=0
EV rep=1 t=589905 pid=24 type=S from=4 to=2 prio=0
EV rep=1 t=589918 pid=27 type=S from=3 to=4 prio=0
EV rep=1 t=590932 pid=27 type=S from=4 to=2 prio=0
EV rep=1 t=590945 pid=25 type=S from=3 to=4 prio=2
EV rep=1 t=599880 pid=24 type=S from=2 to=3 prio=0
EV rep=1 t=599881 pid=27 type=S from=2 to=3 prio=0
EV rep=1 t=599891 pid=25 type=S from=4 to=3 prio=2
EV rep=1 t=599904 pid=24 type=S from=3 to=4 prio=0
EV rep=1 t=599905 pid=24 type=S from=4 to=2 prio=0
EV rep=1 t=599918 pid=27 type=S from=3 to=4 prio=0
EV rep=1 t=600932 pid=27 type=S from=4 to=2 prio=0
EV rep=1 t=600944 pid=26 type=S from=3 to=4 prio=2
EV rep=1 t=609891 pid=24 type=S from=2 to=3 prio=0
EV rep=1 t=609892 pid=27 type=S from=2 to=3 prio=0
EV rep=1 t=609915 pid=26 type=S from=4 to=3 prio=2
EV rep=1 t=609927 pid=24 type=S from=3 to=4 prio=0
EV rep=1 t=609928 pid=24 type=S from=4 to=2 prio=0
EV rep=1 t=609941 pid=27 type=S from=3 to=4 prio=0
EV rep=1 t=610955 pid=27 type=S from=4 to=2 prio=0
EV rep=1 t=610968 pid=26 type=S from=3 to=4 prio=2
EV rep=1 t=619903 pid=24 type=S from=2 to=3 prio=0
EV rep=1 t=619904 pid=27 type=S from=2 to=3 prio=0
EV rep=1 t=619927 pid=26 type=S from=4 to=3 prio=2
EV rep=1 t=619939 pid=24 type=S from=3 to=4 prio=0
EV rep=1 t=619940 pid=24 type=S from=4 to=2 prio=0
EV rep=1 t=619953 pid=27 type=S from=3 to=4 prio=0
EV rep=1 t=620967 pid=27 type=S from=4 to=2 prio=0
EV rep=1 t=620980 pid=26 type=S from=3 to=4 prio=2
EV rep=1 t=629915 pid=24 type=S from=2 to=3 prio=0
EV rep=1 t=629916 pid=27 type=S from=2 to=3 prio=0
EV rep=1 t=629938 pid=26 type=S from=4 to=3 prio=2
EV rep=1 t=629951 pid=24 type=S from=3 to=4 prio=0
EV rep=1 t=629952 pid=24 type=S from=4 to=2 prio=0
EV rep=1 t=629964 pid=27 type=S from=3 to=4 prio=0
EV rep=1 t=630979 pid=27 type=S from=4 to=2 prio=0
EV rep=1 t=630991 pid=26 type=S from=3 to=4 prio=2
EV rep=1 t=639926 pid=24 type=S from=2 to=3 prio=0
EV rep=1 t=639927 pid=27 type=S from=2 to=3 prio=0
EV rep=1 t=639950 pid=26 type=S from=4 to=3 prio=2
EV rep=1 t=639962 pid=24 type=S from=3 to=4 prio=0
EV rep=1 t=639963 pid=24 type=S from=4 to=2 prio=0
EV rep=1 t=639976 pid=27 type=S from=3 to=4 prio=0
EV rep=1 t=640990 pid=27 type=S from=4 to=2 prio=0
EV rep=1 t=641003 pid=26 type=S from=3 to=4 prio=2
EV rep=1 t=649938 pid=24 type=S from=2 to=3 prio=0
EV rep=1 t=649939 pid=27 type=S from=2 to=3 prio=0
EV rep=1 t=649961 pid=26 type=S from=4 to=3 prio=2
EV rep=1 t=649974 pid=24 type=S from=3 to=4 prio=0
EV rep=1 t=649975 pid=24 type=S from=4 to=2 prio=0
EV rep=1 t=649987 pid=27 type=S from=3 to=4 prio=0
EV rep=1 t=651002 pid=27 type=S from=4 to=2 prio=0
EV rep=1 t=651014 pid=26 type=S from=3 to=4 prio=2
EV rep=1 t=659949 pid=24 type=S from=2 to=3 prio=0
EV rep=1 t=659950 pid=27 type=S from=2 to=3 prio=0
EV rep=1 t=659973 pid=26 type=S from=4 to=3 prio=2
EV rep=1 t=659985 pid=24 type=S from=3 to=4 prio=0
EV rep=1 t=659986 pid=24 type=S from=4 to=2 prio=0
EV rep=1 t=659999 pid=27 type=S from=3 to=4 prio=0
EV rep=1 t=661013 pid=27 type=S from=4 to=2 prio=0
EV rep=1 t=661026 pid=26 type=S from=3 to=4 prio=2
EV rep=1 t=669961 pid=24 type=S from=2 to=3 prio=0
EV rep=1 t=669962 pid=27 type=S from=2 to=3 prio=0
EV rep=1 t=669984 pid=26 type=S from=4 to=3 prio=2
EV rep=1 t=669996 pid=24 type=S from=3 to=4 prio=0
EV rep=1 t=669998 pid=24 type=S from=4 to=2 prio=0
EV rep=1 t=670010 pid=27 type=S from=3 to=4 prio=0
EV rep=1 t=671025 pid=27 type=S from=4 to=2 prio=0
EV rep=1 t=671037 pid=26 type=S from=3 to=4 prio=2
EV rep=1 t=679972 pid=24 type=S from=2 to=3 prio=0
EV rep=1 t=679973 pid=27 type=S from=2 to=3 prio=0
EV rep=1 t=679995 pid=26 type=S from=4 to=3 prio=2
EV rep=1 t=680008 pid=24 type=S from=3 to=4 prio=0
EV rep=1 t=680009 pid=24 type=S from=4 to=2 prio=0
EV rep=1 t=680022 pid=27 type=S from=3 to=4 prio=0
EV rep=1 t=681036 pid=27 type=S from=4 to=2 prio=0
EV rep=1 t=681048 pid=26 type=S from=3 to=4 prio=2
EV rep=1 t=689984 pid=24 type=S from=2 to=3 prio=0
EV rep=1 t=689984 pid=27 type=S from=2 to=3 prio=0
EV rep=1 t=689995 pid=26 type=S from=4 to=3 prio=2
EV rep=1 t=690007 pid=24 type=S from=3 to=4 prio=0
EV rep=1 t=690009 pid=24 type=S from=4 to=2 prio=0
EV rep=1 t=690021 pid=27 type=S from=3 to=4 prio=0
EV rep=1 t=691036 pid=27 type=S from=4 to=2 prio=0
EV rep=1 t=691048 pid=25 type=S from=3 to=4 prio=2
EV rep=1 t=699995 pid=24 type=S from=2 to=3 prio=0
EV rep=1 t=699996 pid=27 type=S from=2 to=3 prio=0
EV rep=1 t=700018 pid=25 type=S from=4 to=3 prio=2
EV rep=1 t=700031 pid=24 type=S from=3 to=4 prio=0
EV rep=1 t=700405 pid=29 type=S from=1 to=3 prio=0
EV rep=1 t=700594 pid=24 type=S from=4 to=2 prio=0
EV rep=1 t=700606 pid=27 type=S from=3 to=4 prio=0
EV rep=1 t=701621 pid=27 type=S from=4 to=2 prio=0
EV rep=1 t=701633 pid=29 type=S from=3 to=4 prio=0
EV rep=1 t=710007 pid=27 type=S from=2 to=3 prio=0
EV rep=1 t=720028 pid=29 type=L from=0 to=1 prio=0
EV rep=1 t=720029 pid=29 type=S from=4 to=3 prio=1
EV rep=1 t=720041 pid=27 type=S from=3 to=4 prio=0
EV rep=1 t=721056 pid=27 type=S from=4 to=2 prio=0
EV rep=1 t=721068 pid=29 type=S from=3 to=4 prio=1
EV rep=1 t=730029 pid=27 type=S from=2 to=3 prio=0
EV rep=1 t=730052 pid=29 type=S from=4 to=3 prio=1
EV rep=1 t=730064 pid=27 type=S from=3 to=4 prio=0
EV rep=1 t=731078 pid=27 type=S from=4 to=2 prio=0
EV rep=1 t=731091 pid=29 type=S from=3 to=4 prio=1
EV rep=1 t=733739 pid=24 type=S from=2 to=3 prio=0
EV rep=1 t=733750 pid=29 type=S from=4 to=5 prio=1
EV rep=1 t=733762 pid=24 type=S from=3 to=4 prio=0
EV rep=1 t=733950 pid=24 type=S from=4 to=2 prio=0
EV rep=1 t=733962 pid=25 type=S from=3 to=4 prio=2
EV rep=1 t=740040 pid=27 type=S from=2 to=3 prio=0
EV rep=1 t=740063 pid=25 type=S from=4 to=3 prio=2
EV rep=1 t=740075 pid=27 type=S from=3 to=4 prio=0
EV rep=1 t=741090 pid=27 type=S from=4 to=2 prio=0
EV rep=1 t=741102 pid=25 type=S from=3 to=4 prio=2
EV rep=1 t=750052 pid=27 type=S from=2 to=3 prio=0
EV rep=1 t=750074 pid=25 type=S from=4 to=3 prio=2
EV rep=1 t=750086 pid=27 type=S from=3 to=4 prio=0
EV rep=1 t=751101 pid=27 type=S from=4 to=2 prio=0
EV rep=1 t=751113 pid=25 type=S from=3 to=4 prio=2
EV rep=1 t=760063 pid=27 type=S from=2 to=3 prio=0
EV rep=1 t=760085 pid=25 type=S from=4 to=3 prio=2
EV rep=1 t=760098 pid=27 type=S from=3 to=4 prio=0
EV rep=1 t=761112 pid=27 type=S from=4 to=2 prio=0
EV rep=1 t=761124 pid=25 type=S from=3 to=4 prio=2
EV rep=1 t=770074 pid=27 type=S from=2 to=3 prio=0
EV rep=1 t=770096 pid=25 type=S from=4 to=3 prio=2
EV rep=1 t=770109 pid=27 type=S from=3 to=4 prio=0
EV rep=1 t=771123 pid=27 type=S from=4 to=2 prio=0
EV rep=1 t=771136 pid=25 type=S from=3 to=4 prio=2
EV rep=1 t=780085 pid=27 type=S from=2 to=3 prio=0
EV rep=1 t=780107 pid=25 type=S from=4 to=3 prio=2
EV rep=1 t=780120 pid=27 type=S from=3 to=4 prio=0
EV rep=1 t=781134 pid=27 type=S from=4 to=2 prio=0
EV rep=1 t=781147 pid=25 type=S from=3 to=4 prio=2
EV rep=1 t=790096 pid=27 type=S from=2 to=3 prio=0
EV rep=1 t=790118 pid=25 type=S from=4 to=3 prio=2
EV rep=1 t=790131 pid=27 type=S from=3 to=4 prio=0
EV rep=1 t=791145 pid=27 type=S from=4 to=2 prio=0
EV rep=1 t=791158 pid=25 type=S from=3 to=4 prio=2
EV rep=1 t=800107 pid=27 type=S from=2 to=3 prio=0
EV rep=1 t=800130 pid=25 type=S from=4 to=3 prio=2
EV rep=1 t=800142 pid=27 type=S from=3 to=4 prio=0
EV rep=1 t=801157 pid=27 type=S from=4 to=2 prio=0
EV rep=1 t=801169 pid=25 type=S from=3 to=4 prio=2
EV rep=1 t=810118 pid=27 type=S from=2 to=3 prio=0
EV rep=1 t=810129 pid=25 type=S from=4 to=3 prio=2
EV rep=1 t=810141 pid=27 type=S from=3 to=4 prio=0
EV rep=1 t=811156 pid=27 type=S from=4 to=2 prio=0
EV rep=1 t=811168 pid=26 type=S from=3 to=4 prio=2
EV rep=1 t=820130 pid=27 type=S from=2 to=3 prio=0
EV rep=1 t=820152 pid=26 type=S from=4 to=3 prio=2
EV rep=1 t=820164 pid=27 type=S from=3 to=4 prio=0
EV rep=1 t=821179 pid=27 type=S from=4 to=2 prio=0
EV rep=1 t=821191 pid=26 type=S from=3 to=4 prio=2
EV rep=1 t=830141 pid=27 type=S from=2 to=3 prio=0
EV rep=1 t=830163 pid=26 type=S from=4 to=3 prio=2
EV rep=1 t=830175 pid=27 type=S from=3 to=4 prio=0
EV rep=1 t=831190 pid=27 type=S from=4 to=2 prio=0
EV rep=1 t=831202 pid=26 type=S from=3 to=4 prio=2
EV rep=1 t=840152 pid=27 type=S from=2 to=3 prio=0
EV rep=1 t=840174 pid=26 type=S from=4 to=3 prio=2
EV rep=1 t=840186 pid=27 type=S from=3 to=4 prio=0
EV rep=1 t=841201 pid=27 type=S from=4 to=2 prio=0
EV rep=1 t=841213 pid=26 type=S from=3 to=4 prio=2
EV rep=1 t=850163 pid=27 type=S from=2 to=3 prio=0
EV rep=1 t=850185 pid=26 type=S from=4 to=3 prio=2
EV rep=1 t=850198 pid=27 type=S from=3 to=4 prio=0
EV rep=1 t=851212 pid=27 type=S from=4 to=2 prio=0
EV rep=1 t=851224 pid=26 type=S from=3 to=4 prio=2
EV rep=1 t=860174 pid=27 type=S from=2 to=3 prio=0
EV rep=1 t=860196 pid=26 type=S from=4 to=3 prio=2
EV rep=1 t=860209 pid=27 type=S from=3 to=4 prio=0
EV rep=1 t=861223 pid=27 type=S from=4 to=2 prio=0
EV rep=1 t=861236 pid=26 type=S from=3 to=4 prio=2
EV rep=1 t=870185 pid=27 type=S from=2 to=3 prio=0
EV rep=1 t=870208 pid=26 type=S from=4 to=3 prio=2
EV rep=1 t=870220 pid=27 type=S from=3 to=4 prio=0
EV rep=1 t=871234 pid=27 type=S from=4 to=2 prio=0
EV rep=1 t=871247 pid=26 type=S from=3 to=4 prio=2
EV rep=1 t=880196 pid=27 type=S from=2 to=3 prio=0
EV rep=1 t=880219 pid=26 type=S from=4 to=3 prio=2
EV rep=1 t=880231 pid=27 type=S from=3 to=4 prio=0
EV rep=1 t=881245 pid=27 type=S from=4 to=2 prio=0
EV rep=1 t=881258 pid=26 type=S from=3 to=4 prio=2
EV rep=1 t=890208 pid=27 type=S from=2 to=3 prio=0
EV rep=1 t=890230 pid=26 type=S from=4 to=3 prio=2
EV rep=1 t=890242 pid=27 type=S from=3 to=4 prio=0
EV rep=1 t=891257 pid=27 type=S from=4 to=2 prio=0
EV rep=1 t=891269 pid=26 type=S from=3 to=4 prio=2
EV rep=1 t=900219 pid=27 type=S from=2 to=3 prio=0
EV rep=1 t=900229 pid=26 type=S from=4 to=3 prio=2
EV rep=1 t=900241 pid=27 type=S from=3 to=4 prio=0
EV rep=1 t=901256 pid=27 type=S from=4 to=2 prio=0
EV rep=1 t=901268 pid=25 type=S from=3 to=4 prio=2
EV rep=1 t=910230 pid=27 type=S from=2 to=3 prio=0
EV rep=1 t=910252 pid=25 type=S from=4 to=3 prio=2
EV rep=1 t=910264 pid=27 type=S from=3 to=4 prio=0
EV rep=1 t=911279 pid=27 type=S from=4 to=2 prio=0
EV rep=1 t=911291 pid=25 type=S from=3 to=4 prio=2
EV rep=1 t=920241 pid=27 type=S from=2 to=3 prio=0
EV rep=1 t=920263 pid=25 type=S from=4 to=3 prio=2
EV rep=1 t=920275 pid=27 type=S from=3 to=4 prio=0
EV rep=1 t=921290 pid=27 type=S from=4 to=2 prio=0
EV rep=1 t=921302 pid=25 type=S from=3 to=4 prio=2
EV rep=1 t=930252 pid=27 type=S from=2 to=3 prio=0
EV rep=1 t=930274 pid=25 type=S from=4 to=3 prio=2
EV rep=1 t=930287 pid=27 type=S from=3 to=4 prio=0
EV rep=1 t=931301 pid=27 type=S from=4 to=2 prio=0
EV rep=1 t=931313 pid=25 type=S from=3 to=4 prio=2
EV rep=1 t=940263 pid=27 type=S from=2 to=3 prio=0
EV rep=1 t=940285 pid=25 type=S from=4 to=3 prio=2
EV rep=1 t=940298 pid=27 type=S from=3 to=4 prio=0
EV rep=1 t=941312 pid=27 type=S from=4 to=2 prio=0
EV rep=1 t=941325 pid=25 type=S from=3 to=4 prio=2
EV rep=1 t=950274 pid=27 type=S from=2 to=3 prio=0
EV rep=1 t=950297 pid=25 type=S from=4 to=3 prio=2
EV rep=1 t=950309 pid=27 type=S from=3 to=4 prio=0
EV rep=1 t=951323 pid=27 type=S from=4 to=2 prio=0
EV rep=1 t=951336 pid=25 type=S from=3 to=4 prio=2
EV rep=1 t=960285 pid=27 type=S from=2 to=3 prio=0
EV rep=1 t=960308 pid=25 type=S from=4 to=3 prio=2
EV rep=1 t=960320 pid=27 type=S from=3 to=4 prio=0
EV rep=1 t=961335 pid=27 type=S from=4 to=2 prio=0
EV rep=1 t=961347 pid=25 type=S from=3 to=4 prio=2
EV rep=1 t=970297 pid=27 type=S from=2 to=3 prio=0
EV rep=1 t=970319 pid=25 type=S from=4 to=3 prio=2
EV rep=1 t=970331 pid=27 type=S from=3 to=4 prio=0
EV rep=1 t=971346 pid=27 type=S from=4 to=2 prio=0
EV rep=1 t=971358 pid=25 type=S from=3 to=4 prio=2
EV rep=1 t=980308 pid=27 type=S from=2 to=3 prio=0
EV rep=1 t=980330 pid=25 type=S from=4 to=3 prio=2
EV rep=1 t=980342 pid=27 type=S from=3 to=4 prio=0
EV rep=1 t=981357 pid=27 type=S from=4 to=2 prio=0
EV rep=1 t=981369 pid=25 type=S from=3 to=4 prio=2
EV rep=1 t=990319 pid=27 type=S from=2 to=3 prio=0
EV rep=1 t=990329 pid=25 type=S from=4 to=3 prio=2
EV rep=1 t=990342 pid=27 type=S from=3 to=4 prio=0
EV rep=1 t=991356 pid=27 type=S from=4 to=2 prio=0
EV rep=1 t=991369 pid=26 type=S from=3 to=4 prio=2
EV rep=1 t=1000330 pid=27 type=S from=2 to=3 prio=0
EV rep=1 t=1000352 pid=26 type=S from=4 to=3 prio=2
EV rep=1 t=1000365 pid=27 type=S from=3 to=4 prio=0
EV rep=1 t=1001379 pid=27 type=S from=4 to=2 prio=0
EV rep=1 t=1001392 pid=26 type=S from=3 to=4 prio=2
EV rep=1 t=1010342 pid=27 type=S from=2 to=3 prio=0
EV rep=1 t=1010364 pid=26 type=S from=4 to=3 prio=2
EV rep=1 t=1010376 pid=27 type=S from=3 to=4 prio=0
EV rep=1 t=1011391 pid=27 type=S from=4 to=2 prio=0
EV rep=1 t=1011403 pid=26 type=S from=3 to=4 prio=2
EV rep=1 t=1020353 pid=27 type=S from=2 to=3 prio=0
EV rep=1 t=1020375 pid=26 type=S from=4 to=3 prio=2
EV rep=1 t=1020387 pid=27 type=S from=3 to=4 prio=0
EV rep=1 t=1021402 pid=27 type=S from=4 to=2 prio=0
EV rep=1 t=1021414 pid=26 type=S from=3 to=4 prio=2
EV rep=1 t=1030364 pid=27 type=S from=2 to=3 prio=0
EV rep=1 t=1030386 pid=26 type=S from=4 to=3 prio=2
EV rep=1 t=1030399 pid=27 type=S from=3 to=4 prio=0
EV rep=1 t=1031413 pid=27 type=S from=4 to=2 prio=0
EV rep=1 t=1031425 pid=26 type=S from=3 to=4 prio=2
EV rep=1 t=1040375 pid=27 type=S from=2 to=3 prio=0
EV rep=1 t=1040397 pid=26 type=S from=4 to=3 prio=2
EV rep=1 t=1040410 pid=27 type=S from=3 to=4 prio=0
EV rep=1 t=1041424 pid=27 type=S from=4 to=2 prio=0
EV rep=1 t=1041437 pid=26 type=S from=3 to=4 prio=2
EV rep=1 t=1050386 pid=27 type=S from=2 to=3 prio=0
EV rep=1 t=1050409 pid=26 type=S from=4 to=3 prio=2
EV rep=1 t=1050421 pid=27 type=S from=3 to=4 prio=0
EV rep=1 t=1051435 pid=27 type=S from=4 to=2 prio=0
EV rep=1 t=1051448 pid=26 type=S from=3 to=4 prio=2
EV rep=1 t=1060398 pid=27 type=S from=2 to=3 prio=0
EV rep=1 t=1060420 pid=26 type=S from=4 to=3 prio=2
EV rep=1 t=1060432 pid=27 type=S from=3 to=4 prio=0
EV rep=1 t=1060447 pid=24 type=S from=2 to=3 prio=0
EV rep=1 t=1060457 pid=27 type=S from=4 to=5 prio=0
EV rep=1 t=1060470 pid=24 type=S from=3 to=4 prio=0
EV rep=1 t=1060657 pid=24 type=S from=4 to=2 prio=0
EV rep=1 t=1060669 pid=26 type=S from=3 to=4 prio=2
EV rep=1 t=1080430 pid=26 type=S from=4 to=3 prio=2
EV rep=1 t=1080442 pid=25 type=S from=3 to=4 prio=2
EV rep=1 t=1160516 pid=25 type=S from=4 to=3 prio=2
EV rep=1 t=1160529 pid=26 type=S from=3 to=4 prio=2
EV rep=1 t=1240603 pid=26 type=S from=4 to=3 prio=2
EV rep=1 t=1240616 pid=25 type=S from=3 to=4 prio=2
EV rep=1 t=1320690 pid=25 type=S from=4 to=3 prio=2
EV rep=1 t=1320702 pid=26 type=S from=3 to=4 prio=2
EV rep=1 t=1400777 pid=26 type=S from=4 to=3 prio=2
EV rep=1 t=1400789 pid=25 type=S from=3 to=4 prio=2
EV rep=1 t=1480864 pid=25 type=S from=4 to=3 prio=2
EV rep=1 t=1480876 pid=26 type=S from=3 to=4 prio=2
EV rep=1 t=1560951 pid=26 type=S from=4 to=3 prio=2
EV rep=1 t=1560964 pid=25 type=S from=3 to=4 prio=2
EV rep=1 t=1641038 pid=25 type=S from=4 to=3 prio=2
EV rep=1 t=1641050 pid=26 type=S from=3 to=4 prio=2
EV rep=1 t=1721125 pid=26 type=S from=4 to=3 prio=2
EV rep=1 t=1721138 pid=25 type=S from=3 to=4 prio=2
EV rep=1 t=1801212 pid=25 type=S from=4 to=3 prio=2
EV rep=1 t=1801224 pid=26 type=S from=3 to=4 prio=2
EV rep=1 t=1881299 pid=26 type=S from=4 to=3 prio=2
EV rep=1 t=1881311 pid=25 type=S from=3 to=4 prio=2
EV rep=1 t=1961385 pid=25 type=S from=4 to=3 prio=2
EV rep=1 t=1961398 pid=26 type=S from=3 to=4 prio=2
EV rep=1 t=2041473 pid=26 type=S from=4 to=3 prio=2
EV rep=1 t=2041485 pid=25 type=S from=3 to=4 prio=2
EV rep=1 t=2108781 pid=24 type=S from=2 to=3 prio=0
EV rep=1 t=2108791 pid=25 type=S from=4 to=5 prio=2
EV rep=1 t=2108803 pid=24 type=S from=3 to=4 prio=0
EV rep=1 t=2108990 pid=24 type=S from=4 to=2 prio=0
EV rep=1 t=2109002 pid=26 type=S from=3 to=4 prio=2
EV rep=1 t=2167540 pid=24 type=S from=2 to=3 prio=0
EV rep=1 t=2167551 pid=26 type=S from=4 to=5 prio=2
EV rep=1 t=2167563 pid=24 type=S from=3 to=4 prio=0
EV rep=1 t=2167931 pid=23 type=S from=2 to=3 prio=0
EV rep=1 t=2167942 pid=24 type=S from=4 to=2 prio=0
EV rep=1 t=2167955 pid=23 type=S from=3 to=4 prio=0
EV rep=1 t=2167995 pid=24 type=S from=2 to=3 prio=0
EV rep=1 t=2168130 pid=23 type=S from=4 to=2 prio=0
EV rep=1 t=2168142 pid=24 type=S from=3 to=4 prio=0
EV rep=1 t=2168244 pid=23 type=S from=2 to=3 prio=0
EV rep=1 t=2168290 pid=24 type=S from=4 to=5 prio=0
EV rep=1 t=2168302 pid=23 type=S from=3 to=4 prio=0
END exp=mixed rep=1
BEGIN exp=mixed rep=2 driver=30
JOB exp=mixed rep=2 name=short1 pid=34 arrive=299933 first=300978 end=333123 cpu=30038 wait=3150 sleep=0 response=1045 turnaround=33190 maxwait=1053 dispatch=3 expire=1 preempt=1 nsleep=0 demote=1 promote=0 prio=1 q0=18591 q1=11447 q2=0
JOB exp=mixed rep=2 name=short2 pid=35 arrive=700405 first=701633 end=733750 cpu=30037 wait=3307 sleep=0 response=1228 turnaround=33345 maxwait=1228 dispatch=3 expire=1 preempt=1 nsleep=0 demote=1 promote=0 prio=1 q0=18395 q1=11642 q2=0
JOB exp=mixed rep=2 name=io pid=33 arrive=749 first=39261 end=1060458 cpu=101465 wait=63696 sleep=894547 response=38512 turnaround=1059709 maxwait=38512 dispatch=101 expire=0 preempt=0 nsleep=100 demote=0 promote=0 prio=0 q0=101465 q1=0 q2=0
JOB exp=mixed rep=2 name=long1 pid=31 arrive=0 first=766 end=2108790 cpu=1000029 wait=1108760 sleep=0 response=766 turnaround=2108790 maxwait=123691 dispatch=57 expire=13 preempt=43 nsleep=0 demote=2 promote=0 prio=2 q0=18460 q1=35833 q2=945736
JOB exp=mixed rep=2 name=long2 pid=32 arrive=374 first=19240 end=2167551 cpu=1000038 wait=1167138 sleep=0 response=18866 turnaround=2167177 maxwait=121191 dispatch=56 expire=13 preempt=42 nsleep=0 demote=2 promote=0 prio=2 q0=20008 q1=35833 q2=944195
END exp=mixed rep=2
BEGIN exp=mixed rep=3 driver=36
JOB exp=mixed rep=3 name=short1 pid=40 arrive=299934 first=300978 end=333123 cpu=30038 wait=3150 sleep=0 response=1044 turnaround=33189 maxwait=1053 dispatch=3 expire=1 preempt=1 nsleep=0 demote=1 promote=0 prio=1 q0=18591 q1=11447 q2=0
JOB exp=mixed rep=3 name=short2 pid=41 arrive=700406 first=701634 end=733750 cpu=30037 wait=3306 sleep=0 response=1228 turnaround=33344 maxwait=1228 dispatch=3 expire=1 preempt=1 nsleep=0 demote=1 promote=0 prio=1 q0=18395 q1=11642 q2=0
JOB exp=mixed rep=3 name=io pid=39 arrive=750 first=39262 end=1060458 cpu=101464 wait=63696 sleep=894547 response=38512 turnaround=1059708 maxwait=38512 dispatch=101 expire=0 preempt=0 nsleep=100 demote=0 promote=0 prio=0 q0=101464 q1=0 q2=0
JOB exp=mixed rep=3 name=long1 pid=37 arrive=0 first=767 end=2108792 cpu=1000030 wait=1108760 sleep=0 response=767 turnaround=2108792 maxwait=123691 dispatch=57 expire=13 preempt=43 nsleep=0 demote=2 promote=0 prio=2 q0=18460 q1=35833 q2=945736
JOB exp=mixed rep=3 name=long2 pid=38 arrive=375 first=19240 end=2167551 cpu=1000037 wait=1167138 sleep=0 response=18865 turnaround=2167176 maxwait=121191 dispatch=56 expire=13 preempt=42 nsleep=0 demote=2 promote=0 prio=2 q0=20008 q1=35834 q2=944194
END exp=mixed rep=3
