# config=q8-16-32 mode=icount makevars={'QUANTA': '8 16 32'}
mlfqexp single 3
CONFIG policy=MLFQ quanta=8,16,32 aging=50 tick_us=10000 ncpu=1
BEGIN exp=single rep=1 driver=4
JOB exp=single rep=1 name=cpu pid=5 arrive=0 first=15 end=500078 cpu=500038 wait=40 sleep=0 response=15 turnaround=500078 maxwait=15 dispatch=3 expire=2 preempt=0 nsleep=0 demote=2 promote=0 prio=2 q0=79276 q1=160160 q2=260601
EV rep=1 t=0 pid=5 type=S from=1 to=3 prio=0
EV rep=1 t=3 pid=4 type=S from=4 to=2 prio=0
EV rep=1 t=15 pid=5 type=S from=3 to=4 prio=0
EV rep=1 t=79291 pid=5 type=L from=0 to=1 prio=0
EV rep=1 t=79292 pid=5 type=S from=4 to=3 prio=1
EV rep=1 t=79304 pid=5 type=S from=3 to=4 prio=1
EV rep=1 t=239465 pid=5 type=L from=1 to=2 prio=1
EV rep=1 t=239465 pid=5 type=S from=4 to=3 prio=2
EV rep=1 t=239478 pid=5 type=S from=3 to=4 prio=2
EV rep=1 t=500068 pid=4 type=S from=2 to=3 prio=0
EV rep=1 t=500078 pid=5 type=S from=4 to=5 prio=2
EV rep=1 t=500091 pid=4 type=S from=3 to=4 prio=0
EV rep=1 t=500335 pid=3 type=S from=2 to=3 prio=0
EV rep=1 t=500381 pid=4 type=S from=4 to=5 prio=0
EV rep=1 t=500393 pid=3 type=S from=3 to=4 prio=0
END exp=single rep=1
BEGIN exp=single rep=2 driver=6
JOB exp=single rep=2 name=cpu pid=7 arrive=0 first=16 end=500079 cpu=500038 wait=40 sleep=0 response=16 turnaround=500079 maxwait=15 dispatch=3 expire=2 preempt=0 nsleep=0 demote=2 promote=0 prio=2 q0=79276 q1=160161 q2=260601
END exp=single rep=2
BEGIN exp=single rep=3 driver=8
JOB exp=single rep=3 name=cpu pid=9 arrive=0 first=15 end=500079 cpu=500038 wait=40 sleep=0 response=15 turnaround=500079 maxwait=15 dispatch=3 expire=2 preempt=0 nsleep=0 demote=2 promote=0 prio=2 q0=79276 q1=160161 q2=260601
END exp=single rep=3
mlfqexp multi 3
CONFIG policy=MLFQ quanta=8,16,32 aging=50 tick_us=10000 ncpu=1
BEGIN exp=multi rep=1 driver=11
JOB exp=multi rep=1 name=A pid=12 arrive=0 first=765 end=881349 cpu=400037 wait=481310 sleep=0 response=765 turnaround=881349 maxwait=320359 dispatch=3 expire=2 preempt=0 nsleep=0 demote=2 promote=0 prio=2 q0=78526 q1=160161 q2=161350
JOB exp=multi rep=1 name=B pid=13 arrive=375 first=79305 end=1041363 cpu=400038 wait=640949 sleep=0 response=78930 turnaround=1040988 maxwait=321747 dispatch=3 expire=2 preempt=0 nsleep=0 demote=2 promote=0 prio=2 q0=80074 q1=160161 q2=159803
JOB exp=multi rep=1 name=C pid=14 arrive=750 first=159392 end=1201374 cpu=400033 wait=800590 sleep=0 response=158642 turnaround=1200624 maxwait=321587 dispatch=3 expire=2 preempt=0 nsleep=0 demote=2 promote=0 prio=2 q0=80073 q1=160160 q2=159799
EV rep=1 t=0 pid=12 type=S from=1 to=3 prio=0
EV rep=1 t=375 pid=13 type=S from=1 to=3 prio=0
EV rep=1 t=750 pid=14 type=S from=1 to=3 prio=0
EV rep=1 t=753 pid=11 type=S from=4 to=2 prio=0
EV rep=1 t=766 pid=12 type=S from=3 to=4 prio=0
EV rep=1 t=79292 pid=12 type=L from=0 to=1 prio=0
EV rep=1 t=79292 pid=12 type=S from=4 to=3 prio=1
EV rep=1 t=79305 pid=13 type=S from=3 to=4 prio=0
EV rep=1 t=159379 pid=13 type=L from=0 to=1 prio=0
EV rep=1 t=159380 pid=13 type=S from=4 to=3 prio=1
EV rep=1 t=159392 pid=14 type=S from=3 to=4 prio=0
EV rep=1 t=239466 pid=14 type=L from=0 to=1 prio=0
EV rep=1 t=239466 pid=14 type=S from=4 to=3 prio=1
EV rep=1 t=239479 pid=12 type=S from=3 to=4 prio=1
EV rep=1 t=399640 pid=12 type=L from=1 to=2 prio=1
EV rep=1 t=399640 pid=12 type=S from=4 to=3 prio=2
EV rep=1 t=399653 pid=13 type=S from=3 to=4 prio=1
EV rep=1 t=559813 pid=13 type=L from=1 to=2 prio=1
EV rep=1 t=559814 pid=13 type=S from=4 to=3 prio=2
EV rep=1 t=559826 pid=14 type=S from=3 to=4 prio=1
EV rep=1 t=719986 pid=14 type=L from=1 to=2 prio=1
EV rep=1 t=719987 pid=14 type=S from=4 to=3 prio=2
EV rep=1 t=719999 pid=12 type=S from=3 to=4 prio=2
EV rep=1 t=881339 pid=11 type=S from=2 to=3 prio=0
EV rep=1 t=881349 pid=12 type=S from=4 to=5 prio=2
EV rep=1 t=881362 pid=11 type=S from=3 to=4 prio=0
EV rep=1 t=881548 pid=11 type=S from=4 to=2 prio=0
EV rep=1 t=881561 pid=13 type=S from=3 to=4 prio=2
EV rep=1 t=1041353 pid=11 type=S from=2 to=3 prio=0
EV rep=1 t=1041363 pid=13 type=S from=4 to=5 prio=2
EV rep=1 t=1041376 pid=11 type=S from=3 to=4 prio=0
EV rep=1 t=1041562 pid=11 type=S from=4 to=2 prio=0
EV rep=1 t=1041575 pid=14 type=S from=3 to=4 prio=2
EV rep=1 t=1201363 pid=11 type=S from=2 to=3 prio=0
EV rep=1 t=1201374 pid=14 type=S from=4 to=5 prio=2
EV rep=1 t=1201386 pid=11 type=S from=3 to=4 prio=0
EV rep=1 t=1201743 pid=10 type=S from=2 to=3 prio=0
EV rep=1 t=1201789 pid=11 type=S from=4 to=5 prio=0
EV rep=1 t=1201801 pid=10 type=S from=3 to=4 prio=0
END exp=multi rep=1
BEGIN exp=multi rep=2 driver=15
JOB exp=multi rep=2 name=A pid=16 arrive=0 first=765 end=881349 cpu=400037 wait=481310 sleep=0 response=765 turnaround=881349 maxwait=320359 dispatch=3 expire=2 preempt=0 nsleep=0 demote=2 promote=0 prio=2 q0=78526 q1=160161 q2=161350
JOB exp=multi rep=2 name=B pid=17 arrive=375 first=79304 end=1041363 cpu=400038 wait=640949 sleep=0 response=78929 turnaround=1040988 maxwait=321746 dispatch=3 expire=2 preempt=0 nsleep=0 demote=2 promote=0 prio=2 q0=80074 q1=160161 q2=159802
JOB exp=multi rep=2 name=C pid=18 arrive=749 first=159392 end=1201376 cpu=400036 wait=800589 sleep=0 response=158643 turnaround=1200627 maxwait=321587 dispatch=3 expire=2 preempt=0 nsleep=0 demote=2 promote=0 prio=2 q0=80073 q1=160160 q2=159802
END exp=multi rep=2
BEGIN exp=multi rep=3 driver=19
JOB exp=multi rep=3 name=A pid=20 arrive=0 first=765 end=881349 cpu=400037 wait=481310 sleep=0 response=765 turnaround=881349 maxwait=320359 dispatch=3 expire=2 preempt=0 nsleep=0 demote=2 promote=0 prio=2 q0=78526 q1=160161 q2=161350
JOB exp=multi rep=3 name=B pid=21 arrive=375 first=79305 end=1041363 cpu=400038 wait=640949 sleep=0 response=78930 turnaround=1040988 maxwait=321746 dispatch=3 expire=2 preempt=0 nsleep=0 demote=2 promote=0 prio=2 q0=80074 q1=160161 q2=159803
JOB exp=multi rep=3 name=C pid=22 arrive=750 first=159392 end=1201374 cpu=400033 wait=800590 sleep=0 response=158642 turnaround=1200624 maxwait=321587 dispatch=3 expire=2 preempt=0 nsleep=0 demote=2 promote=0 prio=2 q0=80073 q1=160160 q2=159799
END exp=multi rep=3
mlfqexp mixed 3
CONFIG policy=MLFQ quanta=8,16,32 aging=50 tick_us=10000 ncpu=1
BEGIN exp=mixed rep=1 driver=24
JOB exp=mixed rep=1 name=short1 pid=28 arrive=299937 first=300981 end=331015 cpu=30033 wait=1044 sleep=0 response=1044 turnaround=31078 maxwait=1044 dispatch=1 expire=0 preempt=0 nsleep=0 demote=0 promote=0 prio=0 q0=30033 q1=0 q2=0
JOB exp=mixed rep=1 name=short2 pid=29 arrive=700397 first=701625 end=731658 cpu=30032 wait=1228 sleep=0 response=1228 turnaround=31261 maxwait=1228 dispatch=1 expire=0 preempt=0 nsleep=0 demote=0 promote=0 prio=0 q0=30032 q1=0 q2=0
JOB exp=mixed rep=1 name=io pid=27 arrive=749 first=159391 end=1200615 cpu=101465 wait=206828 sleep=891572 response=158642 turnaround=1199866 maxwait=158642 dispatch=101 expire=0 preempt=0 nsleep=100 demote=0 promote=0 prio=0 q0=101465 q1=0 q2=0
JOB exp=mixed rep=1 name=long1 pid=25 arrive=0 first=766 end=2051752 cpu=1000041 wait=1051710 sleep=0 response=766 turnaround=2051752 maxwait=350400 dispatch=57 expire=4 preempt=52 nsleep=0 demote=2 promote=0 prio=2 q0=78525 q1=159820 q2=761696
JOB exp=mixed rep=1 name=long2 pid=26 arrive=374 first=79305 end=2167223 cpu=1000038 wait=1166810 sleep=0 response=78931 turnaround=2166849 maxwait=391488 dispatch=48 expire=4 preempt=43 nsleep=0 demote=2 promote=0 prio=2 q0=80073 q1=161250 q2=758714
EV rep=1 t=0 pid=25 type=S from=1 to=3 prio=0
EV rep=1 t=375 pid=26 type=S from=1 to=3 prio=0
EV rep=1 t=749 pid=27 type=S from=1 to=3 prio=0
EV rep=1 t=754 pid=24 type=S from=4 to=2 prio=0
EV rep=1 t=767 pid=25 type=S from=3 to=4 prio=0
EV rep=1 t=9205 pid=24 type=S from=2 to=3 prio=0
EV rep=1 t=79292 pid=25 type=L from=0 to=1 prio=0
EV rep=1 t=79293 pid=25 type=S from=4 to=3 prio=1
EV rep=1 t=79305 pid=26 type=S from=3 to=4 prio=0
EV rep=1 t=159379 pid=26 type=L from=0 to=1 prio=0
EV rep=1 t=159379 pid=26 type=S from=4 to=3 prio=1
EV rep=1 t=159392 pid=27 type=S from=3 to=4 prio=0
EV rep=1 t=160406 pid=27 type=S from=4 to=2 prio=0
EV rep=1 t=160418 pid=24 type=S from=3 to=4 prio=0
EV rep=1 t=160420 pid=24 type=S from=4 to=2 prio=0
EV rep=1 t=160432 pid=25 type=S from=3 to=4 prio=1
EV rep=1 t=169379 pid=24 type=S from=2 to=3 prio=0
EV rep=1 t=169380 pid=27 type=S from=2 to=3 prio=0
EV rep=1 t=169402 pid=25 type=S from=4 to=3 prio=1
EV rep=1 t=169414 pid=24 type=S from=3 to=4 prio=0
EV rep=1 t=169416 pid=24 type=S from=4 to=2 prio=0
EV rep=1 t=169428 pid=27 type=S from=3 to=4 prio=0
EV rep=1 t=170443 pid=27 type=S from=4 to=2 prio=0
EV rep=1 t=170455 pid=25 type=S from=3 to=4 prio=1
EV rep=1 t=179390 pid=24 type=S from=2 to=3 prio=0
EV rep=1 t=179391 pid=27 type=S from=2 to=3 prio=0
EV rep=1 t=179413 pid=25 type=S from=4 to=3 prio=1
EV rep=1 t=179426 pid=24 type=S from=3 to=4 prio=0
EV rep=1 t=179427 pid=24 type=S from=4 to=2 prio=0
EV rep=1 t=179440 pid=27 type=S from=3 to=4 prio=0
EV rep=1 t=180454 pid=27 type=S from=4 to=2 prio=0
EV rep=1 t=180466 pid=25 type=S from=3 to=4 prio=1
EV rep=1 t=189402 pid=24 type=S from=2 to=3 prio=0
EV rep=1 t=189403 pid=27 type=S from=2 to=3 prio=0
EV rep=1 t=189425 pid=25 type=S from=4 to=3 prio=1
EV rep=1 t=189437 pid=24 type=S from=3 to=4 prio=0
EV rep=1 t=189439 pid=24 type=S from=4 to=2 prio=0
EV rep=1 t=189451 pid=27 type=S from=3 to=4 prio=0
EV rep=1 t=190465 pid=27 type=S from=4 to=2 prio=0
EV rep=1 t=190478 pid=25 type=S from=3 to=4 prio=1
EV rep=1 t=199413 pid=24 type=S from=2 to=3 prio=0
EV rep=1 t=199414 pid=27 type=S from=2 to=3 prio=0
EV rep=1 t=199436 pid=25 type=S from=4 to=3 prio=1
EV rep=1 t=199449 pid=24 type=S from=3 to=4 prio=0
EV rep=1 t=199450 pid=24 type=S from=4 to=2 prio=0
EV rep=1 t=199463 pid=27 type=S from=3 to=4 prio=0
EV rep=1 t=200477 pid=27 type=S from=4 to=2 prio=0
EV rep=1 t=200489 pid=25 type=S from=3 to=4 prio=1
EV rep=1 t=209425 pid=24 type=S from=2 to=3 prio=0
EV rep=1 t=209426 pid=27 type=S from=2 to=3 prio=0
EV rep=1 t=209448 pid=25 type=S from=4 to=3 prio=1
EV rep=1 t=209460 pid=24 type=S from=3 to=4 prio=0
EV rep=1 t=209462 pid=24 type=S from=4 to=2 prio=0
EV rep=1 t=209474 pid=27 type=S from=3 to=4 prio=0
EV rep=1 t=210489 pid=27 type=S from=4 to=2 prio=0
EV rep=1 t=210501 pid=25 type=S from=3 to=4 prio=1
EV rep=1 t=219436 pid=24 type=S from=2 to=3 prio=0
EV rep=1 t=219437 pid=27 type=S from=2 to=3 prio=0
EV rep=1 t=219459 pid=25 type=S from=4 to=3 prio=1
EV rep=1 t=219472 pid=24 type=S from=3 to=4 prio=0
EV rep=1 t=219473 pid=24 type=S from=4 to=2 prio=0
EV rep=1 t=219486 pid=27 type=S from=3 to=4 prio=0
EV rep=1 t=220500 pid=27 type=S from=4 to=2 prio=0
EV rep=1 t=220512 pid=25 type=S from=3 to=4 prio=1
EV rep=1 t=229448 pid=24 type=S from=2 to=3 prio=0
EV rep=1 t=229448 pid=27 type=S from=2 to=3 prio=0
EV rep=1 t=229471 pid=25 type=S from=4 to=3 prio=1
EV rep=1 t=229483 pid=24 type=S from=3 to=4 prio=0
EV rep=1 t=229485 pid=24 type=S from=4 to=2 prio=0
EV rep=1 t=229497 pid=27 type=S from=3 to=4 prio=0
EV rep=1 t=230511 pid=27 type=S from=4 to=2 prio=0
EV rep=1 t=230524 pid=25 type=S from=3 to=4 prio=1
EV rep=1 t=239459 pid=24 type=S from=2 to=3 prio=0
EV rep=1 t=239460 pid=27 type=S from=2 to=3 prio=0
EV rep=1 t=239482 pid=25 type=S from=4 to=3 prio=1
EV rep=1 t=239495 pid=24 type=S from=3 to=4 prio=0
EV rep=1 t=239496 pid=24 type=S from=4 to=2 prio=0
EV rep=1 t=239509 pid=27 type=S from=3 to=4 prio=0
EV rep=1 t=240523 pid=27 type=S from=4 to=2 prio=0
EV rep=1 t=240535 pid=25 type=S from=3 to=4 prio=1
EV rep=1 t=249471 pid=24 type=S from=2 to=3 prio=0
EV rep=1 t=249471 pid=27 type=S from=2 to=3 prio=0
EV rep=1 t=249494 pid=25 type=S from=4 to=3 prio=1
EV rep=1 t=249506 pid=24 type=S from=3 to=4 prio=0
EV rep=1 t=249508 pid=24 type=S from=4 to=2 prio=0
EV rep=1 t=249520 pid=27 type=S from=3 to=4 prio=0
EV rep=1 t=250534 pid=27 type=S from=4 to=2 prio=0
EV rep=1 t=250547 pid=25 type=S from=3 to=4 prio=1
EV rep=1 t=259482 pid=24 type=S from=2 to=3 prio=0
EV rep=1 t=259483 pid=27 type=S from=2 to=3 prio=0
EV rep=1 t=259505 pid=25 type=S from=4 to=3 prio=1
EV rep=1 t=259518 pid=24 type=S from=3 to=4 prio=0
EV rep=1 t=259519 pid=24 type=S from=4 to=2 prio=0
EV rep=1 t=259532 pid=27 type=S from=3 to=4 prio=0
EV rep=1 t=260546 pid=27 type=S from=4 to=2 prio=0
EV rep=1 t=260558 pid=25 type=S from=3 to=4 prio=1
EV rep=1 t=269493 pid=24 type=S from=2 to=3 prio=0
EV rep=1 t=269494 pid=27 type=S from=2 to=3 prio=0
EV rep=1 t=269517 pid=25 type=S from=4 to=3 prio=1
EV rep=1 t=269529 pid=24 type=S from=3 to=4 prio=0
EV rep=1 t=269530 pid=24 type=S from=4 to=2 prio=0
EV rep=1 t=269543 pid=27 type=S from=3 to=4 prio=0
EV rep=1 t=270557 pid=27 type=S from=4 to=2 prio=0
EV rep=1 t=270570 pid=25 type=S from=3 to=4 prio=1
EV rep=1 t=279505 pid=24 type=S from=2 to=3 prio=0
EV rep=1 t=279506 pid=27 type=S from=2 to=3 prio=0
EV rep=1 t=279528 pid=25 type=S from=4 to=3 prio=1
EV rep=1 t=279541 pid=24 type=S from=3 to=4 prio=0
EV rep=1 t=279542 pid=24 type=S from=4 to=2 prio=0
EV rep=1 t=279554 pid=27 type=S from=3 to=4 prio=0
EV rep=1 t=280569 pid=27 type=S from=4 to=2 prio=0
EV rep=1 t=280581 pid=25 type=S from=3 to=4 prio=1
EV rep=1 t=289516 pid=24 type=S from=2 to=3 prio=0
EV rep=1 t=289517 pid=27 type=S from=2 to=3 prio=0
EV rep=1 t=289540 pid=25 type=S from=4 to=3 prio=1
EV rep=1 t=289552 pid=24 type=S from=3 to=4 prio=0
EV rep=1 t=289553 pid=24 type=S from=4 to=2 prio=0
EV rep=1 t=289566 pid=27 type=S from=3 to=4 prio=0
EV rep=1 t=290580 pid=27 type=S from=4 to=2 prio=0
EV rep=1 t=290593 pid=25 type=S from=3 to=4 prio=1
EV rep=1 t=299528 pid=24 type=S from=2 to=3 prio=0
EV rep=1 t=299529 pid=27 type=S from=2 to=3 prio=0
EV rep=1 t=299551 pid=25 type=S from=4 to=3 prio=1
EV rep=1 t=299564 pid=24 type=S from=3 to=4 prio=0
EV rep=1 t=299938 pid=28 type=S from=1 to=3 prio=0
EV rep=1 t=299942 pid=24 type=S from=4 to=2 prio=0
EV rep=1 t=299955 pid=27 type=S from=3 to=4 prio=0
EV rep=1 t=300969 pid=27 type=S from=4 to=2 prio=0
EV rep=1 t=300982 pid=28 type=S from=3 to=4 prio=0
EV rep=1 t=309540 pid=24 type=S from=2 to=3 prio=0
EV rep=1 t=309541 pid=27 type=S from=2 to=3 prio=0
EV rep=1 t=331015 pid=28 type=S from=4 to=5 prio=0
EV rep=1 t=331028 pid=24 type=S from=3 to=4 prio=0
EV rep=1 t=331029 pid=24 type=S from=4 to=2 prio=0
EV rep=1 t=331041 pid=27 type=S from=3 to=4 prio=0
EV rep=1 t=332056 pid=27 type=S from=4 to=2 prio=0
EV rep=1 t=332068 pid=25 type=S from=3 to=4 prio=1
EV rep=1 t=339573 pid=24 type=S from=2 to=3 prio=0
EV rep=1 t=339574 pid=27 type=S from=2 to=3 prio=0
EV rep=1 t=339596 pid=25 type=S from=4 to=3 prio=1
EV rep=1 t=339609 pid=24 type=S from=3 to=4 prio=0
EV rep=1 t=339610 pid=24 type=S from=4 to=2 prio=0
EV rep=1 t=339623 pid=27 type=S from=3 to=4 prio=0
EV rep=1 t=340637 pid=27 type=S from=4 to=2 prio=0
EV rep=1 t=340649 pid=25 type=S from=3 to=4 prio=1
EV rep=1 t=349585 pid=24 type=S from=2 to=3 prio=0
EV rep=1 t=349585 pid=27 type=S from=2 to=3 prio=0
EV rep=1 t=349608 pid=25 type=S from=4 to=3 prio=1
EV rep=1 t=349620 pid=24 type=S from=3 to=4 prio=0
EV rep=1 t=349622 pid=24 type=S from=4 to=2 prio=0
EV rep=1 t=349634 pid=27 type=S from=3 to=4 prio=0
EV rep=1 t=350648 pid=27 type=S from=4 to=2 prio=0
EV rep=1 t=350661 pid=25 type=S from=3 to=4 prio=1
EV rep=1 t=359596 pid=24 type=S from=2 to=3 prio=0
EV rep=1 t=359597 pid=27 type=S from=2 to=3 prio=0
EV rep=1 t=359619 pid=25 type=S from=4 to=3 prio=1
EV rep=1 t=359632 pid=24 type=S from=3 to=4 prio=0
EV rep=1 t=359633 pid=24 type=S from=4 to=2 prio=0
EV rep=1 t=359645 pid=27 type=S from=3 to=4 prio=0
EV rep=1 t=360660 pid=27 type=S from=4 to=2 prio=0
EV rep=1 t=360672 pid=25 type=S from=3 to=4 prio=1
EV rep=1 t=369608 pid=24 type=S from=2 to=3 prio=0
EV rep=1 t=369608 pid=27 type=S from=2 to=3 prio=0
EV rep=1 t=369619 pid=25 type=L from=1 to=2 prio=1
EV rep=1 t=369619 pid=25 type=S from=4 to=3 prio=2
EV rep=1 t=369632 pid=24 type=S from=3 to=4 prio=0
EV rep=1 t=369633 pid=24 type=S from=4 to=2 prio=0
EV rep=1 t=369645 pid=27 type=S from=3 to=4 prio=0
EV rep=1 t=370660 pid=27 type=S from=4 to=2 prio=0
EV rep=1 t=370672 pid=26 type=S from=3 to=4 prio=1
EV rep=1 t=379619 pid=24 type=S from=2 to=3 prio=0
EV rep=1 t=379620 pid=27 type=S from=2 to=3 prio=0
EV rep=1 t=379642 pid=26 type=S from=4 to=3 prio=1
EV rep=1 t=379655 pid=24 type=S from=3 to=4 prio=0
EV rep=1 t=379656 pid=24 type=S from=4 to=2 prio=0
EV rep=1 t=379668 pid=27 type=S from=3 to=4 prio=0
EV rep=1 t=380683 pid=27 type=S from=4 to=2 prio=0
EV rep=1 t=380695 pid=26 type=S from=3 to=4 prio=1
EV rep=1 t=389631 pid=24 type=S from=2 to=3 prio=0
EV rep=1 t=389631 pid=27 type=S from=2 to=3 prio=0
EV rep=1 t=389654 pid=26 type=S from=4 to=3 prio=1
EV rep=1 t=389666 pid=24 type=S from=3 to=4 prio=0
EV rep=1 t=389667 pid=24 type=S from=4 to=2 prio=0
EV rep=1 t=389680 pid=27 type=S from=3 to=4 prio=0
EV rep=1 t=390694 pid=27 type=S from=4 to=2 prio=0
EV rep=1 t=390707 pid=26 type=S from=3 to=4 prio=1
EV rep=1 t=399642 pid=24 type=S from=2 to=3 prio=0
EV rep=1 t=399643 pid=27 type=S from=2 to=3 prio=0
EV rep=1 t=399665 pid=26 type=S from=4 to=3 prio=1
EV rep=1 t=399677 pid=24 type=S from=3 to=4 prio=0
EV rep=1 t=399679 pid=24 type=S from=4 to=2 prio=0
EV rep=1 t=399691 pid=27 type=S from=3 to=4 prio=0
EV rep=1 t=400706 pid=27 type=S from=4 to=2 prio=0
EV rep=1 t=400718 pid=26 type=S from=3 to=4 prio=1
EV rep=1 t=409653 pid=24 type=S from=2 to=3 prio=0
EV rep=1 t=409654 pid=27 type=S from=2 to=3 prio=0
EV rep=1 t=409677 pid=26 type=S from=4 to=3 prio=1
EV rep=1 t=409689 pid=24 type=S from=3 to=4 prio=0
EV rep=1 t=409690 pid=24 type=S from=4 to=2 prio=0
EV rep=1 t=409703 pid=27 type=S from=3 to=4 prio=0
EV rep=1 t=410717 pid=27 type=S from=4 to=2 prio=0
EV rep=1 t=410730 pid=26 type=S from=3 to=4 prio=1
EV rep=1 t=419665 pid=24 type=S from=2 to=3 prio=0
EV rep=1 t=419666 pid=27 type=S from=2 to=3 prio=0
EV rep=1 t=419688 pid=26 type=S from=4 to=3 prio=1
EV rep=1 t=419700 pid=24 type=S from=3 to=4 prio=0
EV rep=1 t=419702 pid=24 type=S from=4 to=2 prio=0
EV rep=1 t=419714 pid=27 type=S from=3 to=4 prio=0
EV rep=1 t=420728 pid=27 type=S from=4 to=2 prio=0
EV rep=1 t=420741 pid=26 type=S from=3 to=4 prio=1
EV rep=1 t=429676 pid=24 type=S from=2 to=3 prio=0
EV rep=1 t=429677 pid=27 type=S from=2 to=3 prio=0
EV rep=1 t=429699 pid=26 type=S from=4 to=3 prio=1
EV rep=1 t=429712 pid=24 type=S from=3 to=4 prio=0
EV rep=1 t=429713 pid=24 type=S from=4 to=2 prio=0
EV rep=1 t=429726 pid=27 type=S from=3 to=4 prio=0
EV rep=1 t=430740 pid=27 type=S from=4 to=2 prio=0
EV rep=1 t=430752 pid=26 type=S from=3 to=4 prio=1
EV rep=1 t=439688 pid=24 type=S from=2 to=3 prio=0
EV rep=1 t=439688 pid=27 type=S from=2 to=3 prio=0
EV rep=1 t=439711 pid=26 type=S from=4 to=3 prio=1
EV rep=1 t=439723 pid=24 type=S from=3 to=4 prio=0
EV rep=1 t=439724 pid=24 type=S from=4 to=2 prio=0
EV rep=1 t=439737 pid=27 type=S from=3 to=4 prio=0
EV rep=1 t=440751 pid=27 type=S from=4 to=2 prio=0
EV rep=1 t=440764 pid=26 type=S from=3 to=4 prio=1
EV rep=1 t=449699 pid=24 type=S from=2 to=3 prio=0
EV rep=1 t=449700 pid=27 type=S from=2 to=3 prio=0
EV rep=1 t=449722 pid=26 type=S from=4 to=3 prio=1
EV rep=1 t=449735 pid=24 type=S from=3 to=4 prio=0
EV rep=1 t=449736 pid=24 type=S from=4 to=2 prio=0
EV rep=1 t=449748 pid=27 type=S from=3 to=4 prio=0
EV rep=1 t=450763 pid=27 type=S from=4 to=2 prio=0
EV rep=1 t=450775 pid=26 type=S from=3 to=4 prio=1
EV rep=1 t=459711 pid=24 type=S from=2 to=3 prio=0
EV rep=1 t=459711 pid=27 type=S from=2 to=3 prio=0
EV rep=1 t=459734 pid=26 type=S from=4 to=3 prio=1
EV rep=1 t=459746 pid=24 type=S from=3 to=4 prio=0
EV rep=1 t=459747 pid=24 type=S from=4 to=2 prio=0
EV rep=1 t=459760 pid=27 type=S from=3 to=4 prio=0
EV rep=1 t=460774 pid=27 type=S from=4 to=2 prio=0
EV rep=1 t=460787 pid=26 type=S from=3 to=4 prio=1
EV rep=1 t=469722 pid=24 type=S from=2 to=3 prio=0
EV rep=1 t=469723 pid=27 type=S from=2 to=3 prio=0
EV rep=1 t=469745 pid=26 type=S from=4 to=3 prio=1
EV rep=1 t=469757 pid=24 type=S from=3 to=4 prio=0
EV rep=1 t=469759 pid=24 type=S from=4 to=2 prio=0
EV rep=1 t=469771 pid=27 type=S from=3 to=4 prio=0
EV rep=1 t=470786 pid=27 type=S from=4 to=2 prio=0
EV rep=1 t=470798 pid=26 type=S from=3 to=4 prio=1
EV rep=1 t=479733 pid=24 type=S from=2 to=3 prio=0
EV rep=1 t=479734 pid=27 type=S from=2 to=3 prio=0
EV rep=1 t=479757 pid=26 type=S from=4 to=3 prio=1
EV rep=1 t=479769 pid=24 type=S from=3 to=4 prio=0
EV rep=1 t=479770 pid=24 type=S from=4 to=2 prio=0
EV rep=1 t=479783 pid=27 type=S from=3 to=4 prio=0
EV rep=1 t=480797 pid=27 type=S from=4 to=2 prio=0
EV rep=1 t=480810 pid=26 type=S from=3 to=4 prio=1
EV rep=1 t=489745 pid=24 type=S from=2 to=3 prio=0
EV rep=1 t=489746 pid=27 type=S from=2 to=3 prio=0
EV rep=1 t=489768 pid=26 type=S from=4 to=3 prio=1
EV rep=1 t=489781 pid=24 type=S from=3 to=4 prio=0
EV rep=1 t=489782 pid=24 type=S from=4 to=2 prio=0
EV rep=1 t=489795 pid=27 type=S from=3 to=4 prio=0
EV rep=1 t=490809 pid=27 type=S from=4 to=2 prio=0
EV rep=1 t=490822 pid=26 type=S from=3 to=4 prio=1
EV rep=1 t=499757 pid=24 type=S from=2 to=3 prio=0
EV rep=1 t=499758 pid=27 type=S from=2 to=3 prio=0
EV rep=1 t=499780 pid=26 type=S from=4 to=3 prio=1
EV rep=1 t=499792 pid=24 type=S from=3 to=4 prio=0
EV rep=1 t=499794 pid=24 type=S from=4 to=2 prio=0
EV rep=1 t=499806 pid=27 type=S from=3 to=4 prio=0
EV rep=1 t=500821 pid=27 type=S from=4 to=2 prio=0
EV rep=1 t=500833 pid=26 type=S from=3 to=4 prio=1
EV rep=1 t=509768 pid=24 type=S from=2 to=3 prio=0
EV rep=1 t=509769 pid=27 type=S from=2 to=3 prio=0
EV rep=1 t=509791 pid=26 type=S from=4 to=3 prio=1
EV rep=1 t=509804 pid=24 type=S from=3 to=4 prio=0
EV rep=1 t=509805 pid=24 type=S from=4 to=2 prio=0
EV rep=1 t=509818 pid=27 type=S from=3 to=4 prio=0
EV rep=1 t=510832 pid=27 type=S from=4 to=2 prio=0
EV rep=1 t=510845 pid=26 type=S from=3 to=4 prio=1
EV rep=1 t=519780 pid=24 type=S from=2 to=3 prio=0
EV rep=1 t=519781 pid=27 type=S from=2 to=3 prio=0
EV rep=1 t=519803 pid=26 type=S from=4 to=3 prio=1
EV rep=1 t=519815 pid=24 type=S from=3 to=4 prio=0
EV rep=1 t=519817 pid=24 type=S from=4 to=2 prio=0
EV rep=1 t=519829 pid=27 type=S from=3 to=4 prio=0
EV rep=1 t=520844 pid=27 type=S from=4 to=2 prio=0
EV rep=1 t=520856 pid=26 type=S from=3 to=4 prio=1
EV rep=1 t=529791 pid=24 type=S from=2 to=3 prio=0
EV rep=1 t=529792 pid=27 type=S from=2 to=3 prio=0
EV rep=1 t=529814 pid=26 type=S from=4 to=3 prio=1
EV rep=1 t=529827 pid=24 type=S from=3 to=4 prio=0
EV rep=1 t=529828 pid=24 type=S from=4 to=2 prio=0
EV rep=1 t=529841 pid=27 type=S from=3 to=4 prio=0
EV rep=1 t=530855 pid=27 type=S from=4 to=2 prio=0
EV rep=1 t=530868 pid=26 type=S from=3 to=4 prio=1
EV rep=1 t=539803 pid=24 type=S from=2 to=3 prio=0
EV rep=1 t=539804 pid=27 type=S from=2 to=3 prio=0
EV rep=1 t=539826 pid=26 type=S from=4 to=3 prio=1
EV rep=1 t=539838 pid=24 type=S from=3 to=4 prio=0
EV rep=1 t=539840 pid=24 type=S from=4 to=2 prio=0
EV rep=1 t=539852 pid=27 type=S from=3 to=4 prio=0
EV rep=1 t=540867 pid=27 type=S from=4 to=2 prio=0
EV rep=1 t=540879 pid=26 type=S from=3 to=4 prio=1
EV rep=1 t=549814 pid=24 type=S from=2 to=3 prio=0
EV rep=1 t=549815 pid=27 type=S from=2 to=3 prio=0
EV rep=1 t=549825 pid=26 type=L from=1 to=2 prio=1
EV rep=1 t=549826 pid=26 type=S from=4 to=3 prio=2
EV rep=1 t=549838 pid=24 type=S from=3 to=4 prio=0
EV rep=1 t=549840 pid=24 type=S from=4 to=2 prio=0
EV rep=1 t=549852 pid=27 type=S from=3 to=4 prio=0
EV rep=1 t=550867 pid=27 type=S from=4 to=2 prio=0
EV rep=1 t=550879 pid=25 type=S from=3 to=4 prio=2
EV rep=1 t=559826 pid=24 type=S from=2 to=3 prio=0
EV rep=1 t=559827 pid=27 type=S from=2 to=3 prio=0
EV rep=1 t=559849 pid=25 type=S from=4 to=3 prio=2
EV rep=1 t=559861 pid=24 type=S from=3 to=4 prio=0
EV rep=1 t=559863 pid=24 type=S from=4 to=2 prio=0
EV rep=1 t=559875 pid=27 type=S from=3 to=4 prio=0
EV rep=1 t=560890 pid=27 type=S from=4 to=2 prio=0
EV rep=1 t=560902 pid=25 type=S from=3 to=4 prio=2
EV rep=1 t=569837 pid=24 type=S from=2 to=3 prio=0
EV rep=1 t=569838 pid=27 type=S from=2 to=3 prio=0
EV rep=1 t=569860 pid=25 type=S from=4 to=3 prio=2
EV rep=1 t=569873 pid=24 type=S from=3 to=4 prio=0
EV rep=1 t=569874 pid=24 type=S from=4 to=2 prio=0
EV rep=1 t=569887 pid=27 type=S from=3 to=4 prio=0
EV rep=1 t=570901 pid=27 type=S from=4 to=2 prio=0
EV rep=1 t=570913 pid=25 type=S from=3 to=4 prio=2
EV rep=1 t=579849 pid=24 type=S from=2 to=3 prio=0
EV rep=1 t=579850 pid=27 type=S from=2 to=3 prio=0
EV rep=1 t=579872 pid=25 type=S from=4 to=3 prio=2
EV rep=1 t=579884 pid=24 type=S from=3 to=4 prio=0
EV rep=1 t=579886 pid=24 type=S from=4 to=2 prio=0
EV rep=1 t=579898 pid=27 type=S from=3 to=4 prio=0
EV rep=1 t=580913 pid=27 type=S from=4 to=2 prio=0
EV rep=1 t=580925 pid=25 type=S from=3 to=4 prio=2
EV rep=1 t=589860 pid=24 type=S from=2 to=3 prio=0
EV rep=1 t=589861 pid=27 type=S from=2 to=3 prio=0
EV rep=1 t=589883 pid=25 type=S from=4 to=3 prio=2
EV rep=1 t=589896 pid=24 type=S from=3 to=4 prio=0
EV rep=1 t=589897 pid=24 type=S from=4 to=2 prio=0
EV rep=1 t=589910 pid=27 type=S from=3 to=4 prio=0
EV rep=1 t=590924 pid=27 type=S from=4 to=2 prio=0
EV rep=1 t=590936 pid=25 type=S from=3 to=4 prio=2
EV rep=1 t=599872 pid=24 type=S from=2 to=3 prio=0
EV rep=1 t=599872 pid=27 type=S from=2 to=3 prio=0
EV rep=1 t=599895 pid=25 type=S from=4 to=3 prio=2
EV rep=1 t=599907 pid=24 type=S from=3 to=4 prio=0
EV rep=1 t=599909 pid=24 type=S from=4 to=2 prio=0
EV rep=1 t=599921 pid=27 type=S from=3 to=4 prio=0
EV rep=1 t=600935 pid=27 type=S from=4 to=2 prio=0
EV rep=1 t=600948 pid=25 type=S from=3 to=4 prio=2
EV rep=1 t=609883 pid=24 type=S from=2 to=3 prio=0
EV rep=1 t=609884 pid=27 type=S from=2 to=3 prio=0
EV rep=1 t=609906 pid=25 type=S from=4 to=3 prio=2
EV rep=1 t=609919 pid=24 type=S from=3 to=4 prio=0
EV rep=1 t=609920 pid=24 type=S from=4 to=2 prio=0
EV rep=1 t=609933 pid=27 type=S from=3 to=4 prio=0
EV rep=1 t=610947 pid=27 type=S from=4 to=2 prio=0
EV rep=1 t=610959 pid=25 type=S from=3 to=4 prio=2
EV rep=1 t=619895 pid=24 type=S from=2 to=3 prio=0
EV rep=1 t=619895 pid=27 type=S from=2 to=3 prio=0
EV rep=1 t=619918 pid=25 type=S from=4 to=3 prio=2
EV rep=1 t=619930 pid=24 type=S from=3 to=4 prio=0
EV rep=1 t=619932 pid=24 type=S from=4 to=2 prio=0
EV rep=1 t=619944 pid=27 type=S from=3 to=4 prio=0
EV rep=1 t=620958 pid=27 type=S from=4 to=2 prio=0
EV rep=1 t=620971 pid=25 type=S from=3 to=4 prio=2
EV rep=1 t=629906 pid=24 type=S from=2 to=3 prio=0
EV rep=1 t=629907 pid=27 type=S from=2 to=3 prio=0
EV rep=1 t=629929 pid=25 type=S from=4 to=3 prio=2
EV rep=1 t=629941 pid=24 type=S from=3 to=4 prio=0
EV rep=1 t=629943 pid=24 type=S from=4 to=2 prio=0
EV rep=1 t=629955 pid=27 type=S from=3 to=4 prio=0
EV rep=1 t=630970 pid=27 type=S from=4 to=2 prio=0
EV rep=1 t=630982 pid=25 type=S from=3 to=4 prio=2
EV rep=1 t=639917 pid=24 type=S from=2 to=3 prio=0
EV rep=1 t=639918 pid=27 type=S from=2 to=3 prio=0
EV rep=1 t=639940 pid=25 type=S from=4 to=3 prio=2
EV rep=1 t=639953 pid=24 type=S from=3 to=4 prio=0
EV rep=1 t=639954 pid=24 type=S from=4 to=2 prio=0
EV rep=1 t=639967 pid=27 type=S from=3 to=4 prio=0
EV rep=1 t=640981 pid=27 type=S from=4 to=2 prio=0
EV rep=1 t=640993 pid=25 type=S from=3 to=4 prio=2
EV rep=1 t=649929 pid=24 type=S from=2 to=3 prio=0
EV rep=1 t=649930 pid=27 type=S from=2 to=3 prio=0
EV rep=1 t=649952 pid=25 type=S from=4 to=3 prio=2
EV rep=1 t=649964 pid=24 type=S from=3 to=4 prio=0
EV rep=1 t=649966 pid=24 type=S from=4 to=2 prio=0
EV rep=1 t=649978 pid=27 type=S from=3 to=4 prio=0
EV rep=1 t=650992 pid=27 type=S from=4 to=2 prio=0
EV rep=1 t=651005 pid=25 type=S from=3 to=4 prio=2
EV rep=1 t=659940 pid=24 type=S from=2 to=3 prio=0
EV rep=1 t=659941 pid=27 type=S from=2 to=3 prio=0
EV rep=1 t=659964 pid=25 type=S from=4 to=3 prio=2
EV rep=1 t=659976 pid=24 type=S from=3 to=4 prio=0
EV rep=1 t=659977 pid=24 type=S from=4 to=2 prio=0
EV rep=1 t=659990 pid=27 type=S from=3 to=4 prio=0
EV rep=1 t=661004 pid=27 type=S from=4 to=2 prio=0
EV rep=1 t=661017 pid=25 type=S from=3 to=4 prio=2
EV rep=1 t=669952 pid=24 type=S from=2 to=3 prio=0
EV rep=1 t=669953 pid=27 type=S from=2 to=3 prio=0
EV rep=1 t=669975 pid=25 type=S from=4 to=3 prio=2
EV rep=1 t=669988 pid=24 type=S from=3 to=4 prio=0
EV rep=1 t=669989 pid=24 type=S from=4 to=2 prio=0
EV rep=1 t=670002 pid=27 type=S from=3 to=4 prio=0
EV rep=1 t=671016 pid=27 type=S from=4 to=2 prio=0
EV rep=1 t=671028 pid=25 type=S from=3 to=4 prio=2
EV rep=1 t=679964 pid=24 type=S from=2 to=3 prio=0
EV rep=1 t=679965 pid=27 type=S from=2 to=3 prio=0
EV rep=1 t=679987 pid=25 type=S from=4 to=3 prio=2
EV rep=1 t=680000 pid=24 type=S from=3 to=4 prio=0
EV rep=1 t=680001 pid=24 type=S from=4 to=2 prio=0
EV rep=1 t=680013 pid=27 type=S from=3 to=4 prio=0
EV rep=1 t=681028 pid=27 type=S from=4 to=2 prio=0
EV rep=1 t=681040 pid=25 type=S from=3 to=4 prio=2
EV rep=1 t=689976 pid=24 type=S from=2 to=3 prio=0
EV rep=1 t=689977 pid=27 type=S from=2 to=3 prio=0
EV rep=1 t=689999 pid=25 type=S from=4 to=3 prio=2
EV rep=1 t=690011 pid=24 type=S from=3 to=4 prio=0
EV rep=1 t=690013 pid=24 type=S from=4 to=2 prio=0
EV rep=1 t=690025 pid=27 type=S from=3 to=4 prio=0
EV rep=1 t=691040 pid=27 type=S from=4 to=2 prio=0
EV rep=1 t=691052 pid=25 type=S from=3 to=4 prio=2
EV rep=1 t=699988 pid=24 type=S from=2 to=3 prio=0
EV rep=1 t=699988 pid=27 type=S from=2 to=3 prio=0
EV rep=1 t=700011 pid=25 type=S from=4 to=3 prio=2
EV rep=1 t=700023 pid=24 type=S from=3 to=4 prio=0
EV rep=1 t=700397 pid=29 type=S from=1 to=3 prio=0
EV rep=1 t=700586 pid=24 type=S from=4 to=2 prio=0
EV rep=1 t=700599 pid=27 type=S from=3 to=4 prio=0
EV rep=1 t=701613 pid=27 type=S from=4 to=2 prio=0
EV rep=1 t=701626 pid=29 type=S from=3 to=4 prio=0
EV rep=1 t=710000 pid=27 type=S from=2 to=3 prio=0
EV rep=1 t=731648 pid=24 type=S from=2 to=3 prio=0
EV rep=1 t=731658 pid=29 type=S from=4 to=5 prio=0
EV rep=1 t=731671 pid=27 type=S from=3 to=4 prio=0
EV rep=1 t=732685 pid=27 type=S from=4 to=2 prio=0
EV rep=1 t=732698 pid=24 type=S from=3 to=4 prio=0
EV rep=1 t=732885 pid=24 type=S from=4 to=2 prio=0
EV rep=1 t=732898 pid=25 type=S from=3 to=4 prio=2
EV rep=1 t=740033 pid=27 type=S from=2 to=3 prio=0
EV rep=1 t=740055 pid=25 type=S from=4 to=3 prio=2
EV rep=1 t=740068 pid=27 type=S from=3 to=4 prio=0
EV rep=1 t=741082 pid=27 type=S from=4 to=2 prio=0
EV rep=1 t=741094 pid=25 type=S from=3 to=4 prio=2
EV rep=1 t=750044 pid=27 type=S from=2 to=3 prio=0
EV rep=1 t=750067 pid=25 type=S from=4 to=3 prio=2
EV rep=1 t=750079 pid=27 type=S from=3 to=4 prio=0
EV rep=1 t=751094 pid=27 type=S from=4 to=2 prio=0
EV rep=1 t=751106 pid=25 type=S from=3 to=4 prio=2
EV rep=1 t=760056 pid=27 type=S from=2 to=3 prio=0
EV rep=1 t=760078 pid=25 type=S from=4 to=3 prio=2
EV rep=1 t=760091 pid=27 type=S from=3 to=4 prio=0
EV rep=1 t=761105 pid=27 type=S from=4 to=2 prio=0
EV rep=1 t=761118 pid=25 type=S from=3 to=4 prio=2
EV rep=1 t=770068 pid=27 type=S from=2 to=3 prio=0
EV rep=1 t=770090 pid=25 type=S from=4 to=3 prio=2
EV rep=1 t=770102 pid=27 type=S from=3 to=4 prio=0
EV rep=1 t=771117 pid=27 type=S from=4 to=2 prio=0
EV rep=1 t=771129 pid=25 type=S from=3 to=4 prio=2
EV rep=1 t=780079 pid=27 type=S from=2 to=3 prio=0
EV rep=1 t=780101 pid=25 type=S from=4 to=3 prio=2
EV rep=1 t=780114 pid=27 type=S from=3 to=4 prio=0
EV rep=1 t=781128 pid=27 type=S from=4 to=2 prio=0
EV rep=1 t=781141 pid=25 type=S from=3 to=4 prio=2
EV rep=1 t=790091 pid=27 type=S from=2 to=3 prio=0
EV rep=1 t=790113 pid=25 type=S from=4 to=3 prio=2
EV rep=1 t=790125 pid=27 type=S from=3 to=4 prio=0
EV rep=1 t=791140 pid=27 type=S from=4 to=2 prio=0
EV rep=1 t=791152 pid=25 type=S from=3 to=4 prio=2
EV rep=1 t=800102 pid=27 type=S from=2 to=3 prio=0
EV rep=1 t=800125 pid=25 type=S from=4 to=3 prio=2
EV rep=1 t=800137 pid=27 type=S from=3 to=4 prio=0
EV rep=1 t=801151 pid=27 type=S from=4 to=2 prio=0
EV rep=1 t=801164 pid=25 type=S from=3 to=4 prio=2
EV rep=1 t=810114 pid=27 type=S from=2 to=3 prio=0
EV rep=1 t=810136 pid=25 type=S from=4 to=3 prio=2
EV rep=1 t=810149 pid=27 type=S from=3 to=4 prio=0
EV rep=1 t=811163 pid=27 type=S from=4 to=2 prio=0
EV rep=1 t=811175 pid=25 type=S from=3 to=4 prio=2
EV rep=1 t=820126 pid=27 type=S from=2 to=3 prio=0
EV rep=1 t=820148 pid=25 type=S from=4 to=3 prio=2
EV rep=1 t=820160 pid=27 type=S from=3 to=4 prio=0
EV rep=1 t=821175 pid=27 type=S from=4 to=2 prio=0
EV rep=1 t=821187 pid=25 type=S from=3 to=4 prio=2
EV rep=1 t=830137 pid=27 type=S from=2 to=3 prio=0
EV rep=1 t=830159 pid=25 type=S from=4 to=3 prio=2
EV rep=1 t=830172 pid=27 type=S from=3 to=4 prio=0
EV rep=1 t=831186 pid=27 type=S from=4 to=2 prio=0
EV rep=1 t=831199 pid=25 type=S from=3 to=4 prio=2
EV rep=1 t=840149 pid=27 type=S from=2 to=3 prio=0
EV rep=1 t=840171 pid=25 type=S from=4 to=3 prio=2
EV rep=1 t=840183 pid=27 type=S from=3 to=4 prio=0
EV rep=1 t=841198 pid=27 type=S from=4 to=2 prio=0
EV rep=1 t=841210 pid=25 type=S from=3 to=4 prio=2
EV rep=1 t=850160 pid=27 type=S from=2 to=3 prio=0
EV rep=1 t=850183 pid=25 type=S from=4 to=3 prio=2
EV rep=1 t=850195 pid=27 type=S from=3 to=4 prio=0
EV rep=1 t=851209 pid=27 type=S from=4 to=2 prio=0
EV rep=1 t=851222 pid=25 type=S from=3 to=4 prio=2
EV rep=1 t=860172 pid=27 type=S from=2 to=3 prio=0
EV rep=1 t=860194 pid=25 type=S from=4 to=3 prio=2
EV rep=1 t=860207 pid=27 type=S from=3 to=4 prio=0
EV rep=1 t=861221 pid=27 type=S from=4 to=2 prio=0
EV rep=1 t=861233 pid=25 type=S from=3 to=4 prio=2
EV rep=1 t=870183 pid=27 type=S from=2 to=3 prio=0
EV rep=1 t=870206 pid=25 type=S from=4 to=3 prio=2
EV rep=1 t=870218 pid=27 type=S from=3 to=4 prio=0
EV rep=1 t=871233 pid=27 type=S from=4 to=2 prio=0
EV rep=1 t=871245 pid=25 type=S from=3 to=4 prio=2
EV rep=1 t=880195 pid=27 type=S from=2 to=3 prio=0
EV rep=1 t=880217 pid=25 type=S from=4 to=3 prio=2
EV rep=1 t=880230 pid=27 type=S from=3 to=4 prio=0
EV rep=1 t=881244 pid=27 type=S from=4 to=2 prio=0
EV rep=1 t=881257 pid=25 type=S from=3 to=4 prio=2
EV rep=1 t=890207 pid=27 type=S from=2 to=3 prio=0
EV rep=1 t=890229 pid=25 type=S from=4 to=3 prio=2
EV rep=1 t=890241 pid=27 type=S from=3 to=4 prio=0
EV rep=1 t=891256 pid=27 type=S from=4 to=2 prio=0
EV rep=1 t=891268 pid=25 type=S from=3 to=4 prio=2
EV rep=1 t=900218 pid=27 type=S from=2 to=3 prio=0
EV rep=1 t=900240 pid=25 type=S from=4 to=3 prio=2
EV rep=1 t=900253 pid=27 type=S from=3 to=4 prio=0
EV rep=1 t=901267 pid=27 type=S from=4 to=2 prio=0
EV rep=1 t=901280 pid=25 type=S from=3 to=4 prio=2
EV rep=1 t=910230 pid=27 type=S from=2 to=3 prio=0
EV rep=1 t=910252 pid=25 type=S from=4 to=3 prio=2
EV rep=1 t=910264 pid=27 type=S from=3 to=4 prio=0
EV rep=1 t=911279 pid=27 type=S from=4 to=2 prio=0
EV rep=1 t=911291 pid=25 type=S from=3 to=4 prio=2
EV rep=1 t=920241 pid=27 type=S from=2 to=3 prio=0
EV rep=1 t=920264 pid=25 type=S from=4 to=3 prio=2
EV rep=1 t=920276 pid=27 type=S from=3 to=4 prio=0
EV rep=1 t=921290 pid=27 type=S from=4 to=2 prio=0
EV rep=1 t=921303 pid=25 type=S from=3 to=4 prio=2
EV rep=1 t=930253 pid=27 type=S from=2 to=3 prio=0
EV rep=1 t=930275 pid=25 type=S from=4 to=3 prio=2
EV rep=1 t=930288 pid=27 type=S from=3 to=4 prio=0
EV rep=1 t=931302 pid=27 type=S from=4 to=2 prio=0
EV rep=1 t=931314 pid=25 type=S from=3 to=4 prio=2
EV rep=1 t=940265 pid=27 type=S from=2 to=3 prio=0
EV rep=1 t=940275 pid=25 type=S from=4 to=3 prio=2
EV rep=1 t=940287 pid=27 type=S from=3 to=4 prio=0
EV rep=1 t=941302 pid=27 type=S from=4 to=2 prio=0
EV rep=1 t=941314 pid=26 type=S from=3 to=4 prio=2
EV rep=1 t=950276 pid=27 type=S from=2 to=3 prio=0
EV rep=1 t=950298 pid=26 type=S from=4 to=3 prio=2
EV rep=1 t=950310 pid=27 type=S from=3 to=4 prio=0
EV rep=1 t=951325 pid=27 type=S from=4 to=2 prio=0
EV rep=1 t=951337 pid=26 type=S from=3 to=4 prio=2
EV rep=1 t=960287 pid=27 type=S from=2 to=3 prio=0
EV rep=1 t=960309 pid=26 type=S from=4 to=3 prio=2
EV rep=1 t=960322 pid=27 type=S from=3 to=4 prio=0
EV rep=1 t=961336 pid=27 type=S from=4 to=2 prio=0
EV rep=1 t=961348 pid=26 type=S from=3 to=4 prio=2
EV rep=1 t=970298 pid=27 type=S from=2 to=3 prio=0
EV rep=1 t=970320 pid=26 type=S from=4 to=3 prio=2
EV rep=1 t=970333 pid=27 type=S from=3 to=4 prio=0
EV rep=1 t=971347 pid=27 type=S from=4 to=2 prio=0
EV rep=1 t=971359 pid=26 type=S from=3 to=4 prio=2
EV rep=1 t=980309 pid=27 type=S from=2 to=3 prio=0
EV rep=1 t=980331 pid=26 type=S from=4 to=3 prio=2
EV rep=1 t=980344 pid=27 type=S from=3 to=4 prio=0
EV rep=1 t=981358 pid=27 type=S from=4 to=2 prio=0
EV rep=1 t=981371 pid=26 type=S from=3 to=4 prio=2
EV rep=1 t=990320 pid=27 type=S from=2 to=3 prio=0
EV rep=1 t=990343 pid=26 type=S from=4 to=3 prio=2
EV rep=1 t=990355 pid=27 type=S from=3 to=4 prio=0
EV rep=1 t=991369 pid=27 type=S from=4 to=2 prio=0
EV rep=1 t=991382 pid=26 type=S from=3 to=4 prio=2
EV rep=1 t=1000331 pid=27 type=S from=2 to=3 prio=0
EV rep=1 t=1000354 pid=26 type=S from=4 to=3 prio=2
EV rep=1 t=1000366 pid=27 type=S from=3 to=4 prio=0
EV rep=1 t=1001381 pid=27 type=S from=4 to=2 prio=0
EV rep=1 t=1001393 pid=26 type=S from=3 to=4 prio=2
EV rep=1 t=1010343 pid=27 type=S from=2 to=3 prio=0
EV rep=1 t=1010365 pid=26 type=S from=4 to=3 prio=2
EV rep=1 t=1010377 pid=27 type=S from=3 to=4 prio=0
EV rep=1 t=1011392 pid=27 type=S from=4 to=2 prio=0
EV rep=1 t=1011404 pid=26 type=S from=3 to=4 prio=2
EV rep=1 t=1020354 pid=27 type=S from=2 to=3 prio=0
EV rep=1 t=1020376 pid=26 type=S from=4 to=3 prio=2
EV rep=1 t=1020388 pid=27 type=S from=3 to=4 prio=0
EV rep=1 t=1021403 pid=27 type=S from=4 to=2 prio=0
EV rep=1 t=1021415 pid=26 type=S from=3 to=4 prio=2
EV rep=1 t=1030365 pid=27 type=S from=2 to=3 prio=0
EV rep=1 t=1030387 pid=26 type=S from=4 to=3 prio=2
EV rep=1 t=1030400 pid=27 type=S from=3 to=4 prio=0
EV rep=1 t=1031414 pid=27 type=S from=4 to=2 prio=0
EV rep=1 t=1031426 pid=26 type=S from=3 to=4 prio=2
EV rep=1 t=1040376 pid=27 type=S from=2 to=3 prio=0
EV rep=1 t=1040398 pid=26 type=S from=4 to=3 prio=2
EV rep=1 t=1040410 pid=27 type=S from=3 to=4 prio=0
EV rep=1 t=1041425 pid=27 type=S from=4 to=2 prio=0
EV rep=1 t=1041437 pid=26 type=S from=3 to=4 prio=2
EV rep=1 t=1050387 pid=27 type=S from=2 to=3 prio=0
EV rep=1 t=1050409 pid=26 type=S from=4 to=3 prio=2
EV rep=1 t=1050422 pid=27 type=S from=3 to=4 prio=0
EV rep=1 t=1051436 pid=27 type=S from=4 to=2 prio=0
EV rep=1 t=1051449 pid=26 type=S from=3 to=4 prio=2
EV rep=1 t=1060398 pid=27 type=S from=2 to=3 prio=0
EV rep=1 t=1060420 pid=26 type=S from=4 to=3 prio=2
EV rep=1 t=1060433 pid=27 type=S from=3 to=4 prio=0
EV rep=1 t=1061447 pid=27 type=S from=4 to=2 prio=0
EV rep=1 t=1061460 pid=26 type=S from=3 to=4 prio=2
EV rep=1 t=1070409 pid=27 type=S from=2 to=3 prio=0
EV rep=1 t=1070432 pid=26 type=S from=4 to=3 prio=2
EV rep=1 t=1070444 pid=27 type=S from=3 to=4 prio=0
EV rep=1 t=1071458 pid=27 type=S from=4 to=2 prio=0
EV rep=1 t=1071471 pid=26 type=S from=3 to=4 prio=2
EV rep=1 t=1080420 pid=27 type=S from=2 to=3 prio=0
EV rep=1 t=1080443 pid=26 type=S from=4 to=3 prio=2
EV rep=1 t=1080455 pid=27 type=S from=3 to=4 prio=0
EV rep=1 t=1081470 pid=27 type=S from=4 to=2 prio=0
EV rep=1 t=1081482 pid=26 type=S from=3 to=4 prio=2
EV rep=1 t=1090432 pid=27 type=S from=2 to=3 prio=0
EV rep=1 t=1090454 pid=26 type=S from=4 to=3 prio=2
EV rep=1 t=1090466 pid=27 type=S from=3 to=4 prio=0
EV rep=1 t=1091481 pid=27 type=S from=4 to=2 prio=0
EV rep=1 t=1091493 pid=26 type=S from=3 to=4 prio=2
EV rep=1 t=1100443 pid=27 type=S from=2 to=3 prio=0
EV rep=1 t=1100465 pid=26 type=S from=4 to=3 prio=2
EV rep=1 t=1100478 pid=27 type=S from=3 to=4 prio=0
EV rep=1 t=1101492 pid=27 type=S from=4 to=2 prio=0
EV rep=1 t=1101504 pid=26 type=S from=3 to=4 prio=2
EV rep=1 t=1110454 pid=27 type=S from=2 to=3 prio=0
EV rep=1 t=1110477 pid=26 type=S from=4 to=3 prio=2
EV rep=1 t=1110489 pid=27 type=S from=3 to=4 prio=0
EV rep=1 t=1111503 pid=27 type=S from=4 to=2 prio=0
EV rep=1 t=1111516 pid=26 type=S from=3 to=4 prio=2
EV rep=1 t=1120466 pid=27 type=S from=2 to=3 prio=0
EV rep=1 t=1120488 pid=26 type=S from=4 to=3 prio=2
EV rep=1 t=1120500 pid=27 type=S from=3 to=4 prio=0
EV rep=1 t=1121515 pid=27 type=S from=4 to=2 prio=0
EV rep=1 t=1121527 pid=26 type=S from=3 to=4 prio=2
EV rep=1 t=1130477 pid=27 type=S from=2 to=3 prio=0
EV rep=1 t=1130499 pid=26 type=S from=4 to=3 prio=2
EV rep=1 t=1130511 pid=27 type=S from=3 to=4 prio=0
EV rep=1 t=1131526 pid=27 type=S from=4 to=2 prio=0
EV rep=1 t=1131538 pid=26 type=S from=3 to=4 prio=2
EV rep=1 t=1140488 pid=27 type=S from=2 to=3 prio=0
EV rep=1 t=1140510 pid=26 type=S from=4 to=3 prio=2
EV rep=1 t=1140523 pid=27 type=S from=3 to=4 prio=0
EV rep=1 t=1141537 pid=27 type=S from=4 to=2 prio=0
EV rep=1 t=1141549 pid=26 type=S from=3 to=4 prio=2
EV rep=1 t=1150499 pid=27 type=S from=2 to=3 prio=0
EV rep=1 t=1150521 pid=26 type=S from=4 to=3 prio=2
EV rep=1 t=1150534 pid=27 type=S from=3 to=4 prio=0
EV rep=1 t=1151548 pid=27 type=S from=4 to=2 prio=0
EV rep=1 t=1151561 pid=26 type=S from=3 to=4 prio=2
EV rep=1 t=1160510 pid=27 type=S from=2 to=3 prio=0
EV rep=1 t=1160533 pid=26 type=S from=4 to=3 prio=2
EV rep=1 t=1160545 pid=27 type=S from=3 to=4 prio=0
EV rep=1 t=1161559 pid=27 type=S from=4 to=2 prio=0
EV rep=1 t=1161572 pid=26 type=S from=3 to=4 prio=2
EV rep=1 t=1170522 pid=27 type=S from=2 to=3 prio=0
EV rep=1 t=1170544 pid=26 type=S from=4 to=3 prio=2
EV rep=1 t=1170556 pid=27 type=S from=3 to=4 prio=0
EV rep=1 t=1171571 pid=27 type=S from=4 to=2 prio=0
EV rep=1 t=1171583 pid=26 type=S from=3 to=4 prio=2
EV rep=1 t=1180533 pid=27 type=S from=2 to=3 prio=0
EV rep=1 t=1180555 pid=26 type=S from=4 to=3 prio=2
EV rep=1 t=1180568 pid=27 type=S from=3 to=4 prio=0
EV rep=1 t=1181582 pid=27 type=S from=4 to=2 prio=0
EV rep=1 t=1181595 pid=26 type=S from=3 to=4 prio=2
EV rep=1 t=1190544 pid=27 type=S from=2 to=3 prio=0
EV rep=1 t=1190567 pid=26 type=S from=4 to=3 prio=2
EV rep=1 t=1190579 pid=27 type=S from=3 to=4 prio=0
EV rep=1 t=1191593 pid=27 type=S from=4 to=2 prio=0
EV rep=1 t=1191606 pid=26 type=S from=3 to=4 prio=2
EV rep=1 t=1200555 pid=27 type=S from=2 to=3 prio=0
EV rep=1 t=1200578 pid=26 type=S from=4 to=3 prio=2
EV rep=1 t=1200590 pid=27 type=S from=3 to=4 prio=0
EV rep=1 t=1200605 pid=24 type=S from=2 to=3 prio=0
EV rep=1 t=1200615 pid=27 type=S from=4 to=5 prio=0
EV rep=1 t=1200628 pid=24 type=S from=3 to=4 prio=0
EV rep=1 t=1200815 pid=24 type=S from=4 to=2 prio=0
EV rep=1 t=1200827 pid=26 type=S from=3 to=4 prio=2
EV rep=1 t=1290663 pid=26 type=S from=4 to=3 prio=2
EV rep=1 t=1290676 pid=25 type=S from=3 to=4 prio=2
EV rep=1 t=1611011 pid=25 type=S from=4 to=3 prio=2
EV rep=1 t=1611023 pid=26 type=S from=3 to=4 prio=2
EV rep=1 t=1931360 pid=26 type=S from=4 to=3 prio=2
EV rep=1 t=1931372 pid=25 type=S from=3 to=4 prio=2
EV rep=1 t=2051742 pid=24 type=S from=2 to=3 prio=0
EV rep=1 t=2051752 pid=25 type=S from=4 to=5 prio=2
EV rep=1 t=2051765 pid=24 type=S from=3 to=4 prio=0
EV rep=1 t=2051951 pid=24 type=S from=4 to=2 prio=0
EV rep=1 t=2051964 pid=26 type=S from=3 to=4 prio=2
EV rep=1 t=2167213 pid=24 type=S from=2 to=3 prio=0
EV rep=1 t=2167223 pid=26 type=S from=4 to=5 prio=2
EV rep=1 t=2167236 pid=24 type=S from=3 to=4 prio=0
EV rep=1 t=2167604 pid=23 type=S from=2 to=3 prio=0
EV rep=1 t=2167615 pid=24 type=S from=4 to=2 prio=0
EV rep=1 t=2167627 pid=23 type=S from=3 to=4 prio=0
EV rep=1 t=2167667 pid=24 type=S from=2 to=3 prio=0
EV rep=1 t=2167802 pid=23 type=S from=4 to=2 prio=0
EV rep=1 t=2167815 pid=24 type=S from=3 to=4 prio=0
EV rep=1 t=2167917 pid=23 type=S from=2 to=3 prio=0
EV rep=1 t=2167963 pid=24 type=S from=4 to=5 prio=0
EV rep=1 t=2167975 pid=23 type=S from=3 to=4 prio=0
END exp=mixed rep=1
BEGIN exp=mixed rep=2 driver=30
JOB exp=mixed rep=2 name=short1 pid=34 arrive=299938 first=300982 end=331015 cpu=30033 wait=1044 sleep=0 response=1044 turnaround=31077 maxwait=1044 dispatch=1 expire=0 preempt=0 nsleep=0 demote=0 promote=0 prio=0 q0=30033 q1=0 q2=0
JOB exp=mixed rep=2 name=short2 pid=35 arrive=700398 first=701626 end=731659 cpu=30032 wait=1228 sleep=0 response=1228 turnaround=31261 maxwait=1228 dispatch=1 expire=0 preempt=0 nsleep=0 demote=0 promote=0 prio=0 q0=30032 q1=0 q2=0
JOB exp=mixed rep=2 name=io pid=33 arrive=750 first=159392 end=1200616 cpu=101465 wait=206828 sleep=891572 response=158642 turnaround=1199866 maxwait=158642 dispatch=101 expire=0 preempt=0 nsleep=100 demote=0 promote=0 prio=0 q0=101465 q1=0 q2=0
JOB exp=mixed rep=2 name=long1 pid=31 arrive=0 first=767 end=2051753 cpu=1000041 wait=1051710 sleep=0 response=767 turnaround=2051753 maxwait=350400 dispatch=57 expire=4 preempt=52 nsleep=0 demote=2 promote=0 prio=2 q0=78525 q1=159820 q2=761695
JOB exp=mixed rep=2 name=long2 pid=32 arrive=375 first=79305 end=2167224 cpu=1000038 wait=1166810 sleep=0 response=78930 turnaround=2166849 maxwait=391488 dispatch=48 expire=4 preempt=43 nsleep=0 demote=2 promote=0 prio=2 q0=80073 q1=161251 q2=758714
END exp=mixed rep=2
BEGIN exp=mixed rep=3 driver=36
JOB exp=mixed rep=3 name=short1 pid=40 arrive=299938 first=300982 end=331016 cpu=30033 wait=1044 sleep=0 response=1044 turnaround=31078 maxwait=1044 dispatch=1 expire=0 preempt=0 nsleep=0 demote=0 promote=0 prio=0 q0=30033 q1=0 q2=0
JOB exp=mixed rep=3 name=short2 pid=41 arrive=700397 first=701625 end=731658 cpu=30032 wait=1228 sleep=0 response=1228 turnaround=31261 maxwait=1228 dispatch=1 expire=0 preempt=0 nsleep=0 demote=0 promote=0 prio=0 q0=30032 q1=0 q2=0
JOB exp=mixed rep=3 name=io pid=39 arrive=750 first=159392 end=1200615 cpu=101465 wait=206828 sleep=891571 response=158642 turnaround=1199865 maxwait=158641 dispatch=101 expire=0 preempt=0 nsleep=100 demote=0 promote=0 prio=0 q0=101465 q1=0 q2=0
JOB exp=mixed rep=3 name=long1 pid=37 arrive=0 first=767 end=2051752 cpu=1000040 wait=1051710 sleep=0 response=767 turnaround=2051752 maxwait=350401 dispatch=57 expire=4 preempt=52 nsleep=0 demote=2 promote=0 prio=2 q0=78525 q1=159820 q2=761694
JOB exp=mixed rep=3 name=long2 pid=38 arrive=375 first=79305 end=2167223 cpu=1000038 wait=1166809 sleep=0 response=78930 turnaround=2166848 maxwait=391487 dispatch=48 expire=4 preempt=43 nsleep=0 demote=2 promote=0 prio=2 q0=80073 q1=161250 q2=758714
END exp=mixed rep=3
